Component: ARM Compiler 5.05 update 2 (build 169) Tool: armlink [4d0f33]

==============================================================================

Section Cross References

    hwctrl.o(i.HwCtrl_Init) refers to led_task.o(i.LedTaskHwInit) for LedTaskHwInit
    hwctrl.o(i.HwCtrl_Init) refers to radio.o(i.RadioTaskHwInit) for RadioTaskHwInit
    hwctrl.o(i.SystemClock_Config) refers to stm32f4xx_hal_rcc.o(i.HAL_RCC_OscConfig) for HAL_RCC_OscConfig
    hwctrl.o(i.SystemClock_Config) refers to stm32f4xx_hal_rcc.o(i.HAL_RCC_ClockConfig) for HAL_RCC_ClockConfig
    led_task.o(i.LedBlinkTask) refers to stm32f4xx_hal_gpio.o(i.HAL_GPIO_WritePin) for HAL_GPIO_WritePin
    led_task.o(i.LedBlinkTask) refers to cmsis_os.o(i.osDelay) for osDelay
    led_task.o(i.LedTaskHwInit) refers to stm32f4xx_hal_gpio.o(i.HAL_GPIO_Init) for HAL_GPIO_Init
    led_task.o(i.LedTaskHwInit) refers to stm32f4xx_hal_gpio.o(i.HAL_GPIO_WritePin) for HAL_GPIO_WritePin
    main.o(i.main) refers to hwctrl.o(i.SystemClock_Config) for SystemClock_Config
    main.o(i.main) refers to hwctrl.o(i.HwCtrl_Init) for HwCtrl_Init
    main.o(i.main) refers to stm32f4xx_hal.o(i.HAL_Init) for HAL_Init
    main.o(i.main) refers to radio.o(i.RadioTaskOSInit) for RadioTaskOSInit
    main.o(i.main) refers to main.o(i.makeFreeRtosPriority) for makeFreeRtosPriority
    main.o(i.main) refers to tasks.o(i.xTaskGenericCreate) for xTaskGenericCreate
    main.o(i.main) refers to tasks.o(i.vTaskStartScheduler) for vTaskStartScheduler
    main.o(i.main) refers to radio.o(i.RadioTask) for RadioTask
    main.o(i.main) refers to led_task.o(i.LedBlinkTask) for LedBlinkTask
    main.o(i.vApplicationStackOverflowHook) refers to stm32f4xx_hal_gpio.o(i.HAL_GPIO_WritePin) for HAL_GPIO_WritePin
    radio.o(i.ParseSensorMessage) refers to sensor_conversions.o(i.SMS_To_Float) for SMS_To_Float
    radio.o(i.ParseSensorMessage) refers to sensor_conversions.o(i.HTU21D_Humid_To_Float) for HTU21D_Humid_To_Float
    radio.o(i.ParseSensorMessage) refers to sensor_conversions.o(i.TMP102_To_Float) for TMP102_To_Float
    radio.o(i.ParseSensorMessage) refers to sensor_conversions.o(i.HTU21D_Temp_To_Float) for HTU21D_Temp_To_Float
    radio.o(i.ParseSensorMessage) refers to rt_memcpy_w.o(.text) for __aeabi_memcpy4
    radio.o(i.RadioTask) refers to cmsis_os.o(i.osDelay) for osDelay
    radio.o(i.RadioTask) refers to si446x_api_lib.o(i.si446x_reset) for si446x_reset
    radio.o(i.RadioTask) refers to port.o(i.vPortEnterCritical) for vPortEnterCritical
    radio.o(i.RadioTask) refers to si446x_api_lib.o(i.si446x_configuration_init) for si446x_configuration_init
    radio.o(i.RadioTask) refers to port.o(i.vPortExitCritical) for vPortExitCritical
    radio.o(i.RadioTask) refers to si446x_api_lib.o(i.si446x_get_int_status) for si446x_get_int_status
    radio.o(i.RadioTask) refers to si446x_api_lib.o(i.si446x_start_rx) for si446x_start_rx
    radio.o(i.RadioTask) refers to stm32f4xx_hal_cortex.o(i.HAL_NVIC_SetPriority) for HAL_NVIC_SetPriority
    radio.o(i.RadioTask) refers to stm32f4xx_hal_cortex.o(i.HAL_NVIC_EnableIRQ) for HAL_NVIC_EnableIRQ
    radio.o(i.RadioTask) refers to cmsis_os.o(i.osMessageGet) for osMessageGet
    radio.o(i.RadioTask) refers to radio.o(i.RadioTaskHandleIRQ) for RadioTaskHandleIRQ
    radio.o(i.RadioTask) refers to si446x_api_lib.o(i.si446x_change_state) for si446x_change_state
    radio.o(i.RadioTask) refers to si446x_api_lib.o(i.si446x_fifo_info) for si446x_fifo_info
    radio.o(i.RadioTask) refers to si446x_api_lib.o(i.si446x_write_tx_fifo) for si446x_write_tx_fifo
    radio.o(i.RadioTask) refers to si446x_api_lib.o(i.si446x_start_tx) for si446x_start_tx
    radio.o(i.RadioTask) refers to heap_4.o(i.vPortFree) for vPortFree
    radio.o(i.RadioTask) refers to radio.o(.data) for .data
    radio.o(i.RadioTaskHandleIRQ) refers to si446x_api_lib.o(i.si446x_get_int_status) for si446x_get_int_status
    radio.o(i.RadioTaskHandleIRQ) refers to si446x_api_lib.o(i.si446x_read_rx_fifo) for si446x_read_rx_fifo
    radio.o(i.RadioTaskHandleIRQ) refers to radio.o(i.ParseSensorMessage) for ParseSensorMessage
    radio.o(i.RadioTaskHandleIRQ) refers to rt_memcpy_w.o(.text) for __aeabi_memcpy4
    radio.o(i.RadioTaskHandleIRQ) refers to stm32f4xx_hal_gpio.o(i.HAL_GPIO_WritePin) for HAL_GPIO_WritePin
    radio.o(i.RadioTaskHandleIRQ) refers to cmsis_os.o(i.osDelay) for osDelay
    radio.o(i.RadioTaskHandleIRQ) refers to si446x_api_lib.o(.bss) for Si446xCmd
    radio.o(i.RadioTaskHandleIRQ) refers to radio.o(.data) for .data
    radio.o(i.RadioTaskHandleIRQ) refers to radio.o(.bss) for .bss
    radio.o(i.RadioTaskHwInit) refers to stm32f4xx_hal_gpio.o(i.HAL_GPIO_Init) for HAL_GPIO_Init
    radio.o(i.RadioTaskHwInit) refers to stm32f4xx_hal_gpio.o(i.HAL_GPIO_WritePin) for HAL_GPIO_WritePin
    radio.o(i.RadioTaskOSInit) refers to cmsis_os.o(i.osMessageCreate) for osMessageCreate
    radio.o(i.RadioTaskOSInit) refers to main.o(i.assert_failed) for assert_failed
[...]
    support\\STM32F4xx_HAL_Driver\\Src\\stm32f4xx_hal_fmpi2c.c 0x00000000   Number         0  stm32f4xx_hal_fmpi2c.o ABSOLUTE
    support\\STM32F4xx_HAL_Driver\\Src\\stm32f4xx_hal_fmpi2c_ex.c 0x00000000   Number         0  stm32f4xx_hal_fmpi2c_ex.o ABSOLUTE
    support\\STM32F4xx_HAL_Driver\\Src\\stm32f4xx_hal_gpio.c 0x00000000   Number         0  stm32f4xx_hal_gpio.o ABSOLUTE
    support\\STM32F4xx_HAL_Driver\\Src\\stm32f4xx_hal_hash.c 0x00000000   Number         0  stm32f4xx_hal_hash.o ABSOLUTE
    support\\STM32F4xx_HAL_Driver\\Src\\stm32f4xx_hal_hash_ex.c 0x00000000   Number         0  stm32f4xx_hal_hash_ex.o ABSOLUTE
    support\\STM32F4xx_HAL_Driver\\Src\\stm32f4xx_hal_hcd.c 0x00000000   Number         0  stm32f4xx_hal_hcd.o ABSOLUTE
    support\\STM32F4xx_HAL_Driver\\Src\\stm32f4xx_hal_i2c.c 0x00000000   Number         0  stm32f4xx_hal_i2c.o ABSOLUTE
    support\\STM32F4xx_HAL_Driver\\Src\\stm32f4xx_hal_i2c_ex.c 0x00000000   Number         0  stm32f4xx_hal_i2c_ex.o ABSOLUTE
    support\\STM32F4xx_HAL_Driver\\Src\\stm32f4xx_hal_i2s.c 0x00000000   Number         0  stm32f4xx_hal_i2s.o ABSOLUTE
    support\\STM32F4xx_HAL_Driver\\Src\\stm32f4xx_hal_i2s_ex.c 0x00000000   Number         0  stm32f4xx_hal_i2s_ex.o ABSOLUTE
    support\\STM32F4xx_HAL_Driver\\Src\\stm32f4xx_hal_irda.c 0x00000000   Number         0  stm32f4xx_hal_irda.o ABSOLUTE
    support\\STM32F4xx_HAL_Driver\\Src\\stm32f4xx_hal_iwdg.c 0x00000000   Number         0  stm32f4xx_hal_iwdg.o ABSOLUTE
    support\\STM32F4xx_HAL_Driver\\Src\\stm32f4xx_hal_ltdc.c 0x00000000   Number         0  stm32f4xx_hal_ltdc.o ABSOLUTE
    support\\STM32F4xx_HAL_Driver\\Src\\stm32f4xx_hal_msp_template.c 0x00000000   Number         0  stm32f4xx_hal_msp_template.o ABSOLUTE
    support\\STM32F4xx_HAL_Driver\\Src\\stm32f4xx_hal_nand.c 0x00000000   Number         0  stm32f4xx_hal_nand.o ABSOLUTE
    support\\STM32F4xx_HAL_Driver\\Src\\stm32f4xx_hal_nor.c 0x00000000   Number         0  stm32f4xx_hal_nor.o ABSOLUTE
    support\\STM32F4xx_HAL_Driver\\Src\\stm32f4xx_hal_pccard.c 0x00000000   Number         0  stm32f4xx_hal_pccard.o ABSOLUTE
    support\\STM32F4xx_HAL_Driver\\Src\\stm32f4xx_hal_pcd.c 0x00000000   Number         0  stm32f4xx_hal_pcd.o ABSOLUTE
    support\\STM32F4xx_HAL_Driver\\Src\\stm32f4xx_hal_pcd_ex.c 0x00000000   Number         0  stm32f4xx_hal_pcd_ex.o ABSOLUTE
    support\\STM32F4xx_HAL_Driver\\Src\\stm32f4xx_hal_pwr.c 0x00000000   Number         0  stm32f4xx_hal_pwr.o ABSOLUTE
    support\\STM32F4xx_HAL_Driver\\Src\\stm32f4xx_hal_pwr_ex.c 0x00000000   Number         0  stm32f4xx_hal_pwr_ex.o ABSOLUTE
    support\\STM32F4xx_HAL_Driver\\Src\\stm32f4xx_hal_qspi.c 0x00000000   Number         0  stm32f4xx_hal_qspi.o ABSOLUTE
    support\\STM32F4xx_HAL_Driver\\Src\\stm32f4xx_hal_rcc.c 0x00000000   Number         0  stm32f4xx_hal_rcc.o ABSOLUTE
    support\\STM32F4xx_HAL_Driver\\Src\\stm32f4xx_hal_rcc_ex.c 0x00000000   Number         0  stm32f4xx_hal_rcc_ex.o ABSOLUTE
    support\\STM32F4xx_HAL_Driver\\Src\\stm32f4xx_hal_rng.c 0x00000000   Number         0  stm32f4xx_hal_rng.o ABSOLUTE
    support\\STM32F4xx_HAL_Driver\\Src\\stm32f4xx_hal_rtc.c 0x00000000   Number         0  stm32f4xx_hal_rtc.o ABSOLUTE
    support\\STM32F4xx_HAL_Driver\\Src\\stm32f4xx_hal_rtc_ex.c 0x00000000   Number         0  stm32f4xx_hal_rtc_ex.o ABSOLUTE
    support\\STM32F4xx_HAL_Driver\\Src\\stm32f4xx_hal_sai.c 0x00000000   Number         0  stm32f4xx_hal_sai.o ABSOLUTE
    support\\STM32F4xx_HAL_Driver\\Src\\stm32f4xx_hal_sai_ex.c 0x00000000   Number         0  stm32f4xx_hal_sai_ex.o ABSOLUTE
    support\\STM32F4xx_HAL_Driver\\Src\\stm32f4xx_hal_sd.c 0x00000000   Number         0  stm32f4xx_hal_sd.o ABSOLUTE
    support\\STM32F4xx_HAL_Driver\\Src\\stm32f4xx_hal_sdram.c 0x00000000   Number         0  stm32f4xx_hal_sdram.o ABSOLUTE
    support\\STM32F4xx_HAL_Driver\\Src\\stm32f4xx_hal_smartcard.c 0x00000000   Number         0  stm32f4xx_hal_smartcard.o ABSOLUTE
    support\\STM32F4xx_HAL_Driver\\Src\\stm32f4xx_hal_spdifrx.c 0x00000000   Number         0  stm32f4xx_hal_spdifrx.o ABSOLUTE
    support\\STM32F4xx_HAL_Driver\\Src\\stm32f4xx_hal_spi.c 0x00000000   Number         0  stm32f4xx_hal_spi.o ABSOLUTE
    support\\STM32F4xx_HAL_Driver\\Src\\stm32f4xx_hal_sram.c 0x00000000   Number         0  stm32f4xx_hal_sram.o ABSOLUTE
    support\\STM32F4xx_HAL_Driver\\Src\\stm32f4xx_hal_tim.c 0x00000000   Number         0  stm32f4xx_hal_tim.o ABSOLUTE
    support\\STM32F4xx_HAL_Driver\\Src\\stm32f4xx_hal_tim_ex.c 0x00000000   Number         0  stm32f4xx_hal_tim_ex.o ABSOLUTE
    support\\STM32F4xx_HAL_Driver\\Src\\stm32f4xx_hal_uart.c 0x00000000   Number         0  stm32f4xx_hal_uart.o ABSOLUTE
    support\\STM32F4xx_HAL_Driver\\Src\\stm32f4xx_hal_usart.c 0x00000000   Number         0  stm32f4xx_hal_usart.o ABSOLUTE
    support\\STM32F4xx_HAL_Driver\\Src\\stm32f4xx_hal_wwdg.c 0x00000000   Number         0  stm32f4xx_hal_wwdg.o ABSOLUTE
    support\\STM32F4xx_HAL_Driver\\Src\\stm32f4xx_ll_fmc.c 0x00000000   Number         0  stm32f4xx_ll_fmc.o ABSOLUTE
    support\\STM32F4xx_HAL_Driver\\Src\\stm32f4xx_ll_fsmc.c 0x00000000   Number         0  stm32f4xx_ll_fsmc.o ABSOLUTE
    support\\STM32F4xx_HAL_Driver\\Src\\stm32f4xx_ll_sdmmc.c 0x00000000   Number         0  stm32f4xx_ll_sdmmc.o ABSOLUTE
    support\\STM32F4xx_HAL_Driver\\Src\\stm32f4xx_ll_usb.c 0x00000000   Number         0  stm32f4xx_ll_usb.o ABSOLUTE
    support\\Si4463\\drivers\\radio\\Si446x\\si446x_api_lib.c 0x00000000   Number         0  si446x_api_lib.o ABSOLUTE
    support\\Si4463\\drivers\\radio\\Si446x\\si446x_nirq.c 0x00000000   Number         0  si446x_nirq.o ABSOLUTE
    support\\Si4463\\drivers\\radio\\radio_comm.c 0x00000000   Number         0  radio_comm.o ABSOLUTE
    support\\Si4463\\drivers\\radio\\radio_hal.c 0x00000000   Number         0  radio_hal.o ABSOLUTE
    RESET                                    0x08004000   Section      392  startup_stm32f407xx.o(RESET)
    !!!main                                  0x08004188   Section        8  __main.o(!!!main)
    !!!scatter                               0x08004190   Section       52  __scatter.o(!!!scatter)
    !!dczerorl2                              0x080041c4   Section       90  __dczerorl2.o(!!dczerorl2)
    !!handler_zi                             0x08004220   Section       28  __scatter_zi.o(!!handler_zi)
    .ARM.Collect$$libinit$$00000000          0x0800423c   Section        2  libinit.o(.ARM.Collect$$libinit$$00000000)
    .ARM.Collect$$libinit$$00000001          0x0800423e   Section        4  libinit2.o(.ARM.Collect$$libinit$$00000001)
    .ARM.Collect$$libinit$$00000004          0x08004242   Section        0  libinit2.o(.ARM.Collect$$libinit$$00000004)
    .ARM.Collect$$libinit$$0000000A          0x08004242   Section        0  libinit2.o(.ARM.Collect$$libinit$$0000000A)
    .ARM.Collect$$libinit$$0000000C          0x08004242   Section        0  libinit2.o(.ARM.Collect$$libinit$$0000000C)
    .ARM.Collect$$libinit$$0000000E          0x08004242   Section        0  libinit2.o(.ARM.Collect$$libinit$$0000000E)
    .ARM.Collect$$libinit$$00000011          0x08004242   Section        0  libinit2.o(.ARM.Collect$$libinit$$00000011)
    .ARM.Collect$$libinit$$00000013          0x08004242   Section        0  libinit2.o(.ARM.Collect$$libinit$$00000013)
    .ARM.Collect$$libinit$$00000015          0x08004242   Section        0  libinit2.o(.ARM.Collect$$libinit$$00000015)
    .ARM.Collect$$libinit$$00000017          0x08004242   Section        0  libinit2.o(.ARM.Collect$$libinit$$00000017)
    .ARM.Collect$$libinit$$00000019          0x08004242   Section        0  libinit2.o(.ARM.Collect$$libinit$$00000019)
    .ARM.Collect$$libinit$$0000001B          0x08004242   Section        0  libinit2.o(.ARM.Collect$$libinit$$0000001B)
    .ARM.Collect$$libinit$$0000001D          0x08004242   Section        0  libinit2.o(.ARM.Collect$$libinit$$0000001D)
    .ARM.Collect$$libinit$$0000001F          0x08004242   Section        0  libinit2.o(.ARM.Collect$$libinit$$0000001F)
    .ARM.Collect$$libinit$$00000021          0x08004242   Section        0  libinit2.o(.ARM.Collect$$libinit$$00000021)
    .ARM.Collect$$libinit$$00000023          0x08004242   Section        0  libinit2.o(.ARM.Collect$$libinit$$00000023)
    .ARM.Collect$$libinit$$00000025          0x08004242   Section        0  libinit2.o(.ARM.Collect$$libinit$$00000025)
    .ARM.Collect$$libinit$$0000002C          0x08004242   Section        0  libinit2.o(.ARM.Collect$$libinit$$0000002C)
    .ARM.Collect$$libinit$$0000002E          0x08004242   Section        0  libinit2.o(.ARM.Collect$$libinit$$0000002E)
    .ARM.Collect$$libinit$$00000030          0x08004242   Section        0  libinit2.o(.ARM.Collect$$libinit$$00000030)
    .ARM.Collect$$libinit$$00000032          0x08004242   Section        0  libinit2.o(.ARM.Collect$$libinit$$00000032)
    .ARM.Collect$$libinit$$00000033          0x08004242   Section        2  libinit2.o(.ARM.Collect$$libinit$$00000033)
    .ARM.Collect$$libshutdown$$00000000      0x08004244   Section        2  libshutdown.o(.ARM.Collect$$libshutdown$$00000000)
    .ARM.Collect$$libshutdown$$00000003      0x08004246   Section        0  libshutdown2.o(.ARM.Collect$$libshutdown$$00000003)
    .ARM.Collect$$libshutdown$$00000006      0x08004246   Section        0  libshutdown2.o(.ARM.Collect$$libshutdown$$00000006)
    .ARM.Collect$$libshutdown$$00000009      0x08004246   Section        0  libshutdown2.o(.ARM.Collect$$libshutdown$$00000009)
    .ARM.Collect$$libshutdown$$0000000B      0x08004246   Section        0  libshutdown2.o(.ARM.Collect$$libshutdown$$0000000B)
    .ARM.Collect$$libshutdown$$0000000E      0x08004246   Section        0  libshutdown2.o(.ARM.Collect$$libshutdown$$0000000E)
    .ARM.Collect$$libshutdown$$0000000F      0x08004246   Section        2  libshutdown2.o(.ARM.Collect$$libshutdown$$0000000F)
    .ARM.Collect$$rtentry$$00000000          0x08004248   Section        0  __rtentry.o(.ARM.Collect$$rtentry$$00000000)
    .ARM.Collect$$rtentry$$00000002          0x08004248   Section        0  __rtentry2.o(.ARM.Collect$$rtentry$$00000002)
    .ARM.Collect$$rtentry$$00000004          0x08004248   Section        6  __rtentry4.o(.ARM.Collect$$rtentry$$00000004)
    .ARM.Collect$$rtentry$$00000009          0x0800424e   Section        0  __rtentry2.o(.ARM.Collect$$rtentry$$00000009)
    .ARM.Collect$$rtentry$$0000000A          0x0800424e   Section        4  __rtentry2.o(.ARM.Collect$$rtentry$$0000000A)
    .ARM.Collect$$rtentry$$0000000C          0x08004252   Section        0  __rtentry2.o(.ARM.Collect$$rtentry$$0000000C)
    .ARM.Collect$$rtentry$$0000000D          0x08004252   Section        8  __rtentry2.o(.ARM.Collect$$rtentry$$0000000D)
    .ARM.Collect$$rtexit$$00000000           0x0800425a   Section        2  rtexit.o(.ARM.Collect$$rtexit$$00000000)
    .ARM.Collect$$rtexit$$00000002           0x0800425c   Section        0  rtexit2.o(.ARM.Collect$$rtexit$$00000002)
    .ARM.Collect$$rtexit$$00000003           0x0800425c   Section        4  rtexit2.o(.ARM.Collect$$rtexit$$00000003)
    .ARM.Collect$$rtexit$$00000004           0x08004260   Section        6  rtexit2.o(.ARM.Collect$$rtexit$$00000004)
    .emb_text                                0x08004268   Section      198  port.o(.emb_text)
    $v0                                      0x08004268   Number         0  port.o(.emb_text)
    .text                                    0x08004330   Section       64  startup_stm32f407xx.o(.text)
    $v0                                      0x08004330   Number         0  startup_stm32f407xx.o(.text)
    .text                                    0x08004370   Section        2  use_no_semi.o(.text)
    .text                                    0x08004372   Section      138  rt_memcpy_v6.o(.text)
    .text                                    0x080043fc   Section      100  rt_memcpy_w.o(.text)
    .text                                    0x08004460   Section       16  aeabi_memset.o(.text)
    .text                                    0x08004470   Section       78  rt_memclr_w.o(.text)
    .text                                    0x080044be   Section        0  heapauxi.o(.text)
    .text                                    0x080044c4   Section       68  rt_memclr.o(.text)
    .text                                    0x08004508   Section       74  sys_stackheap_outer.o(.text)
    .text                                    0x08004552   Section        0  exit.o(.text)
    .text                                    0x08004560   Section        8  libspace.o(.text)
    i.EXTI0_IRQHandler                       0x08004568   Section        0  system_interrupts.o(i.EXTI0_IRQHandler)
    i.EXTI1_IRQHandler                       0x08004584   Section        0  system_interrupts.o(i.EXTI1_IRQHandler)
    i.HAL_GPIO_Init                          0x08004594   Section        0  stm32f4xx_hal_gpio.o(i.HAL_GPIO_Init)
    i.HAL_GPIO_ReadPin                       0x080048a0   Section        0  stm32f4xx_hal_gpio.o(i.HAL_GPIO_ReadPin)
    i.HAL_GPIO_WritePin                      0x080048f4   Section        0  stm32f4xx_hal_gpio.o(i.HAL_GPIO_WritePin)
    i.HAL_GetTick                            0x0800495c   Section        0  stm32f4xx_hal.o(i.HAL_GetTick)
    i.HAL_IncTick                            0x08004968   Section        0  stm32f4xx_hal.o(i.HAL_IncTick)
    i.HAL_Init                               0x08004978   Section        0  stm32f4xx_hal.o(i.HAL_Init)
    i.HAL_InitTick                           0x080049ac   Section        0  stm32f4xx_hal.o(i.HAL_InitTick)
    i.HAL_MspInit                            0x080049ce   Section        0  stm32f4xx_hal_msp_template.o(i.HAL_MspInit)
    i.HAL_NVIC_EnableIRQ                     0x080049d0   Section        0  stm32f4xx_hal_cortex.o(i.HAL_NVIC_EnableIRQ)
    i.HAL_NVIC_SetPriority                   0x08004a2c   Section        0  stm32f4xx_hal_cortex.o(i.HAL_NVIC_SetPriority)
    i.HAL_NVIC_SetPriorityGrouping           0x08004ac4   Section        0  stm32f4xx_hal_cortex.o(i.HAL_NVIC_SetPriorityGrouping)
    i.HAL_RCC_ClockConfig                    0x08004b40   Section        0  stm32f4xx_hal_rcc.o(i.HAL_RCC_ClockConfig)
    i.HAL_RCC_GetHCLKFreq                    0x08004e9c   Section        0  stm32f4xx_hal_rcc.o(i.HAL_RCC_GetHCLKFreq)
    i.HAL_RCC_GetSysClockFreq                0x08004ed0   Section        0  stm32f4xx_hal_rcc.o(i.HAL_RCC_GetSysClockFreq)
    i.HAL_RCC_OscConfig                      0x08004f44   Section        0  stm32f4xx_hal_rcc.o(i.HAL_RCC_OscConfig)
    i.HAL_SPI_Init                           0x08005388   Section        0  stm32f4xx_hal_spi.o(i.HAL_SPI_Init)
    i.HAL_SPI_MspInit                        0x08005528   Section        0  stm32f4xx_hal_spi.o(i.HAL_SPI_MspInit)
    i.HAL_SYSTICK_Config                     0x0800552a   Section        0  stm32f4xx_hal_cortex.o(i.HAL_SYSTICK_Config)
    i.HTU21D_Humid_To_Float                  0x08005554   Section        0  sensor_conversions.o(i.HTU21D_Humid_To_Float)
    i.HTU21D_Temp_To_Float                   0x0800557c   Section        0  sensor_conversions.o(i.HTU21D_Temp_To_Float)
    i.HwCtrl_Init                            0x080055a8   Section        0  hwctrl.o(i.HwCtrl_Init)
    i.LedBlinkTask                           0x080055b8   Section        0  led_task.o(i.LedBlinkTask)
    i.LedTaskHwInit                          0x080055e4   Section        0  led_task.o(i.LedTaskHwInit)
    i.NVIC_SetPriority                       0x08005658   Section        0  stm32f4xx_hal_cortex.o(i.NVIC_SetPriority)
    NVIC_SetPriority                         0x08005659   Thumb Code    32  stm32f4xx_hal_cortex.o(i.NVIC_SetPriority)
    i.ParseSensorMessage                     0x08005678   Section        0  radio.o(i.ParseSensorMessage)
    ParseSensorMessage                       0x08005679   Thumb Code   162  radio.o(i.ParseSensorMessage)
    i.RadioTask                              0x08005720   Section        0  radio.o(i.RadioTask)
    i.RadioTaskHandleIRQ                     0x08005810   Section        0  radio.o(i.RadioTaskHandleIRQ)
    i.RadioTaskHwInit                        0x0800587c   Section        0  radio.o(i.RadioTaskHwInit)
    i.RadioTaskOSInit                        0x080059cc   Section        0  radio.o(i.RadioTaskOSInit)
    i.SMS_To_Float                           0x08005a90   Section        0  sensor_conversions.o(i.SMS_To_Float)
    i.SPI_ReadByte                           0x08005a9c   Section        0  spi.o(i.SPI_ReadByte)
    i.SPI_ReadBytes                          0x08005ab8   Section        0  spi.o(i.SPI_ReadBytes)
    i.SPI_WaitForNotBusy                     0x08005ae4   Section        0  spi.o(i.SPI_WaitForNotBusy)
    i.SPI_WaitForRX                          0x08005afc   Section        0  spi.o(i.SPI_WaitForRX)
    i.SPI_WaitForTX                          0x08005b0c   Section        0  spi.o(i.SPI_WaitForTX)
    i.SPI_WriteByte                          0x08005b1c   Section        0  spi.o(i.SPI_WriteByte)
    i.SPI_WriteBytes                         0x08005b34   Section        0  spi.o(i.SPI_WriteBytes)
    i.SignalRadioIRQ                         0x08005b5c   Section        0  radio.o(i.SignalRadioIRQ)
    i.SysTick_Handler                        0x08005b70   Section        0  system_interrupts.o(i.SysTick_Handler)
    __tagsym$$used                           0x08005b71   Number         0  system_interrupts.o(i.SysTick_Handler)
    i.SystemClock_Config                     0x08005b88   Section        0  hwctrl.o(i.SystemClock_Config)
    i.SystemInit                             0x08005bfc   Section        0  system_stm32f4xx.o(i.SystemInit)
    i.TMP102_To_Float                        0x08005c48   Section        0  sensor_conversions.o(i.TMP102_To_Float)
    i._sys_exit                              0x08005c60   Section        0  retarget.o(i._sys_exit)
    i.assert_failed                          0x08005c62   Section        0  main.o(i.assert_failed)
    i.inHandlerMode                          0x08005c64   Section        0  cmsis_os.o(i.inHandlerMode)
    inHandlerMode                            0x08005c65   Thumb Code    12  cmsis_os.o(i.inHandlerMode)
    i.main                                   0x08005c70   Section        0  main.o(i.main)
    i.makeFreeRtosPriority                   0x08005ce0   Section        0  main.o(i.makeFreeRtosPriority)
    i.osDelay                                0x08005cec   Section        0  cmsis_os.o(i.osDelay)
    i.osMessageCreate                        0x08005cfa   Section        0  cmsis_os.o(i.osMessageCreate)
    i.osMessageGet                           0x08005d04   Section        0  cmsis_os.o(i.osMessageGet)
    i.osMessagePut                           0x08005d90   Section        0  cmsis_os.o(i.osMessagePut)
    i.prvAddCurrentTaskToDelayedList         0x08005de4   Section        0  tasks.o(i.prvAddCurrentTaskToDelayedList)
    prvAddCurrentTaskToDelayedList           0x08005de5   Thumb Code    48  tasks.o(i.prvAddCurrentTaskToDelayedList)
    i.prvCopyDataFromQueue                   0x08005e18   Section        0  queue.o(i.prvCopyDataFromQueue)
    prvCopyDataFromQueue                     0x08005e19   Thumb Code    38  queue.o(i.prvCopyDataFromQueue)
    i.prvCopyDataToQueue                     0x08005e3e   Section        0  queue.o(i.prvCopyDataToQueue)
    prvCopyDataToQueue                       0x08005e3f   Thumb Code   110  queue.o(i.prvCopyDataToQueue)
    i.prvHeapInit                            0x08005eac   Section        0  heap_4.o(i.prvHeapInit)
    prvHeapInit                              0x08005ead   Thumb Code    66  heap_4.o(i.prvHeapInit)
    i.prvIdleTask                            0x08005ef8   Section        0  tasks.o(i.prvIdleTask)
    prvIdleTask                              0x08005ef9   Thumb Code     2  tasks.o(i.prvIdleTask)
    i.prvInsertBlockIntoFreeList             0x08005efc   Section        0  heap_4.o(i.prvInsertBlockIntoFreeList)
    prvInsertBlockIntoFreeList               0x08005efd   Thumb Code    72  heap_4.o(i.prvInsertBlockIntoFreeList)
    i.prvResetNextTaskUnblockTime            0x08005f48   Section        0  tasks.o(i.prvResetNextTaskUnblockTime)
    prvResetNextTaskUnblockTime              0x08005f49   Thumb Code    26  tasks.o(i.prvResetNextTaskUnblockTime)
    i.prvTaskExitError                       0x08005f68   Section        0  port.o(i.prvTaskExitError)
    prvTaskExitError                         0x08005f69   Thumb Code    20  port.o(i.prvTaskExitError)
    i.prvUnlockQueue                         0x08005f80   Section        0  queue.o(i.prvUnlockQueue)
    prvUnlockQueue                           0x08005f81   Thumb Code   100  queue.o(i.prvUnlockQueue)
    i.pvPortMalloc                           0x08005fe4   Section        0  heap_4.o(i.pvPortMalloc)
    i.pvTaskIncrementMutexHeldCount          0x080060a0   Section        0  tasks.o(i.pvTaskIncrementMutexHeldCount)
    i.pxPortInitialiseStack                  0x080060b8   Section        0  port.o(i.pxPortInitialiseStack)
    i.radio_comm_ClearCTS                    0x080060e0   Section        0  radio_comm.o(i.radio_comm_ClearCTS)
    i.radio_comm_GetResp                     0x080060ec   Section        0  radio_comm.o(i.radio_comm_GetResp)
    i.radio_comm_PollCTS                     0x0800613c   Section        0  radio_comm.o(i.radio_comm_PollCTS)
    i.radio_comm_ReadData                    0x08006144   Section        0  radio_comm.o(i.radio_comm_ReadData)
    i.radio_comm_SendCmd                     0x08006180   Section        0  radio_comm.o(i.radio_comm_SendCmd)
    i.radio_comm_SendCmdGetResp              0x080061b0   Section        0  radio_comm.o(i.radio_comm_SendCmdGetResp)
    i.radio_comm_WriteData                   0x080061c8   Section        0  radio_comm.o(i.radio_comm_WriteData)
    i.radio_hal_AssertShutdown               0x08006204   Section        0  radio_hal.o(i.radio_hal_AssertShutdown)
    i.radio_hal_ClearNsel                    0x08006214   Section        0  radio_hal.o(i.radio_hal_ClearNsel)
    i.radio_hal_DeassertShutdown             0x08006224   Section        0  radio_hal.o(i.radio_hal_DeassertShutdown)
    i.radio_hal_NirqLevel                    0x08006234   Section        0  radio_hal.o(i.radio_hal_NirqLevel)
    i.radio_hal_SetNsel                      0x08006240   Section        0  radio_hal.o(i.radio_hal_SetNsel)
    i.radio_hal_SpiReadByte                  0x08006250   Section        0  radio_hal.o(i.radio_hal_SpiReadByte)
    i.radio_hal_SpiReadData                  0x08006262   Section        0  radio_hal.o(i.radio_hal_SpiReadData)
    i.radio_hal_SpiWriteByte                 0x08006276   Section        0  radio_hal.o(i.radio_hal_SpiWriteByte)
    i.radio_hal_SpiWriteData                 0x08006284   Section        0  radio_hal.o(i.radio_hal_SpiWriteData)
    i.si446x_change_state                    0x08006298   Section        0  si446x_api_lib.o(i.si446x_change_state)
    i.si446x_configuration_init              0x080062ac   Section        0  si446x_api_lib.o(i.si446x_configuration_init)
    i.si446x_fifo_info                       0x08006310   Section        0  si446x_api_lib.o(i.si446x_fifo_info)
    i.si446x_get_int_status                  0x08006338   Section        0  si446x_api_lib.o(i.si446x_get_int_status)
    i.si446x_read_rx_fifo                    0x0800637c   Section        0  si446x_api_lib.o(i.si446x_read_rx_fifo)
    i.si446x_reset                           0x08006388   Section        0  si446x_api_lib.o(i.si446x_reset)
    i.si446x_start_rx                        0x080063ac   Section        0  si446x_api_lib.o(i.si446x_start_rx)
    i.si446x_start_tx                        0x080063d8   Section        0  si446x_api_lib.o(i.si446x_start_tx)
    i.si446x_write_tx_fifo                   0x08006400   Section        0  si446x_api_lib.o(i.si446x_write_tx_fifo)
    i.uxListRemove                           0x0800640c   Section        0  list.o(i.uxListRemove)
    i.vApplicationStackOverflowHook          0x08006430   Section        0  main.o(i.vApplicationStackOverflowHook)
    i.vListInitialise                        0x08006440   Section        0  list.o(i.vListInitialise)
    i.vListInitialiseItem                    0x08006456   Section        0  list.o(i.vListInitialiseItem)
    i.vListInsert                            0x0800645c   Section        0  list.o(i.vListInsert)
    i.vListInsertEnd                         0x0800648c   Section        0  list.o(i.vListInsertEnd)
    i.vPortEnterCritical                     0x080064a4   Section        0  port.o(i.vPortEnterCritical)
    i.vPortExitCritical                      0x080064d8   Section        0  port.o(i.vPortExitCritical)
    i.vPortFree                              0x080064fc   Section        0  heap_4.o(i.vPortFree)
    i.vPortSetupTimerInterrupt               0x08006544   Section        0  port.o(i.vPortSetupTimerInterrupt)
    i.vPortValidateInterruptPriority         0x08006564   Section        0  port.o(i.vPortValidateInterruptPriority)
    i.vPortYield                             0x080065a4   Section        0  port.o(i.vPortYield)
    i.vTaskDelay                             0x080065bc   Section        0  tasks.o(i.vTaskDelay)
    i.vTaskMissedYield                       0x0800660c   Section        0  tasks.o(i.vTaskMissedYield)
    i.vTaskPlaceOnEventList                  0x08006618   Section        0  tasks.o(i.vTaskPlaceOnEventList)
    i.vTaskPriorityInherit                   0x08006670   Section        0  tasks.o(i.vTaskPriorityInherit)
    i.vTaskSetTimeOutState                   0x080066f4   Section        0  tasks.o(i.vTaskSetTimeOutState)
    i.vTaskStartScheduler                    0x08006710   Section        0  tasks.o(i.vTaskStartScheduler)
    i.vTaskSuspendAll                        0x08006760   Section        0  tasks.o(i.vTaskSuspendAll)
    i.vTaskSwitchContext                     0x08006770   Section        0  tasks.o(i.vTaskSwitchContext)
    i.xPortStartScheduler                    0x080067d8   Section        0  port.o(i.xPortStartScheduler)
    i.xPortSysTickHandler                    0x08006864   Section        0  port.o(i.xPortSysTickHandler)
    i.xQueueGenericCreate                    0x08006888   Section        0  queue.o(i.xQueueGenericCreate)
    i.xQueueGenericReceive                   0x080068ce   Section        0  queue.o(i.xQueueGenericReceive)
    i.xQueueGenericReset                     0x08006a06   Section        0  queue.o(i.xQueueGenericReset)
    i.xQueueGenericSend                      0x08006a70   Section        0  queue.o(i.xQueueGenericSend)
    i.xQueueGenericSendFromISR               0x08006b90   Section        0  queue.o(i.xQueueGenericSendFromISR)
    i.xQueueReceiveFromISR                   0x08006c22   Section        0  queue.o(i.xQueueReceiveFromISR)
    i.xTaskCheckForTimeOut                   0x08006c98   Section        0  tasks.o(i.xTaskCheckForTimeOut)
    i.xTaskGenericCreate                     0x08006cf0   Section        0  tasks.o(i.xTaskGenericCreate)
    i.xTaskGetSchedulerState                 0x08006e74   Section        0  tasks.o(i.xTaskGetSchedulerState)
    i.xTaskIncrementTick                     0x08006e90   Section        0  tasks.o(i.xTaskIncrementTick)
    i.xTaskPriorityDisinherit                0x08006f50   Section        0  tasks.o(i.xTaskPriorityDisinherit)
    i.xTaskRemoveFromEventList               0x08006fc8   Section        0  tasks.o(i.xTaskRemoveFromEventList)
    i.xTaskResumeAll                         0x08007034   Section        0  tasks.o(i.xTaskResumeAll)
    x$fpl$fpinit                             0x080070e0   Section       10  fpinit.o(x$fpl$fpinit)
    $v0                                      0x080070e0   Number         0  fpinit.o(x$fpl$fpinit)
    .constdata                               0x080070ec   Section       24  radio.o(.constdata)
    .constdata                               0x08007104   Section       16  stm32f4xx_hal_rcc.o(.constdata)
    __Header                                 0x08007134   Section       16  metadata.o(__Header)
    __tagsym$$used                           0x08007134   Number         0  metadata.o(__Header)
    .data                                    0x20000000   Section      798  radio.o(.data)
    .data                                    0x20000320   Section      100  radio.o(.data)
    radioTaskState                           0x20000320   Data           1  radio.o(.data)
    network                                  0x20000334   Data           4  radio.o(.data)
    .data                                    0x20000384   Section        1  system_interrupts.o(.data)
    .data                                    0x20000388   Section        4  stm32f4xx_hal.o(.data)
    uwTick                                   0x20000388   Data           4  stm32f4xx_hal.o(.data)
    .data                                    0x2000038c   Section       20  system_stm32f4xx.o(.data)
    .data                                    0x200003a0   Section       52  tasks.o(.data)
    uxCurrentNumberOfTasks                   0x200003a4   Data           4  tasks.o(.data)
    xTickCount                               0x200003a8   Data           4  tasks.o(.data)
    uxTopReadyPriority                       0x200003ac   Data           4  tasks.o(.data)
    xSchedulerRunning                        0x200003b0   Data           4  tasks.o(.data)
    uxPendedTicks                            0x200003b4   Data           4  tasks.o(.data)
    xYieldPending                            0x200003b8   Data           4  tasks.o(.data)
    xNumOfOverflows                          0x200003bc   Data           4  tasks.o(.data)
    uxTaskNumber                             0x200003c0   Data           4  tasks.o(.data)
    xNextTaskUnblockTime                     0x200003c4   Data           4  tasks.o(.data)
    uxSchedulerSuspended                     0x200003c8   Data           4  tasks.o(.data)
    pxDelayedTaskList                        0x200003cc   Data           4  tasks.o(.data)
    pxOverflowDelayedTaskList                0x200003d0   Data           4  tasks.o(.data)
    .data                                    0x200003d4   Section       12  port.o(.data)
    ucMaxSysCallPriority                     0x200003d4   Data           1  port.o(.data)
    uxCriticalNesting                        0x200003d8   Data           4  port.o(.data)
    ulMaxPRIGROUPValue                       0x200003dc   Data           4  port.o(.data)
    .data                                    0x200003e0   Section       24  heap_4.o(.data)
    pxEnd                                    0x200003e0   Data           4  heap_4.o(.data)
    xFreeBytesRemaining                      0x200003e4   Data           4  heap_4.o(.data)
    xMinimumEverFreeBytesRemaining           0x200003e8   Data           4  heap_4.o(.data)
    xBlockAllocatedBit                       0x200003ec   Data           4  heap_4.o(.data)
    xStart                                   0x200003f0   Data           8  heap_4.o(.data)
    .data                                    0x200003f8   Section        1  radio_comm.o(.data)
    .bss                                     0x200003fc   Section      192  radio.o(.bss)
    rxBuff                                   0x20000454   Data          64  radio.o(.bss)
    sensorData                               0x20000494   Data          40  radio.o(.bss)
    .bss                                     0x200004bc   Section      220  tasks.o(.bss)
    pxReadyTasksLists                        0x200004bc   Data         140  tasks.o(.bss)
    xDelayedTaskList1                        0x20000548   Data          20  tasks.o(.bss)
    xDelayedTaskList2                        0x2000055c   Data          20  tasks.o(.bss)
    xPendingReadyList                        0x20000570   Data          20  tasks.o(.bss)
    xSuspendedTaskList                       0x20000584   Data          20  tasks.o(.bss)
    .bss                                     0x20000598   Section    15360  heap_4.o(.bss)
    ucHeap                                   0x20000598   Data       15360  heap_4.o(.bss)
    .bss                                     0x20004198   Section       32  si446x_api_lib.o(.bss)
    .bss                                     0x200041b8   Section       96  libspace.o(.bss)
    HEAP                                     0x20004218   Section      512  startup_stm32f407xx.o(HEAP)
    Heap_Mem                                 0x20004218   Data         512  startup_stm32f407xx.o(HEAP)
    STACK                                    0x20004418   Section     1024  startup_stm32f407xx.o(STACK)
    Stack_Mem                                0x20004418   Data        1024  startup_stm32f407xx.o(STACK)
    __initial_sp                             0x20004818   Data           0  startup_stm32f407xx.o(STACK)

    Global Symbols

    Symbol Name                              Value     Ov Type        Size  Object(Section)

    BuildAttributes$$THM_ISAv4$E$P$D$K$B$S$7EM$VFPi3$EXTD16$VFPS$VFMA$PE$A:L22UL41UL21$X:L11$S22US41US21$IEEE1$IW$USESV6$~STKCKD$USESV7$~SHL$OSPACE$ROPI$EBA8$UX$STANDARDLIB$REQ8$PRES8$EABIv2 0x00000000   Number         0  anon$$obj.o ABSOLUTE
    __ARM_use_no_argv                        0x00000000   Number         0  main.o ABSOLUTE
    __ARM_exceptions_init                     - Undefined Weak Reference
    __alloca_initialize                       - Undefined Weak Reference
    __arm_preinit_                            - Undefined Weak Reference
    __cpp_initialize__aeabi_                  - Undefined Weak Reference
    __cxa_finalize                            - Undefined Weak Reference
    __rt_locale                               - Undefined Weak Reference
    __sigvec_lookup                           - Undefined Weak Reference
    _atexit_init                              - Undefined Weak Reference
    _call_atexit_fns                          - Undefined Weak Reference
    _clock_init                               - Undefined Weak Reference
    _fp_trap_init                             - Undefined Weak Reference
    _fp_trap_shutdown                         - Undefined Weak Reference
    _get_lc_collate                           - Undefined Weak Reference
    _get_lc_ctype                             - Undefined Weak Reference
    _get_lc_monetary                          - Undefined Weak Reference
    _get_lc_numeric                           - Undefined Weak Reference
    _get_lc_time                              - Undefined Weak Reference
    _getenv_init                              - Undefined Weak Reference
    _handle_redirection                       - Undefined Weak Reference
    _init_alloc                               - Undefined Weak Reference
    _init_user_alloc                          - Undefined Weak Reference
    _initio                                   - Undefined Weak Reference
    _rand_init                                - Undefined Weak Reference
    _signal_finish                            - Undefined Weak Reference
    _signal_init                              - Undefined Weak Reference
    _terminate_alloc                          - Undefined Weak Reference
    _terminate_user_alloc                     - Undefined Weak Reference
    _terminateio                              - Undefined Weak Reference
    __Vectors_Size                           0x00000188   Number         0  startup_stm32f407xx.o ABSOLUTE
    __Vectors                                0x08004000   Data           4  startup_stm32f407xx.o(RESET)
    __Vectors_End                            0x08004188   Data           0  startup_stm32f407xx.o(RESET)
    __main                                   0x08004189   Thumb Code     8  __main.o(!!!main)
    __scatterload                            0x08004191   Thumb Code     0  __scatter.o(!!!scatter)
    __scatterload_rt2                        0x08004191   Thumb Code    44  __scatter.o(!!!scatter)
    __scatterload_rt2_thumb_only             0x08004191   Thumb Code     0  __scatter.o(!!!scatter)
    __scatterload_null                       0x0800419f   Thumb Code     0  __scatter.o(!!!scatter)
    __decompress                             0x080041c5   Thumb Code    90  __dczerorl2.o(!!dczerorl2)
    __decompress1                            0x080041c5   Thumb Code     0  __dczerorl2.o(!!dczerorl2)
    __scatterload_zeroinit                   0x08004221   Thumb Code    28  __scatter_zi.o(!!handler_zi)
    __rt_lib_init                            0x0800423d   Thumb Code     0  libinit.o(.ARM.Collect$$libinit$$00000000)
    __rt_lib_init_fp_1                       0x0800423f   Thumb Code     0  libinit2.o(.ARM.Collect$$libinit$$00000001)
    __rt_lib_init_alloca_1                   0x08004243   Thumb Code     0  libinit2.o(.ARM.Collect$$libinit$$0000002E)
    __rt_lib_init_argv_1                     0x08004243   Thumb Code     0  libinit2.o(.ARM.Collect$$libinit$$0000002C)
    __rt_lib_init_atexit_1                   0x08004243   Thumb Code     0  libinit2.o(.ARM.Collect$$libinit$$0000001B)
    __rt_lib_init_clock_1                    0x08004243   Thumb Code     0  libinit2.o(.ARM.Collect$$libinit$$00000021)
    __rt_lib_init_cpp_1                      0x08004243   Thumb Code     0  libinit2.o(.ARM.Collect$$libinit$$00000032)
    __rt_lib_init_exceptions_1               0x08004243   Thumb Code     0  libinit2.o(.ARM.Collect$$libinit$$00000030)
    __rt_lib_init_fp_trap_1                  0x08004243   Thumb Code     0  libinit2.o(.ARM.Collect$$libinit$$0000001F)
    __rt_lib_init_getenv_1                   0x08004243   Thumb Code     0  libinit2.o(.ARM.Collect$$libinit$$00000023)
    __rt_lib_init_heap_1                     0x08004243   Thumb Code     0  libinit2.o(.ARM.Collect$$libinit$$0000000A)
    __rt_lib_init_lc_collate_1               0x08004243   Thumb Code     0  libinit2.o(.ARM.Collect$$libinit$$00000011)
    __rt_lib_init_lc_ctype_1                 0x08004243   Thumb Code     0  libinit2.o(.ARM.Collect$$libinit$$00000013)
    __rt_lib_init_lc_monetary_1              0x08004243   Thumb Code     0  libinit2.o(.ARM.Collect$$libinit$$00000015)
    __rt_lib_init_lc_numeric_1               0x08004243   Thumb Code     0  libinit2.o(.ARM.Collect$$libinit$$00000017)
    __rt_lib_init_lc_time_1                  0x08004243   Thumb Code     0  libinit2.o(.ARM.Collect$$libinit$$00000019)
    __rt_lib_init_preinit_1                  0x08004243   Thumb Code     0  libinit2.o(.ARM.Collect$$libinit$$00000004)
    __rt_lib_init_rand_1                     0x08004243   Thumb Code     0  libinit2.o(.ARM.Collect$$libinit$$0000000E)
    __rt_lib_init_return                     0x08004243   Thumb Code     0  libinit2.o(.ARM.Collect$$libinit$$00000033)
    __rt_lib_init_signal_1                   0x08004243   Thumb Code     0  libinit2.o(.ARM.Collect$$libinit$$0000001D)
    __rt_lib_init_stdio_1                    0x08004243   Thumb Code     0  libinit2.o(.ARM.Collect$$libinit$$00000025)
    __rt_lib_init_user_alloc_1               0x08004243   Thumb Code     0  libinit2.o(.ARM.Collect$$libinit$$0000000C)
    __rt_lib_shutdown                        0x08004245   Thumb Code     0  libshutdown.o(.ARM.Collect$$libshutdown$$00000000)
    __rt_lib_shutdown_fp_trap_1              0x08004247   Thumb Code     0  libshutdown2.o(.ARM.Collect$$libshutdown$$00000006)
    __rt_lib_shutdown_heap_1                 0x08004247   Thumb Code     0  libshutdown2.o(.ARM.Collect$$libshutdown$$0000000E)
    __rt_lib_shutdown_return                 0x08004247   Thumb Code     0  libshutdown2.o(.ARM.Collect$$libshutdown$$0000000F)
    __rt_lib_shutdown_signal_1               0x08004247   Thumb Code     0  libshutdown2.o(.ARM.Collect$$libshutdown$$00000009)
    __rt_lib_shutdown_stdio_1                0x08004247   Thumb Code     0  libshutdown2.o(.ARM.Collect$$libshutdown$$00000003)
    __rt_lib_shutdown_user_alloc_1           0x08004247   Thumb Code     0  libshutdown2.o(.ARM.Collect$$libshutdown$$0000000B)
    __rt_entry                               0x08004249   Thumb Code     0  __rtentry.o(.ARM.Collect$$rtentry$$00000000)
    __rt_entry_presh_1                       0x08004249   Thumb Code     0  __rtentry2.o(.ARM.Collect$$rtentry$$00000002)
    __rt_entry_sh                            0x08004249   Thumb Code     0  __rtentry4.o(.ARM.Collect$$rtentry$$00000004)
    __rt_entry_li                            0x0800424f   Thumb Code     0  __rtentry2.o(.ARM.Collect$$rtentry$$0000000A)
    __rt_entry_postsh_1                      0x0800424f   Thumb Code     0  __rtentry2.o(.ARM.Collect$$rtentry$$00000009)
    __rt_entry_main                          0x08004253   Thumb Code     0  __rtentry2.o(.ARM.Collect$$rtentry$$0000000D)
    __rt_entry_postli_1                      0x08004253   Thumb Code     0  __rtentry2.o(.ARM.Collect$$rtentry$$0000000C)
    __rt_exit                                0x0800425b   Thumb Code     0  rtexit.o(.ARM.Collect$$rtexit$$00000000)
    __rt_exit_ls                             0x0800425d   Thumb Code     0  rtexit2.o(.ARM.Collect$$rtexit$$00000003)
    __rt_exit_prels_1                        0x0800425d   Thumb Code     0  rtexit2.o(.ARM.Collect$$rtexit$$00000002)
    __rt_exit_exit                           0x08004261   Thumb Code     0  rtexit2.o(.ARM.Collect$$rtexit$$00000004)
    SVC_Handler                              0x08004269   Thumb Code    28  port.o(.emb_text)
    __asm___6_port_c_39a90d8d__prvStartFirstTask 0x08004289   Thumb Code    28  port.o(.emb_text)
    __asm___6_port_c_39a90d8d__prvEnableVFP  0x080042a9   Thumb Code    16  port.o(.emb_text)
    PendSV_Handler                           0x080042bd   Thumb Code    84  port.o(.emb_text)
    ulPortSetInterruptMask                   0x08004315   Thumb Code    14  port.o(.emb_text)
    vPortClearInterruptMask                  0x08004323   Thumb Code     6  port.o(.emb_text)
    vPortGetIPSR                             0x08004329   Thumb Code     6  port.o(.emb_text)
    Reset_Handler                            0x08004331   Thumb Code     8  startup_stm32f407xx.o(.text)
    NMI_Handler                              0x08004339   Thumb Code     2  startup_stm32f407xx.o(.text)
    HardFault_Handler                        0x0800433b   Thumb Code     2  startup_stm32f407xx.o(.text)
    MemManage_Handler                        0x0800433d   Thumb Code     2  startup_stm32f407xx.o(.text)
    BusFault_Handler                         0x0800433f   Thumb Code     2  startup_stm32f407xx.o(.text)
    UsageFault_Handler                       0x08004341   Thumb Code     2  startup_stm32f407xx.o(.text)
    DebugMon_Handler                         0x08004345   Thumb Code     2  startup_stm32f407xx.o(.text)
    ADC_IRQHandler                           0x0800434b   Thumb Code     0  startup_stm32f407xx.o(.text)
    CAN1_RX0_IRQHandler                      0x0800434b   Thumb Code     0  startup_stm32f407xx.o(.text)
    CAN1_RX1_IRQHandler                      0x0800434b   Thumb Code     0  startup_stm32f407xx.o(.text)
    CAN1_SCE_IRQHandler                      0x0800434b   Thumb Code     0  startup_stm32f407xx.o(.text)
    CAN1_TX_IRQHandler                       0x0800434b   Thumb Code     0  startup_stm32f407xx.o(.text)
    CAN2_RX0_IRQHandler                      0x0800434b   Thumb Code     0  startup_stm32f407xx.o(.text)
    CAN2_RX1_IRQHandler                      0x0800434b   Thumb Code     0  startup_stm32f407xx.o(.text)
    CAN2_SCE_IRQHandler                      0x0800434b   Thumb Code     0  startup_stm32f407xx.o(.text)
    CAN2_TX_IRQHandler                       0x0800434b   Thumb Code     0  startup_stm32f407xx.o(.text)
    DCMI_IRQHandler                          0x0800434b   Thumb Code     0  startup_stm32f407xx.o(.text)
    DMA1_Stream0_IRQHandler                  0x0800434b   Thumb Code     0  startup_stm32f407xx.o(.text)
    DMA1_Stream1_IRQHandler                  0x0800434b   Thumb Code     0  startup_stm32f407xx.o(.text)
    DMA1_Stream2_IRQHandler                  0x0800434b   Thumb Code     0  startup_stm32f407xx.o(.text)
    DMA1_Stream3_IRQHandler                  0x0800434b   Thumb Code     0  startup_stm32f407xx.o(.text)
    DMA1_Stream4_IRQHandler                  0x0800434b   Thumb Code     0  startup_stm32f407xx.o(.text)
    DMA1_Stream5_IRQHandler                  0x0800434b   Thumb Code     0  startup_stm32f407xx.o(.text)
    DMA1_Stream6_IRQHandler                  0x0800434b   Thumb Code     0  startup_stm32f407xx.o(.text)
    DMA1_Stream7_IRQHandler                  0x0800434b   Thumb Code     0  startup_stm32f407xx.o(.text)
    DMA2_Stream0_IRQHandler                  0x0800434b   Thumb Code     0  startup_stm32f407xx.o(.text)
    DMA2_Stream1_IRQHandler                  0x0800434b   Thumb Code     0  startup_stm32f407xx.o(.text)
    DMA2_Stream2_IRQHandler                  0x0800434b   Thumb Code     0  startup_stm32f407xx.o(.text)
    DMA2_Stream3_IRQHandler                  0x0800434b   Thumb Code     0  startup_stm32f407xx.o(.text)
    DMA2_Stream4_IRQHandler                  0x0800434b   Thumb Code     0  startup_stm32f407xx.o(.text)
    DMA2_Stream5_IRQHandler                  0x0800434b   Thumb Code     0  startup_stm32f407xx.o(.text)
    DMA2_Stream6_IRQHandler                  0x0800434b   Thumb Code     0  startup_stm32f407xx.o(.text)
    DMA2_Stream7_IRQHandler                  0x0800434b   Thumb Code     0  startup_stm32f407xx.o(.text)
    ETH_IRQHandler                           0x0800434b   Thumb Code     0  startup_stm32f407xx.o(.text)
    ETH_WKUP_IRQHandler                      0x0800434b   Thumb Code     0  startup_stm32f407xx.o(.text)
    EXTI15_10_IRQHandler                     0x0800434b   Thumb Code     0  startup_stm32f407xx.o(.text)
    EXTI2_IRQHandler                         0x0800434b   Thumb Code     0  startup_stm32f407xx.o(.text)
    EXTI3_IRQHandler                         0x0800434b   Thumb Code     0  startup_stm32f407xx.o(.text)
    EXTI4_IRQHandler                         0x0800434b   Thumb Code     0  startup_stm32f407xx.o(.text)
    EXTI9_5_IRQHandler                       0x0800434b   Thumb Code     0  startup_stm32f407xx.o(.text)
    FLASH_IRQHandler                         0x0800434b   Thumb Code     0  startup_stm32f407xx.o(.text)
    FMC_IRQHandler                           0x0800434b   Thumb Code     0  startup_stm32f407xx.o(.text)
    FPU_IRQHandler                           0x0800434b   Thumb Code     0  startup_stm32f407xx.o(.text)
    HASH_RNG_IRQHandler                      0x0800434b   Thumb Code     0  startup_stm32f407xx.o(.text)
    I2C1_ER_IRQHandler                       0x0800434b   Thumb Code     0  startup_stm32f407xx.o(.text)
    I2C1_EV_IRQHandler                       0x0800434b   Thumb Code     0  startup_stm32f407xx.o(.text)
    I2C2_ER_IRQHandler                       0x0800434b   Thumb Code     0  startup_stm32f407xx.o(.text)
    I2C2_EV_IRQHandler                       0x0800434b   Thumb Code     0  startup_stm32f407xx.o(.text)
    I2C3_ER_IRQHandler                       0x0800434b   Thumb Code     0  startup_stm32f407xx.o(.text)
    I2C3_EV_IRQHandler                       0x0800434b   Thumb Code     0  startup_stm32f407xx.o(.text)
    OTG_FS_IRQHandler                        0x0800434b   Thumb Code     0  startup_stm32f407xx.o(.text)
    OTG_FS_WKUP_IRQHandler                   0x0800434b   Thumb Code     0  startup_stm32f407xx.o(.text)
    OTG_HS_EP1_IN_IRQHandler                 0x0800434b   Thumb Code     0  startup_stm32f407xx.o(.text)
    OTG_HS_EP1_OUT_IRQHandler                0x0800434b   Thumb Code     0  startup_stm32f407xx.o(.text)
    OTG_HS_IRQHandler                        0x0800434b   Thumb Code     0  startup_stm32f407xx.o(.text)
    OTG_HS_WKUP_IRQHandler                   0x0800434b   Thumb Code     0  startup_stm32f407xx.o(.text)
    PVD_IRQHandler                           0x0800434b   Thumb Code     0  startup_stm32f407xx.o(.text)
    RCC_IRQHandler                           0x0800434b   Thumb Code     0  startup_stm32f407xx.o(.text)
    RTC_Alarm_IRQHandler                     0x0800434b   Thumb Code     0  startup_stm32f407xx.o(.text)
    RTC_WKUP_IRQHandler                      0x0800434b   Thumb Code     0  startup_stm32f407xx.o(.text)
    SDIO_IRQHandler                          0x0800434b   Thumb Code     0  startup_stm32f407xx.o(.text)
    SPI1_IRQHandler                          0x0800434b   Thumb Code     0  startup_stm32f407xx.o(.text)
    SPI2_IRQHandler                          0x0800434b   Thumb Code     0  startup_stm32f407xx.o(.text)
    SPI3_IRQHandler                          0x0800434b   Thumb Code     0  startup_stm32f407xx.o(.text)
    TAMP_STAMP_IRQHandler                    0x0800434b   Thumb Code     0  startup_stm32f407xx.o(.text)
    TIM1_BRK_TIM9_IRQHandler                 0x0800434b   Thumb Code     0  startup_stm32f407xx.o(.text)
    TIM1_CC_IRQHandler                       0x0800434b   Thumb Code     0  startup_stm32f407xx.o(.text)
    TIM1_TRG_COM_TIM11_IRQHandler            0x0800434b   Thumb Code     0  startup_stm32f407xx.o(.text)
    TIM1_UP_TIM10_IRQHandler                 0x0800434b   Thumb Code     0  startup_stm32f407xx.o(.text)
    TIM2_IRQHandler                          0x0800434b   Thumb Code     0  startup_stm32f407xx.o(.text)
    TIM3_IRQHandler                          0x0800434b   Thumb Code     0  startup_stm32f407xx.o(.text)
    TIM4_IRQHandler                          0x0800434b   Thumb Code     0  startup_stm32f407xx.o(.text)
    TIM5_IRQHandler                          0x0800434b   Thumb Code     0  startup_stm32f407xx.o(.text)
    TIM6_DAC_IRQHandler                      0x0800434b   Thumb Code     0  startup_stm32f407xx.o(.text)
    TIM7_IRQHandler                          0x0800434b   Thumb Code     0  startup_stm32f407xx.o(.text)
    TIM8_BRK_TIM12_IRQHandler                0x0800434b   Thumb Code     0  startup_stm32f407xx.o(.text)
    TIM8_CC_IRQHandler                       0x0800434b   Thumb Code     0  startup_stm32f407xx.o(.text)
    TIM8_TRG_COM_TIM14_IRQHandler            0x0800434b   Thumb Code     0  startup_stm32f407xx.o(.text)
    TIM8_UP_TIM13_IRQHandler                 0x0800434b   Thumb Code     0  startup_stm32f407xx.o(.text)
    UART4_IRQHandler                         0x0800434b   Thumb Code     0  startup_stm32f407xx.o(.text)
    UART5_IRQHandler                         0x0800434b   Thumb Code     0  startup_stm32f407xx.o(.text)
    USART1_IRQHandler                        0x0800434b   Thumb Code     0  startup_stm32f407xx.o(.text)
    USART2_IRQHandler                        0x0800434b   Thumb Code     0  startup_stm32f407xx.o(.text)
    USART3_IRQHandler                        0x0800434b   Thumb Code     0  startup_stm32f407xx.o(.text)
    USART6_IRQHandler                        0x0800434b   Thumb Code     0  startup_stm32f407xx.o(.text)
    WWDG_IRQHandler                          0x0800434b   Thumb Code     0  startup_stm32f407xx.o(.text)
    __user_initial_stackheap                 0x0800434d   Thumb Code     0  startup_stm32f407xx.o(.text)
    __I$use$semihosting                      0x08004371   Thumb Code     0  use_no_semi.o(.text)
    __use_no_semihosting_swi                 0x08004371   Thumb Code     2  use_no_semi.o(.text)
    __aeabi_memcpy                           0x08004373   Thumb Code     0  rt_memcpy_v6.o(.text)
    __rt_memcpy                              0x08004373   Thumb Code   138  rt_memcpy_v6.o(.text)
    _memcpy_lastbytes                        0x080043d9   Thumb Code     0  rt_memcpy_v6.o(.text)
    __aeabi_memcpy4                          0x080043fd   Thumb Code     0  rt_memcpy_w.o(.text)
    __aeabi_memcpy8                          0x080043fd   Thumb Code     0  rt_memcpy_w.o(.text)
    __rt_memcpy_w                            0x080043fd   Thumb Code   100  rt_memcpy_w.o(.text)
    _memcpy_lastbytes_aligned                0x08004445   Thumb Code     0  rt_memcpy_w.o(.text)
    __aeabi_memset                           0x08004461   Thumb Code    16  aeabi_memset.o(.text)
    __aeabi_memclr4                          0x08004471   Thumb Code     0  rt_memclr_w.o(.text)
    __aeabi_memclr8                          0x08004471   Thumb Code     0  rt_memclr_w.o(.text)
    __rt_memclr_w                            0x08004471   Thumb Code    78  rt_memclr_w.o(.text)
    _memset_w                                0x08004475   Thumb Code     0  rt_memclr_w.o(.text)
    __use_two_region_memory                  0x080044bf   Thumb Code     2  heapauxi.o(.text)
    __rt_heap_escrow$2region                 0x080044c1   Thumb Code     2  heapauxi.o(.text)
    __rt_heap_expand$2region                 0x080044c3   Thumb Code     2  heapauxi.o(.text)
    __aeabi_memclr                           0x080044c5   Thumb Code     0  rt_memclr.o(.text)
    __rt_memclr                              0x080044c5   Thumb Code    68  rt_memclr.o(.text)
    _memset                                  0x080044c9   Thumb Code     0  rt_memclr.o(.text)
    __user_setup_stackheap                   0x08004509   Thumb Code    74  sys_stackheap_outer.o(.text)
    exit                                     0x08004553   Thumb Code    12  exit.o(.text)
    __user_libspace                          0x08004561   Thumb Code     8  libspace.o(.text)
    __user_perproc_libspace                  0x08004561   Thumb Code     0  libspace.o(.text)
    __user_perthread_libspace                0x08004561   Thumb Code     0  libspace.o(.text)
    EXTI0_IRQHandler                         0x08004569   Thumb Code    18  system_interrupts.o(i.EXTI0_IRQHandler)
    EXTI1_IRQHandler                         0x08004585   Thumb Code    10  system_interrupts.o(i.EXTI1_IRQHandler)
    HAL_GPIO_Init                            0x08004595   Thumb Code   652  stm32f4xx_hal_gpio.o(i.HAL_GPIO_Init)
    HAL_GPIO_ReadPin                         0x080048a1   Thumb Code    28  stm32f4xx_hal_gpio.o(i.HAL_GPIO_ReadPin)
    HAL_GPIO_WritePin                        0x080048f5   Thumb Code    46  stm32f4xx_hal_gpio.o(i.HAL_GPIO_WritePin)
    HAL_GetTick                              0x0800495d   Thumb Code     6  stm32f4xx_hal.o(i.HAL_GetTick)
    HAL_IncTick                              0x08004969   Thumb Code    10  stm32f4xx_hal.o(i.HAL_IncTick)
    HAL_Init                                 0x08004979   Thumb Code    48  stm32f4xx_hal.o(i.HAL_Init)
    HAL_InitTick                             0x080049ad   Thumb Code    34  stm32f4xx_hal.o(i.HAL_InitTick)
    HAL_MspInit                              0x080049cf   Thumb Code     2  stm32f4xx_hal_msp_template.o(i.HAL_MspInit)
    HAL_NVIC_EnableIRQ                       0x080049d1   Thumb Code    36  stm32f4xx_hal_cortex.o(i.HAL_NVIC_EnableIRQ)
    HAL_NVIC_SetPriority                     0x08004a2d   Thumb Code    92  stm32f4xx_hal_cortex.o(i.HAL_NVIC_SetPriority)
    HAL_NVIC_SetPriorityGrouping             0x08004ac5   Thumb Code    58  stm32f4xx_hal_cortex.o(i.HAL_NVIC_SetPriorityGrouping)
    HAL_RCC_ClockConfig                      0x08004b41   Thumb Code   794  stm32f4xx_hal_rcc.o(i.HAL_RCC_ClockConfig)
    HAL_RCC_GetHCLKFreq                      0x08004e9d   Thumb Code    38  stm32f4xx_hal_rcc.o(i.HAL_RCC_GetHCLKFreq)
    HAL_RCC_GetSysClockFreq                  0x08004ed1   Thumb Code   104  stm32f4xx_hal_rcc.o(i.HAL_RCC_GetSysClockFreq)
    HAL_RCC_OscConfig                        0x08004f45   Thumb Code  1092  stm32f4xx_hal_rcc.o(i.HAL_RCC_OscConfig)
    HAL_SPI_Init                             0x08005389   Thumb Code   360  stm32f4xx_hal_spi.o(i.HAL_SPI_Init)
    HAL_SPI_MspInit                          0x08005529   Thumb Code     2  stm32f4xx_hal_spi.o(i.HAL_SPI_MspInit)
    HAL_SYSTICK_Config                       0x0800552b   Thumb Code    40  stm32f4xx_hal_cortex.o(i.HAL_SYSTICK_Config)
    HTU21D_Humid_To_Float                    0x08005555   Thumb Code    30  sensor_conversions.o(i.HTU21D_Humid_To_Float)
    HTU21D_Temp_To_Float                     0x0800557d   Thumb Code    30  sensor_conversions.o(i.HTU21D_Temp_To_Float)
    HwCtrl_Init                              0x080055a9   Thumb Code    14  hwctrl.o(i.HwCtrl_Init)
    LedBlinkTask                             0x080055b9   Thumb Code    40  led_task.o(i.LedBlinkTask)
    LedTaskHwInit                            0x080055e5   Thumb Code   106  led_task.o(i.LedTaskHwInit)
    RadioTask                                0x08005721   Thumb Code   234  radio.o(i.RadioTask)
    RadioTaskHandleIRQ                       0x08005811   Thumb Code    92  radio.o(i.RadioTaskHandleIRQ)
    RadioTaskHwInit                          0x0800587d   Thumb Code   314  radio.o(i.RadioTaskHwInit)
    RadioTaskOSInit                          0x080059cd   Thumb Code   164  radio.o(i.RadioTaskOSInit)
    SMS_To_Float                             0x08005a91   Thumb Code    10  sensor_conversions.o(i.SMS_To_Float)
    SPI_ReadByte                             0x08005a9d   Thumb Code    24  spi.o(i.SPI_ReadByte)
    SPI_ReadBytes                            0x08005ab9   Thumb Code    38  spi.o(i.SPI_ReadBytes)
    SPI_WaitForNotBusy                       0x08005ae5   Thumb Code    18  spi.o(i.SPI_WaitForNotBusy)
    SPI_WaitForRX                            0x08005afd   Thumb Code    10  spi.o(i.SPI_WaitForRX)
    SPI_WaitForTX                            0x08005b0d   Thumb Code    10  spi.o(i.SPI_WaitForTX)
    SPI_WriteByte                            0x08005b1d   Thumb Code    20  spi.o(i.SPI_WriteByte)
    SPI_WriteBytes                           0x08005b35   Thumb Code    36  spi.o(i.SPI_WriteBytes)
    SignalRadioIRQ                           0x08005b5d   Thumb Code    14  radio.o(i.SignalRadioIRQ)
    SysTick_Handler                          0x08005b71   Thumb Code    22  system_interrupts.o(i.SysTick_Handler)
    SystemClock_Config                       0x08005b89   Thumb Code   108  hwctrl.o(i.SystemClock_Config)
    SystemInit                               0x08005bfd   Thumb Code    58  system_stm32f4xx.o(i.SystemInit)
    TMP102_To_Float                          0x08005c49   Thumb Code    18  sensor_conversions.o(i.TMP102_To_Float)
    _sys_exit                                0x08005c61   Thumb Code     2  retarget.o(i._sys_exit)
    assert_failed                            0x08005c63   Thumb Code     2  main.o(i.assert_failed)
    main                                     0x08005c71   Thumb Code    82  main.o(i.main)
    makeFreeRtosPriority                     0x08005ce1   Thumb Code    12  main.o(i.makeFreeRtosPriority)
    osDelay                                  0x08005ced   Thumb Code    14  cmsis_os.o(i.osDelay)
    osMessageCreate                          0x08005cfb   Thumb Code    10  cmsis_os.o(i.osMessageCreate)
    osMessageGet                             0x08005d05   Thumb Code   134  cmsis_os.o(i.osMessageGet)
    osMessagePut                             0x08005d91   Thumb Code    80  cmsis_os.o(i.osMessagePut)
    pvPortMalloc                             0x08005fe5   Thumb Code   182  heap_4.o(i.pvPortMalloc)
    pvTaskIncrementMutexHeldCount            0x080060a1   Thumb Code    18  tasks.o(i.pvTaskIncrementMutexHeldCount)
    pxPortInitialiseStack                    0x080060b9   Thumb Code    36  port.o(i.pxPortInitialiseStack)
    radio_comm_ClearCTS                      0x080060e1   Thumb Code     8  radio_comm.o(i.radio_comm_ClearCTS)
    radio_comm_GetResp                       0x080060ed   Thumb Code    76  radio_comm.o(i.radio_comm_GetResp)
    radio_comm_PollCTS                       0x0800613d   Thumb Code     8  radio_comm.o(i.radio_comm_PollCTS)
    radio_comm_ReadData                      0x08006145   Thumb Code    56  radio_comm.o(i.radio_comm_ReadData)
    radio_comm_SendCmd                       0x08006181   Thumb Code    42  radio_comm.o(i.radio_comm_SendCmd)
    radio_comm_SendCmdGetResp                0x080061b1   Thumb Code    22  radio_comm.o(i.radio_comm_SendCmdGetResp)
    radio_comm_WriteData                     0x080061c9   Thumb Code    56  radio_comm.o(i.radio_comm_WriteData)
    radio_hal_AssertShutdown                 0x08006205   Thumb Code    10  radio_hal.o(i.radio_hal_AssertShutdown)
    radio_hal_ClearNsel                      0x08006215   Thumb Code    12  radio_hal.o(i.radio_hal_ClearNsel)
    radio_hal_DeassertShutdown               0x08006225   Thumb Code    10  radio_hal.o(i.radio_hal_DeassertShutdown)
    radio_hal_NirqLevel                      0x08006235   Thumb Code     8  radio_hal.o(i.radio_hal_NirqLevel)
    radio_hal_SetNsel                        0x08006241   Thumb Code    10  radio_hal.o(i.radio_hal_SetNsel)
    radio_hal_SpiReadByte                    0x08006251   Thumb Code    18  radio_hal.o(i.radio_hal_SpiReadByte)
    radio_hal_SpiReadData                    0x08006263   Thumb Code    20  radio_hal.o(i.radio_hal_SpiReadData)
    radio_hal_SpiWriteByte                   0x08006277   Thumb Code    14  radio_hal.o(i.radio_hal_SpiWriteByte)
    radio_hal_SpiWriteData                   0x08006285   Thumb Code    20  radio_hal.o(i.radio_hal_SpiWriteData)
    si446x_change_state                      0x08006299   Thumb Code    14  si446x_api_lib.o(i.si446x_change_state)
    si446x_configuration_init                0x080062ad   Thumb Code    96  si446x_api_lib.o(i.si446x_configuration_init)
    si446x_fifo_info                         0x08006311   Thumb Code    36  si446x_api_lib.o(i.si446x_fifo_info)
    si446x_get_int_status                    0x08006339   Thumb Code    64  si446x_api_lib.o(i.si446x_get_int_status)
    si446x_read_rx_fifo                      0x0800637d   Thumb Code    12  si446x_api_lib.o(i.si446x_read_rx_fifo)
    si446x_reset                             0x08006389   Thumb Code    30  si446x_api_lib.o(i.si446x_reset)
    si446x_start_rx                          0x080063ad   Thumb Code    38  si446x_api_lib.o(i.si446x_start_rx)
    si446x_start_tx                          0x080063d9   Thumb Code    34  si446x_api_lib.o(i.si446x_start_tx)
    si446x_write_tx_fifo                     0x08006401   Thumb Code    12  si446x_api_lib.o(i.si446x_write_tx_fifo)
    uxListRemove                             0x0800640d   Thumb Code    36  list.o(i.uxListRemove)
    vApplicationStackOverflowHook            0x08006431   Thumb Code    10  main.o(i.vApplicationStackOverflowHook)
    vListInitialise                          0x08006441   Thumb Code    22  list.o(i.vListInitialise)
    vListInitialiseItem                      0x08006457   Thumb Code     6  list.o(i.vListInitialiseItem)
    vListInsert                              0x0800645d   Thumb Code    48  list.o(i.vListInsert)
    vListInsertEnd                           0x0800648d   Thumb Code    24  list.o(i.vListInsertEnd)
    vPortEnterCritical                       0x080064a5   Thumb Code    42  port.o(i.vPortEnterCritical)
    vPortExitCritical                        0x080064d9   Thumb Code    30  port.o(i.vPortExitCritical)
    vPortFree                                0x080064fd   Thumb Code    68  heap_4.o(i.vPortFree)
    vPortSetupTimerInterrupt                 0x08006545   Thumb Code    26  port.o(i.vPortSetupTimerInterrupt)
    vPortValidateInterruptPriority           0x08006565   Thumb Code    54  port.o(i.vPortValidateInterruptPriority)
    vPortYield                               0x080065a5   Thumb Code    18  port.o(i.vPortYield)
    vTaskDelay                               0x080065bd   Thumb Code    76  tasks.o(i.vTaskDelay)
    vTaskMissedYield                         0x0800660d   Thumb Code     8  tasks.o(i.vTaskMissedYield)
    vTaskPlaceOnEventList                    0x08006619   Thumb Code    80  tasks.o(i.vTaskPlaceOnEventList)
    vTaskPriorityInherit                     0x08006671   Thumb Code   124  tasks.o(i.vTaskPriorityInherit)
    vTaskSetTimeOutState                     0x080066f5   Thumb Code    22  tasks.o(i.vTaskSetTimeOutState)
    vTaskStartScheduler                      0x08006711   Thumb Code    62  tasks.o(i.vTaskStartScheduler)
    vTaskSuspendAll                          0x08006761   Thumb Code    10  tasks.o(i.vTaskSuspendAll)
    vTaskSwitchContext                       0x08006771   Thumb Code    96  tasks.o(i.vTaskSwitchContext)
    xPortStartScheduler                      0x080067d9   Thumb Code   122  port.o(i.xPortStartScheduler)
    xPortSysTickHandler                      0x08006865   Thumb Code    30  port.o(i.xPortSysTickHandler)
    xQueueGenericCreate                      0x08006889   Thumb Code    70  queue.o(i.xQueueGenericCreate)
    xQueueGenericReceive                     0x080068cf   Thumb Code   312  queue.o(i.xQueueGenericReceive)
    xQueueGenericReset                       0x08006a07   Thumb Code   106  queue.o(i.xQueueGenericReset)
    xQueueGenericSend                        0x08006a71   Thumb Code   288  queue.o(i.xQueueGenericSend)
    xQueueGenericSendFromISR                 0x08006b91   Thumb Code   146  queue.o(i.xQueueGenericSendFromISR)
    xQueueReceiveFromISR                     0x08006c23   Thumb Code   118  queue.o(i.xQueueReceiveFromISR)
    xTaskCheckForTimeOut                     0x08006c99   Thumb Code    82  tasks.o(i.xTaskCheckForTimeOut)
    xTaskGenericCreate                       0x08006cf1   Thumb Code   380  tasks.o(i.xTaskGenericCreate)
    xTaskGetSchedulerState                   0x08006e75   Thumb Code    22  tasks.o(i.xTaskGetSchedulerState)
    xTaskIncrementTick                       0x08006e91   Thumb Code   184  tasks.o(i.xTaskIncrementTick)
    xTaskPriorityDisinherit                  0x08006f51   Thumb Code   112  tasks.o(i.xTaskPriorityDisinherit)
    xTaskRemoveFromEventList                 0x08006fc9   Thumb Code    98  tasks.o(i.xTaskRemoveFromEventList)
    xTaskResumeAll                           0x08007035   Thumb Code   162  tasks.o(i.xTaskResumeAll)
    _fp_init                                 0x080070e1   Thumb Code    10  fpinit.o(x$fpl$fpinit)
    __fplib_config_fpu_vfp                   0x080070e9   Thumb Code     0  fpinit.o(x$fpl$fpinit)
    __fplib_config_pureend_doubles           0x080070e9   Thumb Code     0  fpinit.o(x$fpl$fpinit)
    APBAHBPrescTable                         0x08007104   Data          16  stm32f4xx_hal_rcc.o(.constdata)
    Region$$Table$$Base                      0x08007114   Number         0  anon$$obj.o(Region$$Table)
    HEADER                                   0x08007134   Data          16  metadata.o(__Header)
    Region$$Table$$Limit                     0x08007134   Number         0  anon$$obj.o(Region$$Table)
    Radio_Configuration_Data_Array           0x20000000   Data         798  radio.o(.data)
    pRadioConfiguration                      0x20000324   Data           4  radio.o(.data)
    radioTxMsgQ                              0x20000328   Data           4  radio.o(.data)
    radioRxMsgQ                              0x2000032c   Data           4  radio.o(.data)
    radioWakeupMsgQ                          0x20000330   Data           4  radio.o(.data)
    RadioConfiguration                       0x20000338   Data          76  radio.o(.data)
    sendRadioCmd                             0x20000384   Data           1  system_interrupts.o(.data)
    SystemCoreClock                          0x2000038c   Data           4  system_stm32f4xx.o(.data)
    AHBPrescTable                            0x20000390   Data          16  system_stm32f4xx.o(.data)
    pxCurrentTCB                             0x200003a0   Data           4  tasks.o(.data)
    ctsWentHigh                              0x200003f8   Data           1  radio_comm.o(.data)
    SpiHandle                                0x200003fc   Data          88  radio.o(.bss)
    Si446xCmd                                0x20004198   Data          16  si446x_api_lib.o(.bss)
    Pro2Cmd                                  0x200041a8   Data          16  si446x_api_lib.o(.bss)
    __libspace_start                         0x200041b8   Data          96  libspace.o(.bss)
    __temporary_stack_top$libspace           0x20004218   Data           0  libspace.o(.bss)



==============================================================================

Memory Map of the image

  Image Entry point : 0x08004189

  Load Region LR_IROM1 (Base: 0x08004000, Size: 0x00003540, Max: 0x000fc000, ABSOLUTE, COMPRESSED[0x00003468])

    Execution Region ER_IROM1 (Base: 0x08004000, Size: 0x00003144, Max: 0x000fc000, ABSOLUTE)

    Base Addr    Size         Type   Attr      Idx    E Section Name        Object

    0x08004000   0x00000188   Data   RO          592    RESET               startup_stm32f407xx.o
    0x08004188   0x00000008   Code   RO         7573  * !!!main             c_w.l(__main.o)
    0x08004190   0x00000034   Code   RO         7727    !!!scatter          c_w.l(__scatter.o)
    0x080041c4   0x0000005a   Code   RO         7725    !!dczerorl2         c_w.l(__dczerorl2.o)
    0x0800421e   0x00000002   PAD
    0x08004220   0x0000001c   Code   RO         7729    !!handler_zi        c_w.l(__scatter_zi.o)
    0x0800423c   0x00000002   Code   RO         7602    .ARM.Collect$$libinit$$00000000  c_w.l(libinit.o)
    0x0800423e   0x00000004   Code   RO         7608    .ARM.Collect$$libinit$$00000001  c_w.l(libinit2.o)
    0x08004242   0x00000000   Code   RO         7611    .ARM.Collect$$libinit$$00000004  c_w.l(libinit2.o)
    0x08004242   0x00000000   Code   RO         7614    .ARM.Collect$$libinit$$0000000A  c_w.l(libinit2.o)
    0x08004242   0x00000000   Code   RO         7616    .ARM.Collect$$libinit$$0000000C  c_w.l(libinit2.o)
    0x08004242   0x00000000   Code   RO         7618    .ARM.Collect$$libinit$$0000000E  c_w.l(libinit2.o)
    0x08004242   0x00000000   Code   RO         7621    .ARM.Collect$$libinit$$00000011  c_w.l(libinit2.o)
    0x08004242   0x00000000   Code   RO         7623    .ARM.Collect$$libinit$$00000013  c_w.l(libinit2.o)
    0x08004242   0x00000000   Code   RO         7625    .ARM.Collect$$libinit$$00000015  c_w.l(libinit2.o)
    0x08004242   0x00000000   Code   RO         7627    .ARM.Collect$$libinit$$00000017  c_w.l(libinit2.o)
    0x08004242   0x00000000   Code   RO         7629    .ARM.Collect$$libinit$$00000019  c_w.l(libinit2.o)
    0x08004242   0x00000000   Code   RO         7631    .ARM.Collect$$libinit$$0000001B  c_w.l(libinit2.o)
    0x08004242   0x00000000   Code   RO         7633    .ARM.Collect$$libinit$$0000001D  c_w.l(libinit2.o)
    0x08004242   0x00000000   Code   RO         7635    .ARM.Collect$$libinit$$0000001F  c_w.l(libinit2.o)
    0x08004242   0x00000000   Code   RO         7637    .ARM.Collect$$libinit$$00000021  c_w.l(libinit2.o)
    0x08004242   0x00000000   Code   RO         7639    .ARM.Collect$$libinit$$00000023  c_w.l(libinit2.o)
    0x08004242   0x00000000   Code   RO         7641    .ARM.Collect$$libinit$$00000025  c_w.l(libinit2.o)
    0x08004242   0x00000000   Code   RO         7645    .ARM.Collect$$libinit$$0000002C  c_w.l(libinit2.o)
    0x08004242   0x00000000   Code   RO         7647    .ARM.Collect$$libinit$$0000002E  c_w.l(libinit2.o)
    0x08004242   0x00000000   Code   RO         7649    .ARM.Collect$$libinit$$00000030  c_w.l(libinit2.o)
    0x08004242   0x00000000   Code   RO         7651    .ARM.Collect$$libinit$$00000032  c_w.l(libinit2.o)
    0x08004242   0x00000002   Code   RO         7652    .ARM.Collect$$libinit$$00000033  c_w.l(libinit2.o)
    0x08004244   0x00000002   Code   RO         7670    .ARM.Collect$$libshutdown$$00000000  c_w.l(libshutdown.o)
    0x08004246   0x00000000   Code   RO         7681    .ARM.Collect$$libshutdown$$00000003  c_w.l(libshutdown2.o)
    0x08004246   0x00000000   Code   RO         7684    .ARM.Collect$$libshutdown$$00000006  c_w.l(libshutdown2.o)
    0x08004246   0x00000000   Code   RO         7687    .ARM.Collect$$libshutdown$$00000009  c_w.l(libshutdown2.o)
    0x08004246   0x00000000   Code   RO         7689    .ARM.Collect$$libshutdown$$0000000B  c_w.l(libshutdown2.o)
    0x08004246   0x00000000   Code   RO         7692    .ARM.Collect$$libshutdown$$0000000E  c_w.l(libshutdown2.o)
    0x08004246   0x00000002   Code   RO         7693    .ARM.Collect$$libshutdown$$0000000F  c_w.l(libshutdown2.o)
    0x08004248   0x00000000   Code   RO         7575    .ARM.Collect$$rtentry$$00000000  c_w.l(__rtentry.o)
    0x08004248   0x00000000   Code   RO         7579    .ARM.Collect$$rtentry$$00000002  c_w.l(__rtentry2.o)
    0x08004248   0x00000006   Code   RO         7591    .ARM.Collect$$rtentry$$00000004  c_w.l(__rtentry4.o)
    0x0800424e   0x00000000   Code   RO         7581    .ARM.Collect$$rtentry$$00000009  c_w.l(__rtentry2.o)
    0x0800424e   0x00000004   Code   RO         7582    .ARM.Collect$$rtentry$$0000000A  c_w.l(__rtentry2.o)
    0x08004252   0x00000000   Code   RO         7584    .ARM.Collect$$rtentry$$0000000C  c_w.l(__rtentry2.o)
    0x08004252   0x00000008   Code   RO         7585    .ARM.Collect$$rtentry$$0000000D  c_w.l(__rtentry2.o)
    0x0800425a   0x00000002   Code   RO         7606    .ARM.Collect$$rtexit$$00000000  c_w.l(rtexit.o)
    0x0800425c   0x00000000   Code   RO         7654    .ARM.Collect$$rtexit$$00000002  c_w.l(rtexit2.o)
    0x0800425c   0x00000004   Code   RO         7655    .ARM.Collect$$rtexit$$00000003  c_w.l(rtexit2.o)
    0x08004260   0x00000006   Code   RO         7656    .ARM.Collect$$rtexit$$00000004  c_w.l(rtexit2.o)
    0x08004266   0x00000002   PAD
    0x08004268   0x000000c6   Code   RO         6852    .emb_text           port.o
    0x0800432e   0x00000002   PAD
    0x08004330   0x00000040   Code   RO          593    .text               startup_stm32f407xx.o
    0x08004370   0x00000002   Code   RO         7561    .text               c_w.l(use_no_semi.o)
    0x08004372   0x0000008a   Code   RO         7563    .text               c_w.l(rt_memcpy_v6.o)
    0x080043fc   0x00000064   Code   RO         7565    .text               c_w.l(rt_memcpy_w.o)
    0x08004460   0x00000010   Code   RO         7567    .text               c_w.l(aeabi_memset.o)
    0x08004470   0x0000004e   Code   RO         7569    .text               c_w.l(rt_memclr_w.o)
    0x080044be   0x00000006   Code   RO         7571    .text               c_w.l(heapauxi.o)
    0x080044c4   0x00000044   Code   RO         7576    .text               c_w.l(rt_memclr.o)
    0x08004508   0x0000004a   Code   RO         7593    .text               c_w.l(sys_stackheap_outer.o)
    0x08004552   0x0000000c   Code   RO         7595    .text               c_w.l(exit.o)
    0x0800455e   0x00000002   PAD
    0x08004560   0x00000008   Code   RO         7603    .text               c_w.l(libspace.o)
    0x08004568   0x0000001c   Code   RO          530    i.EXTI0_IRQHandler  system_interrupts.o
    0x08004584   0x00000010   Code   RO          531    i.EXTI1_IRQHandler  system_interrupts.o
    0x08004594   0x0000030c   Code   RO         2174    i.HAL_GPIO_Init     stm32f4xx_hal_gpio.o
    0x080048a0   0x00000054   Code   RO         2176    i.HAL_GPIO_ReadPin  stm32f4xx_hal_gpio.o
    0x080048f4   0x00000068   Code   RO         2178    i.HAL_GPIO_WritePin  stm32f4xx_hal_gpio.o
    0x0800495c   0x0000000c   Code   RO          728    i.HAL_GetTick       stm32f4xx_hal.o
    0x08004968   0x00000010   Code   RO          729    i.HAL_IncTick       stm32f4xx_hal.o
    0x08004978   0x00000034   Code   RO          730    i.HAL_Init          stm32f4xx_hal.o
    0x080049ac   0x00000022   Code   RO          731    i.HAL_InitTick      stm32f4xx_hal.o
    0x080049ce   0x00000002   Code   RO         2727    i.HAL_MspInit       stm32f4xx_hal_msp_template.o
    0x080049d0   0x0000005c   Code   RO         1174    i.HAL_NVIC_EnableIRQ  stm32f4xx_hal_cortex.o
    0x08004a2c   0x00000098   Code   RO         1180    i.HAL_NVIC_SetPriority  stm32f4xx_hal_cortex.o
    0x08004ac4   0x0000007c   Code   RO         1181    i.HAL_NVIC_SetPriorityGrouping  stm32f4xx_hal_cortex.o
    0x08004b40   0x0000035c   Code   RO         3051    i.HAL_RCC_ClockConfig  stm32f4xx_hal_rcc.o
    0x08004e9c   0x00000034   Code   RO         3056    i.HAL_RCC_GetHCLKFreq  stm32f4xx_hal_rcc.o
    0x08004ed0   0x00000074   Code   RO         3060    i.HAL_RCC_GetSysClockFreq  stm32f4xx_hal_rcc.o
    0x08004f44   0x00000444   Code   RO         3063    i.HAL_RCC_OscConfig  stm32f4xx_hal_rcc.o
    0x08005388   0x000001a0   Code   RO         3982    i.HAL_SPI_Init      stm32f4xx_hal_spi.o
    0x08005528   0x00000002   Code   RO         3984    i.HAL_SPI_MspInit   stm32f4xx_hal_spi.o
    0x0800552a   0x00000028   Code   RO         1185    i.HAL_SYSTICK_Config  stm32f4xx_hal_cortex.o
    0x08005552   0x00000002   PAD
    0x08005554   0x00000028   Code   RO         7393    i.HTU21D_Humid_To_Float  sensor_conversions.o
    0x0800557c   0x0000002c   Code   RO         7394    i.HTU21D_Temp_To_Float  sensor_conversions.o
    0x080055a8   0x0000000e   Code   RO            4    i.HwCtrl_Init       hwctrl.o
    0x080055b6   0x00000002   PAD
    0x080055b8   0x0000002c   Code   RO          208    i.LedBlinkTask      led_task.o
    0x080055e4   0x00000074   Code   RO          209    i.LedTaskHwInit     led_task.o
    0x08005658   0x00000020   Code   RO         1187    i.NVIC_SetPriority  stm32f4xx_hal_cortex.o
    0x08005678   0x000000a8   Code   RO          342    i.ParseSensorMessage  radio.o
    0x08005720   0x000000f0   Code   RO          343    i.RadioTask         radio.o
    0x08005810   0x0000006c   Code   RO          344    i.RadioTaskHandleIRQ  radio.o
    0x0800587c   0x00000150   Code   RO          345    i.RadioTaskHwInit   radio.o
    0x080059cc   0x000000c4   Code   RO          346    i.RadioTaskOSInit   radio.o
    0x08005a90   0x0000000a   Code   RO         7395    i.SMS_To_Float      sensor_conversions.o
    0x08005a9a   0x00000002   PAD
    0x08005a9c   0x0000001c   Code   RO         7446    i.SPI_ReadByte      spi.o
    0x08005ab8   0x0000002c   Code   RO         7447    i.SPI_ReadBytes     spi.o
    0x08005ae4   0x00000018   Code   RO         7448    i.SPI_WaitForNotBusy  spi.o
    0x08005afc   0x00000010   Code   RO         7449    i.SPI_WaitForRX     spi.o
    0x08005b0c   0x00000010   Code   RO         7450    i.SPI_WaitForTX     spi.o
    0x08005b1c   0x00000018   Code   RO         7451    i.SPI_WriteByte     spi.o
    0x08005b34   0x00000028   Code   RO         7452    i.SPI_WriteBytes    spi.o
    0x08005b5c   0x00000014   Code   RO          349    i.SignalRadioIRQ    radio.o
    0x08005b70   0x00000016   Code   RO          532    i.SysTick_Handler   system_interrupts.o
    0x08005b86   0x00000002   PAD
    0x08005b88   0x00000074   Code   RO            5    i.SystemClock_Config  hwctrl.o
    0x08005bfc   0x0000004c   Code   RO         6000    i.SystemInit        system_stm32f4xx.o
    0x08005c48   0x00000018   Code   RO         7396    i.TMP102_To_Float   sensor_conversions.o
    0x08005c60   0x00000002   Code   RO          665    i._sys_exit         retarget.o
    0x08005c62   0x00000002   Code   RO          291    i.assert_failed     main.o
    0x08005c64   0x0000000c   Code   RO         6581    i.inHandlerMode     cmsis_os.o
    0x08005c70   0x00000070   Code   RO          292    i.main              main.o
    0x08005ce0   0x0000000c   Code   RO          293    i.makeFreeRtosPriority  main.o
    0x08005cec   0x0000000e   Code   RO         6583    i.osDelay           cmsis_os.o
    0x08005cfa   0x0000000a   Code   RO         6588    i.osMessageCreate   cmsis_os.o
    0x08005d04   0x0000008c   Code   RO         6589    i.osMessageGet      cmsis_os.o
    0x08005d90   0x00000054   Code   RO         6591    i.osMessagePut      cmsis_os.o
    0x08005de4   0x00000034   Code   RO         6346    i.prvAddCurrentTaskToDelayedList  tasks.o
    0x08005e18   0x00000026   Code   RO         6187    i.prvCopyDataFromQueue  queue.o
    0x08005e3e   0x0000006e   Code   RO         6188    i.prvCopyDataToQueue  queue.o
    0x08005eac   0x0000004c   Code   RO         6923    i.prvHeapInit       heap_4.o
    0x08005ef8   0x00000002   Code   RO         6347    i.prvIdleTask       tasks.o
    0x08005efa   0x00000002   PAD
    0x08005efc   0x0000004c   Code   RO         6924    i.prvInsertBlockIntoFreeList  heap_4.o
    0x08005f48   0x00000020   Code   RO         6349    i.prvResetNextTaskUnblockTime  tasks.o
    0x08005f68   0x00000018   Code   RO         6853    i.prvTaskExitError  port.o
    0x08005f80   0x00000064   Code   RO         6189    i.prvUnlockQueue    queue.o
    0x08005fe4   0x000000bc   Code   RO         6925    i.pvPortMalloc      heap_4.o
    0x080060a0   0x00000018   Code   RO         6351    i.pvTaskIncrementMutexHeldCount  tasks.o
    0x080060b8   0x00000028   Code   RO         6854    i.pxPortInitialiseStack  port.o
    0x080060e0   0x0000000c   Code   RO         6975    i.radio_comm_ClearCTS  radio_comm.o
    0x080060ec   0x00000050   Code   RO         6976    i.radio_comm_GetResp  radio_comm.o
    0x0800613c   0x00000008   Code   RO         6977    i.radio_comm_PollCTS  radio_comm.o
    0x08006144   0x0000003c   Code   RO         6978    i.radio_comm_ReadData  radio_comm.o
    0x08006180   0x00000030   Code   RO         6979    i.radio_comm_SendCmd  radio_comm.o
    0x080061b0   0x00000016   Code   RO         6980    i.radio_comm_SendCmdGetResp  radio_comm.o
    0x080061c6   0x00000002   PAD
    0x080061c8   0x0000003c   Code   RO         6981    i.radio_comm_WriteData  radio_comm.o
    0x08006204   0x00000010   Code   RO         7092    i.radio_hal_AssertShutdown  radio_hal.o
    0x08006214   0x00000010   Code   RO         7093    i.radio_hal_ClearNsel  radio_hal.o
    0x08006224   0x00000010   Code   RO         7094    i.radio_hal_DeassertShutdown  radio_hal.o
    0x08006234   0x0000000c   Code   RO         7099    i.radio_hal_NirqLevel  radio_hal.o
    0x08006240   0x00000010   Code   RO         7100    i.radio_hal_SetNsel  radio_hal.o
    0x08006250   0x00000012   Code   RO         7101    i.radio_hal_SpiReadByte  radio_hal.o
    0x08006262   0x00000014   Code   RO         7102    i.radio_hal_SpiReadData  radio_hal.o
    0x08006276   0x0000000e   Code   RO         7103    i.radio_hal_SpiWriteByte  radio_hal.o
    0x08006284   0x00000014   Code   RO         7104    i.radio_hal_SpiWriteData  radio_hal.o
    0x08006298   0x00000014   Code   RO         7189    i.si446x_change_state  si446x_api_lib.o
    0x080062ac   0x00000064   Code   RO         7190    i.si446x_configuration_init  si446x_api_lib.o
    0x08006310   0x00000028   Code   RO         7191    i.si446x_fifo_info  si446x_api_lib.o
    0x08006338   0x00000044   Code   RO         7192    i.si446x_get_int_status  si446x_api_lib.o
    0x0800637c   0x0000000c   Code   RO         7198    i.si446x_read_rx_fifo  si446x_api_lib.o
    0x08006388   0x00000024   Code   RO         7199    i.si446x_reset      si446x_api_lib.o
    0x080063ac   0x0000002c   Code   RO         7201    i.si446x_start_rx   si446x_api_lib.o
    0x080063d8   0x00000028   Code   RO         7202    i.si446x_start_tx   si446x_api_lib.o
    0x08006400   0x0000000c   Code   RO         7203    i.si446x_write_tx_fifo  si446x_api_lib.o
    0x0800640c   0x00000024   Code   RO         6151    i.uxListRemove      list.o
    0x08006430   0x00000010   Code   RO          294    i.vApplicationStackOverflowHook  main.o
    0x08006440   0x00000016   Code   RO         6152    i.vListInitialise   list.o
    0x08006456   0x00000006   Code   RO         6153    i.vListInitialiseItem  list.o
    0x0800645c   0x00000030   Code   RO         6154    i.vListInsert       list.o
    0x0800648c   0x00000018   Code   RO         6155    i.vListInsertEnd    list.o
    0x080064a4   0x00000034   Code   RO         6856    i.vPortEnterCritical  port.o
    0x080064d8   0x00000024   Code   RO         6857    i.vPortExitCritical  port.o
    0x080064fc   0x00000048   Code   RO         6926    i.vPortFree         heap_4.o
    0x08006544   0x00000020   Code   RO         6858    i.vPortSetupTimerInterrupt  port.o
    0x08006564   0x00000040   Code   RO         6859    i.vPortValidateInterruptPriority  port.o
    0x080065a4   0x00000018   Code   RO         6860    i.vPortYield        port.o
    0x080065bc   0x00000050   Code   RO         6357    i.vTaskDelay        tasks.o
    0x0800660c   0x0000000c   Code   RO         6359    i.vTaskMissedYield  tasks.o
    0x08006618   0x00000058   Code   RO         6360    i.vTaskPlaceOnEventList  tasks.o
    0x08006670   0x00000084   Code   RO         6362    i.vTaskPriorityInherit  tasks.o
    0x080066f4   0x0000001c   Code   RO         6366    i.vTaskSetTimeOutState  tasks.o
    0x08006710   0x00000050   Code   RO         6367    i.vTaskStartScheduler  tasks.o
    0x08006760   0x00000010   Code   RO         6369    i.vTaskSuspendAll   tasks.o
    0x08006770   0x00000068   Code   RO         6370    i.vTaskSwitchContext  tasks.o
    0x080067d8   0x0000008c   Code   RO         6861    i.xPortStartScheduler  port.o
    0x08006864   0x00000024   Code   RO         6862    i.xPortSysTickHandler  port.o
    0x08006888   0x00000046   Code   RO         6201    i.xQueueGenericCreate  queue.o
    0x080068ce   0x00000138   Code   RO         6202    i.xQueueGenericReceive  queue.o
    0x08006a06   0x0000006a   Code   RO         6203    i.xQueueGenericReset  queue.o
    0x08006a70   0x00000120   Code   RO         6204    i.xQueueGenericSend  queue.o
    0x08006b90   0x00000092   Code   RO         6205    i.xQueueGenericSendFromISR  queue.o
    0x08006c22   0x00000076   Code   RO         6210    i.xQueueReceiveFromISR  queue.o
    0x08006c98   0x00000058   Code   RO         6371    i.xTaskCheckForTimeOut  tasks.o
    0x08006cf0   0x00000184   Code   RO         6372    i.xTaskGenericCreate  tasks.o
    0x08006e74   0x0000001c   Code   RO         6374    i.xTaskGetSchedulerState  tasks.o
    0x08006e90   0x000000c0   Code   RO         6377    i.xTaskIncrementTick  tasks.o
    0x08006f50   0x00000078   Code   RO         6378    i.xTaskPriorityDisinherit  tasks.o
    0x08006fc8   0x0000006c   Code   RO         6379    i.xTaskRemoveFromEventList  tasks.o
    0x08007034   0x000000ac   Code   RO         6381    i.xTaskResumeAll    tasks.o
    0x080070e0   0x0000000a   Code   RO         7662    x$fpl$fpinit        fz_wm.l(fpinit.o)
    0x080070ea   0x00000002   PAD
    0x080070ec   0x00000018   Data   RO          353    .constdata          radio.o
    0x08007104   0x00000010   Data   RO         3064    .constdata          stm32f4xx_hal_rcc.o
    0x08007114   0x00000020   Data   RO         7723    Region$$Table       anon$$obj.o
    0x08007134   0x00000010   Data   RO          572    __Header            metadata.o


    Execution Region RW_IRAM1 (Base: 0x20000000, Size: 0x00004818, Max: 0x00020000, ABSOLUTE, COMPRESSED[0x00000324])

    Base Addr    Size         Type   Attr      Idx    E Section Name        Object

    0x20000000   0x0000031e   Data   RW          354    .data               radio.o
    0x2000031e   0x00000002   PAD
    0x20000320   0x00000064   Data   RW          355    .data               radio.o
    0x20000384   0x00000001   Data   RW          533    .data               system_interrupts.o
    0x20000385   0x00000003   PAD
    0x20000388   0x00000004   Data   RW          736    .data               stm32f4xx_hal.o
    0x2000038c   0x00000014   Data   RW         6001    .data               system_stm32f4xx.o
    0x200003a0   0x00000034   Data   RW         6384    .data               tasks.o
    0x200003d4   0x0000000c   Data   RW         6863    .data               port.o
    0x200003e0   0x00000018   Data   RW         6931    .data               heap_4.o
    0x200003f8   0x00000001   Data   RW         6982    .data               radio_comm.o
    0x200003f9   0x00000003   PAD
    0x200003fc   0x000000c0   Zero   RW          351    .bss                radio.o
    0x200004bc   0x000000dc   Zero   RW         6383    .bss                tasks.o
    0x20000598   0x00003c00   Zero   RW         6930    .bss                heap_4.o
    0x20004198   0x00000020   Zero   RW         7204    .bss                si446x_api_lib.o
    0x200041b8   0x00000060   Zero   RW         7604    .bss                c_w.l(libspace.o)
    0x20004218   0x00000200   Zero   RW          591    HEAP                startup_stm32f407xx.o
    0x20004418   0x00000400   Zero   RW          590    STACK               startup_stm32f407xx.o


==============================================================================

Image component sizes


      Code (inc. data)   RO Data    RW Data    ZI Data      Debug   Object Name

       260         10          0          0          0       8778   cmsis_os.o
         0          0          0          0          0        668   console.o
         0          0          0          0          0       1452   event_groups.o
       412         24          0         24      15360       4207   heap_4.o
       130          8          0          0          0     326531   hwctrl.o
       160         14          0          0          0      19911   led_task.o
       136          0          0          0          0       3234   list.o
       142         36          0          0          0       2574   main.o
         0          0         16          0          0        597   metadata.o
       646         86          0         12          0       8646   port.o
      1288          0          0          0          0      10288   queue.o
      1068         88         24        898        192       6530   radio.o
       290         22          0          1          0       8058   radio_comm.o
       148         26          0          0          0       5674   radio_hal.o
         2          0          0          0          0        480   retarget.o
       118         30          0          0          0       2260   sensor_conversions.o
       372         36          0          0         32     211733   si446x_api_lib.o
       192         36          0          0          0       4027   spi.o
        64         26        392          0       1536        840   startup_stm32f407xx.o
       114         16          0          4          0       3670   stm32f4xx_hal.o
       440        182          0          0          0      30203   stm32f4xx_hal_cortex.o
       968        242          0          0          0       3479   stm32f4xx_hal_gpio.o
         2          0          0          0          0        546   stm32f4xx_hal_msp_template.o
      2120        168         16          0          0       5449   stm32f4xx_hal_rcc.o
       418         56          0          0          0       1833   stm32f4xx_hal_spi.o
        66         16          0          1          0       2203   system_interrupts.o
        76         18          0         20          0       1285   system_stm32f4xx.o
      1746        134          0         52        220      17532   tasks.o

    ----------------------------------------------------------------------
     11392       1274        480       1020      17340     692688   Object Totals
         0          0         32          0          0          0   (incl. Generated)
        14          0          0          8          0          0   (incl. Padding)

    ----------------------------------------------------------------------

      Code (inc. data)   RO Data    RW Data    ZI Data      Debug   Library Member Name

        90          0          0          0          0          0   __dczerorl2.o
         8          0          0          0          0         68   __main.o
         0          0          0          0          0          0   __rtentry.o
        12          0          0          0          0          0   __rtentry2.o
         6          0          0          0          0          0   __rtentry4.o
        52          8          0          0          0          0   __scatter.o
        28          0          0          0          0          0   __scatter_zi.o
        16          0          0          0          0         68   aeabi_memset.o
        12          0          0          0          0         72   exit.o
         6          0          0          0          0        152   heapauxi.o
         2          0          0          0          0          0   libinit.o
         6          0          0          0          0          0   libinit2.o
         2          0          0          0          0          0   libshutdown.o
         2          0          0          0          0          0   libshutdown2.o
         8          4          0          0         96         68   libspace.o
        68          0          0          0          0         68   rt_memclr.o
        78          0          0          0          0         80   rt_memclr_w.o
       138          0          0          0          0         68   rt_memcpy_v6.o
       100          0          0          0          0         80   rt_memcpy_w.o
         2          0          0          0          0          0   rtexit.o
        10          0          0          0          0          0   rtexit2.o
        74          0          0          0          0         80   sys_stackheap_outer.o
         2          0          0          0          0         68   use_no_semi.o
        10          0          0          0          0        116   fpinit.o

    ----------------------------------------------------------------------
       740         12          0          0         96        988   Library Totals
         8          0          0          0          0          0   (incl. Padding)

    ----------------------------------------------------------------------

      Code (inc. data)   RO Data    RW Data    ZI Data      Debug   Library Name

       722         12          0          0         96        872   c_w.l
        10          0          0          0          0        116   fz_wm.l

    ----------------------------------------------------------------------
       740         12          0          0         96        988   Library Totals

    ----------------------------------------------------------------------

==============================================================================


      Code (inc. data)   RO Data    RW Data    ZI Data      Debug   

     12132       1286        480       1020      17436     681612   Grand Totals
     12132       1286        480        804      17436     681612   ELF Image Totals (compressed)
     12132       1286        480        804          0          0   ROM Totals

==============================================================================

    Total RO  Size (Code + RO Data)                12612 (  12.32kB)
    Total RW  Size (RW Data + ZI Data)             18456 (  18.02kB)
    Total ROM Size (Code + RO Data + RW Data)      13416 (  13.10kB)

==============================================================================

