Component: ARM Compiler 5.05 update 2 (build 169) Tool: armlink [4d0f33]

==============================================================================

Section Cross References

    main.o(.text) refers to misc.o(.text) for NVIC_PriorityGroupConfig
    main.o(.text) refers to led.o(.text) for LCD_LED_Init
    main.o(.text) refers to stm32f4x7_eth_bsp.o(.text) for ETH_BSP_Config
    main.o(.text) refers to console.o(.text) for ConsoleTaskHwInit
    main.o(.text) refers to radio.o(.text) for RadioTaskHwInit
    main.o(.text) refers to netconf.o(.text) for LwIP_Init
    main.o(.text) refers to tcpecho.o(.text) for tcpecho_init
    main.o(.text) refers to memcpya.o(.text) for __aeabi_memcpy4
    main.o(.text) refers to cmsis_os.o(.text) for osThreadCreate
    main.o(.text) refers to tasks.o(.text) for vTaskStartScheduler
    main.o(.text) refers to debug.o(.text) for ERR
    main.o(.text) refers to main.o(.constdata) for .constdata
    main.o(.constdata) refers to main.o(.conststring) for .conststring
    main.o(.constdata) refers to netconf.o(.text) for LwIP_DHCP_task
    main.o(.constdata) refers to led.o(.text) for ToggleLed4Task
    main.o(.constdata) refers to console.o(.text) for ConsoleTask
    main.o(.constdata) refers to radio.o(.text) for RadioTask
    netconf.o(.text) refers to tcpip.o(.text) for tcpip_init
    netconf.o(.text) refers to netif.o(.text) for netif_add
    netconf.o(.text) refers to dhcp.o(.text) for dhcp_start
    netconf.o(.text) refers to xprintf.o(.text) for xprintf
    netconf.o(.text) refers to tasks.o(.text) for vTaskDelete
    netconf.o(.text) refers to ethernetif.o(.text) for ethernetif_init
    netconf.o(.text) refers to netconf.o(.bss) for .bss
    stm32f4xx_it.o(.text) refers to led.o(.text) for HardfaultBlink
    stm32f4xx_it.o(.text) refers to port.o(.text) for xPortSysTickHandler
    stm32f4xx_it.o(.text) refers to stm32f4x7_eth.o(.text) for ETH_GetDMAFlagStatus
    stm32f4xx_it.o(.text) refers to queue.o(.text) for xQueueGenericSendFromISR
    stm32f4xx_it.o(.text) refers to stm32f4xx_exti.o(.text) for EXTI_ClearFlag
    stm32f4xx_it.o(.text) refers to radio.o(.text) for SignalRadioIRQ
    stm32f4xx_it.o(.text) refers to console.o(.text) for ConsoleGetChar
    stm32f4xx_it.o(.text) refers to uart.o(.text) for UART_ContinueTX
    stm32f4xx_it.o(.text) refers to ethernetif.o(.data) for s_xSemaphore
    system_stm32f4xx.o(.text) refers to system_stm32f4xx.o(.data) for .data
    stm32f4x7_eth_bsp.o(.text) refers to stm32f4xx_rcc.o(.text) for RCC_AHB1PeriphClockCmd
    stm32f4x7_eth_bsp.o(.text) refers to stm32f4x7_eth.o(.text) for ETH_DeInit
    stm32f4x7_eth_bsp.o(.text) refers to misc.o(.text) for NVIC_Init
    stm32f4x7_eth_bsp.o(.text) refers to stm32f4xx_syscfg.o(.text) for SYSCFG_ETH_MediaInterfaceConfig
    stm32f4x7_eth_bsp.o(.text) refers to stm32f4xx_gpio.o(.text) for GPIO_Init
    stm32f4x7_eth_bsp.o(.text) refers to stm32f4x7_eth_bsp.o(.data) for .data
    tcpecho.o(.text) refers to api_lib.o(.text) for netconn_write_partly
    tcpecho.o(.text) refers to printfa.o(i.__0vsnprintf) for vsnprintf
    tcpecho.o(.text) refers to strlen.o(.text) for strlen
    tcpecho.o(.text) refers to xprintf.o(.text) for xprintf
    tcpecho.o(.text) refers to netbuf.o(.text) for netbuf_data
    tcpecho.o(.text) refers to fw_update.o(.text) for Write_Dandelion_Word
    tcpecho.o(.text) refers to stm32f4xx_flash.o(.text) for FLASH_Unlock
    tcpecho.o(.text) refers to debug.o(.text) for ERR
    tcpecho.o(.text) refers to sys_arch.o(.text) for sys_thread_new
    tcpecho.o(.text) refers to tcpecho.o(.data) for .data
    tcpecho.o(.data) refers to tcpecho.o(.conststring) for .conststring
    debug.o(.text) refers to xprintf.o(.text) for xprintf
    debug.o(.text) refers to debug.o(.data) for .data
    console.o(.text) refers to uart.o(.text) for UART_CharTX
    console.o(.text) refers to stm32f4xx_rcc.o(.text) for RCC_AHB1PeriphClockCmd
    console.o(.text) refers to stm32f4xx_gpio.o(.text) for GPIO_Init
    console.o(.text) refers to misc.o(.text) for NVIC_Init
    console.o(.text) refers to cmsis_os.o(.text) for osMessageCreate
    console.o(.text) refers to stm32f4xx_usart.o(.text) for USART_Init
    console.o(.text) refers to xprintf.o(.text) for xprintf
    console.o(.text) refers to heap_4.o(.text) for pvPortMalloc
    console.o(.text) refers to radio.o(.text) for SendToBroadcast
    console.o(.text) refers to debug.o(.text) for ToggleDebug
    console.o(.text) refers to ftp.o(.text) for FTP_Init
    console.o(.text) refers to time_sync.o(.text) for TimeSync
    console.o(.text) refers to console.o(.constdata) for .constdata
    console.o(.text) refers to console.o(.data) for .data
    console.o(.text) refers to xprintf.o(.data) for xfunc_out
    console.o(.text) refers to console.o(.conststring) for .conststring
    console.o(.text) refers to memseta.o(.text) for __aeabi_memclr
    console.o(.text) refers to console.o(.bss) for .bss
[...]
    FLASH_ProgramHalfWord                    0x0800d619   Thumb Code    90  stm32f4xx_flash.o(.text)
    FLASH_ProgramByte                        0x0800d673   Thumb Code   166  stm32f4xx_flash.o(.text)
    FLASH_OB_Unlock                          0x0800d719   Thumb Code    22  stm32f4xx_flash.o(.text)
    FLASH_OB_Lock                            0x0800d72f   Thumb Code    12  stm32f4xx_flash.o(.text)
    FLASH_OB_WRPConfig                       0x0800d73b   Thumb Code    72  stm32f4xx_flash.o(.text)
    FLASH_OB_RDPConfig                       0x0800d783   Thumb Code    40  stm32f4xx_flash.o(.text)
    FLASH_OB_UserConfig                      0x0800d7ab   Thumb Code    88  stm32f4xx_flash.o(.text)
    FLASH_OB_BORConfig                       0x0800d803   Thumb Code    48  stm32f4xx_flash.o(.text)
    FLASH_OB_Launch                          0x0800d833   Thumb Code    12  stm32f4xx_flash.o(.text)
    FLASH_OB_GetUser                         0x0800d83f   Thumb Code    10  stm32f4xx_flash.o(.text)
    FLASH_OB_GetWRP                          0x0800d849   Thumb Code     8  stm32f4xx_flash.o(.text)
    FLASH_OB_GetRDP                          0x0800d851   Thumb Code    16  stm32f4xx_flash.o(.text)
    FLASH_OB_GetBOR                          0x0800d861   Thumb Code    10  stm32f4xx_flash.o(.text)
    FLASH_ITConfig                           0x0800d86b   Thumb Code    66  stm32f4xx_flash.o(.text)
    FLASH_GetFlagStatus                      0x0800d8ad   Thumb Code    64  stm32f4xx_flash.o(.text)
    FLASH_ClearFlag                          0x0800d8ed   Thumb Code    32  stm32f4xx_flash.o(.text)
    RTC_WaitForSynchro                       0x0800d919   Thumb Code    72  stm32f4xx_rtc.o(.text)
    RTC_EnterInitMode                        0x0800d961   Thumb Code    64  stm32f4xx_rtc.o(.text)
    RTC_DeInit                               0x0800d9a1   Thumb Code   174  stm32f4xx_rtc.o(.text)
    RTC_ExitInitMode                         0x0800da4f   Thumb Code    14  stm32f4xx_rtc.o(.text)
    RTC_Init                                 0x0800da5d   Thumb Code   126  stm32f4xx_rtc.o(.text)
    RTC_StructInit                           0x0800dadb   Thumb Code    14  stm32f4xx_rtc.o(.text)
    RTC_WriteProtectionCmd                   0x0800dae9   Thumb Code    42  stm32f4xx_rtc.o(.text)
    RTC_RefClockCmd                          0x0800db13   Thumb Code    78  stm32f4xx_rtc.o(.text)
    RTC_BypassShadowCmd                      0x0800db61   Thumb Code    62  stm32f4xx_rtc.o(.text)
    RTC_SetTime                              0x0800dbc9   Thumb Code   432  stm32f4xx_rtc.o(.text)
    RTC_TimeStructInit                       0x0800dd79   Thumb Code    12  stm32f4xx_rtc.o(.text)
    RTC_GetTime                              0x0800dd85   Thumb Code    88  stm32f4xx_rtc.o(.text)
    RTC_GetSubSecond                         0x0800dddd   Thumb Code    14  stm32f4xx_rtc.o(.text)
    RTC_SetDate                              0x0800ddeb   Thumb Code   340  stm32f4xx_rtc.o(.text)
    RTC_DateStructInit                       0x0800df3f   Thumb Code    14  stm32f4xx_rtc.o(.text)
    RTC_GetDate                              0x0800df4d   Thumb Code    86  stm32f4xx_rtc.o(.text)
    RTC_SetAlarm                             0x0800dfa3   Thumb Code   618  stm32f4xx_rtc.o(.text)
    RTC_AlarmStructInit                      0x0800e20d   Thumb Code    20  stm32f4xx_rtc.o(.text)
    RTC_GetAlarm                             0x0800e221   Thumb Code   154  stm32f4xx_rtc.o(.text)
    RTC_AlarmCmd                             0x0800e2bb   Thumb Code   126  stm32f4xx_rtc.o(.text)
    RTC_AlarmSubSecondConfig                 0x0800e339   Thumb Code   194  stm32f4xx_rtc.o(.text)
    RTC_GetAlarmSubSecond                    0x0800e3fb   Thumb Code    30  stm32f4xx_rtc.o(.text)
    RTC_WakeUpClockConfig                    0x0800e419   Thumb Code    74  stm32f4xx_rtc.o(.text)
    RTC_SetWakeUpCounter                     0x0800e463   Thumb Code    44  stm32f4xx_rtc.o(.text)
    RTC_GetWakeUpCounter                     0x0800e48f   Thumb Code    10  stm32f4xx_rtc.o(.text)
    RTC_WakeUpCmd                            0x0800e499   Thumb Code   110  stm32f4xx_rtc.o(.text)
    RTC_DayLightSavingConfig                 0x0800e507   Thumb Code    86  stm32f4xx_rtc.o(.text)
    RTC_GetStoreOperation                    0x0800e55d   Thumb Code    12  stm32f4xx_rtc.o(.text)
    RTC_OutputConfig                         0x0800e569   Thumb Code   100  stm32f4xx_rtc.o(.text)
    RTC_CoarseCalibConfig                    0x0800e5cd   Thumb Code    84  stm32f4xx_rtc.o(.text)
    RTC_CoarseCalibCmd                       0x0800e621   Thumb Code    80  stm32f4xx_rtc.o(.text)
    RTC_CalibOutputCmd                       0x0800e671   Thumb Code    64  stm32f4xx_rtc.o(.text)
    RTC_CalibOutputConfig                    0x0800e6b1   Thumb Code    60  stm32f4xx_rtc.o(.text)
    RTC_SmoothCalibConfig                    0x0800e6ed   Thumb Code   144  stm32f4xx_rtc.o(.text)
    RTC_TimeStampCmd                         0x0800e77d   Thumb Code    86  stm32f4xx_rtc.o(.text)
    RTC_GetTimeStamp                         0x0800e7d3   Thumb Code   152  stm32f4xx_rtc.o(.text)
    RTC_GetTimeStampSubSecond                0x0800e86b   Thumb Code     8  stm32f4xx_rtc.o(.text)
    RTC_TamperTriggerConfig                  0x0800e873   Thumb Code    66  stm32f4xx_rtc.o(.text)
    RTC_TamperCmd                            0x0800e8b5   Thumb Code    62  stm32f4xx_rtc.o(.text)
    RTC_TamperFilterConfig                   0x0800e8f3   Thumb Code    58  stm32f4xx_rtc.o(.text)
    RTC_TamperSamplingFreqConfig             0x0800e92d   Thumb Code    82  stm32f4xx_rtc.o(.text)
    RTC_TamperPinsPrechargeDuration          0x0800e97f   Thumb Code    58  stm32f4xx_rtc.o(.text)
    RTC_TimeStampOnTamperDetectionCmd        0x0800e9b9   Thumb Code    58  stm32f4xx_rtc.o(.text)
    RTC_TamperPullUpCmd                      0x0800e9f3   Thumb Code    48  stm32f4xx_rtc.o(.text)
    RTC_WriteBackupRegister                  0x0800ea23   Thumb Code   118  stm32f4xx_rtc.o(.text)
    RTC_ReadBackupRegister                   0x0800ea99   Thumb Code   116  stm32f4xx_rtc.o(.text)
    RTC_TamperPinSelection                   0x0800eb0d   Thumb Code    44  stm32f4xx_rtc.o(.text)
    RTC_TimeStampPinSelection                0x0800eb39   Thumb Code    44  stm32f4xx_rtc.o(.text)
    RTC_OutputTypeConfig                     0x0800eb65   Thumb Code    44  stm32f4xx_rtc.o(.text)
    RTC_SynchroShiftConfig                   0x0800eb91   Thumb Code   138  stm32f4xx_rtc.o(.text)
    RTC_ITConfig                             0x0800ec1b   Thumb Code   110  stm32f4xx_rtc.o(.text)
    RTC_GetFlagStatus                        0x0800ec89   Thumb Code   104  stm32f4xx_rtc.o(.text)
    RTC_ClearFlag                            0x0800ecf1   Thumb Code    54  stm32f4xx_rtc.o(.text)
    RTC_GetITStatus                          0x0800ed27   Thumb Code    92  stm32f4xx_rtc.o(.text)
    RTC_ClearITPendingBit                    0x0800ed83   Thumb Code    50  stm32f4xx_rtc.o(.text)
    xCoRoutineCreate                         0x0800edff   Thumb Code   114  croutine.o(.text)
    vCoRoutineAddToDelayedList               0x0800ee71   Thumb Code    66  croutine.o(.text)
    vCoRoutineSchedule                       0x0800ef77   Thumb Code    84  croutine.o(.text)
    xCoRoutineRemoveFromEventList            0x0800efcb   Thumb Code    46  croutine.o(.text)
    vListInitialise                          0x0800f001   Thumb Code    22  list.o(.text)
    vListInitialiseItem                      0x0800f017   Thumb Code     6  list.o(.text)
    vListInsertEnd                           0x0800f01d   Thumb Code    24  list.o(.text)
    vListInsert                              0x0800f035   Thumb Code    48  list.o(.text)
    uxListRemove                             0x0800f065   Thumb Code    36  list.o(.text)
    xQueueGenericReset                       0x0800f089   Thumb Code   108  queue.o(.text)
    xQueueGenericCreate                      0x0800f0f5   Thumb Code    80  queue.o(.text)
    xQueueGenericSend                        0x0800f237   Thumb Code   270  queue.o(.text)
    xQueueCreateMutex                        0x0800f345   Thumb Code    82  queue.o(.text)
    xQueueGiveMutexRecursive                 0x0800f397   Thumb Code    54  queue.o(.text)
    xQueueGenericReceive                     0x0800f40f   Thumb Code   296  queue.o(.text)
    xQueueTakeMutexRecursive                 0x0800f537   Thumb Code    60  queue.o(.text)
    xQueueCreateCountingSemaphore            0x0800f573   Thumb Code    48  queue.o(.text)
    xQueueGenericSendFromISR                 0x0800f5a3   Thumb Code   146  queue.o(.text)
    xQueueReceiveFromISR                     0x0800f635   Thumb Code   118  queue.o(.text)
    xQueuePeekFromISR                        0x0800f6ab   Thumb Code    74  queue.o(.text)
    uxQueueMessagesWaiting                   0x0800f6f5   Thumb Code    28  queue.o(.text)
    uxQueueSpacesAvailable                   0x0800f711   Thumb Code    32  queue.o(.text)
    uxQueueMessagesWaitingFromISR            0x0800f731   Thumb Code    16  queue.o(.text)
    vQueueUnregisterQueue                    0x0800f741   Thumb Code    30  queue.o(.text)
    vQueueDelete                             0x0800f75f   Thumb Code    38  queue.o(.text)
    uxQueueGetQueueNumber                    0x0800f785   Thumb Code     4  queue.o(.text)
    vQueueSetQueueNumber                     0x0800f789   Thumb Code     4  queue.o(.text)
    ucQueueGetQueueType                      0x0800f78d   Thumb Code     6  queue.o(.text)
    xQueueIsQueueEmptyFromISR                0x0800f793   Thumb Code    24  queue.o(.text)
    xQueueIsQueueFullFromISR                 0x0800f7ab   Thumb Code    28  queue.o(.text)
    xQueueCRSend                             0x0800f7c7   Thumb Code   114  queue.o(.text)
    xQueueCRReceive                          0x0800f839   Thumb Code   130  queue.o(.text)
    xQueueCRSendFromISR                      0x0800f8bb   Thumb Code    46  queue.o(.text)
    xQueueCRReceiveFromISR                   0x0800f8e9   Thumb Code    78  queue.o(.text)
    vQueueAddToRegistry                      0x0800f937   Thumb Code    32  queue.o(.text)
    vQueueWaitForMessageRestricted           0x0800f957   Thumb Code    58  queue.o(.text)
    xTaskGenericCreate                       0x0800fa61   Thumb Code   236  tasks.o(.text)
    vTaskDelete                              0x0800fb6b   Thumb Code   132  tasks.o(.text)
    xTaskIncrementTick                       0x0800fbef   Thumb Code   188  tasks.o(.text)
    xTaskResumeAll                           0x0800fcab   Thumb Code   166  tasks.o(.text)
    vTaskSuspendAll                          0x0800fd8d   Thumb Code    10  tasks.o(.text)
    vTaskDelayUntil                          0x0800fd97   Thumb Code   128  tasks.o(.text)
    vTaskDelay                               0x0800fe17   Thumb Code    80  tasks.o(.text)
    uxTaskPriorityGet                        0x0800fe67   Thumb Code    24  tasks.o(.text)
    vTaskPrioritySet                         0x0800fe7f   Thumb Code   166  tasks.o(.text)
    vTaskSwitchContext                       0x0800ff25   Thumb Code   100  tasks.o(.text)
    vTaskSuspend                             0x0800ff89   Thumb Code   146  tasks.o(.text)
    vTaskResume                              0x08010047   Thumb Code    96  tasks.o(.text)
    xTaskResumeFromISR                       0x080100a7   Thumb Code   116  tasks.o(.text)
    vTaskStartScheduler                      0x0801018b   Thumb Code    70  tasks.o(.text)
    vTaskEndScheduler                        0x080101d1   Thumb Code    20  tasks.o(.text)
    xTaskGetTickCount                        0x080101e5   Thumb Code    18  tasks.o(.text)
    xTaskGetTickCountFromISR                 0x080101f7   Thumb Code    22  tasks.o(.text)
    uxTaskGetNumberOfTasks                   0x0801020d   Thumb Code     6  tasks.o(.text)
    uxTaskGetSystemState                     0x080102a5   Thumb Code   140  tasks.o(.text)
    vTaskPlaceOnEventList                    0x08010331   Thumb Code    82  tasks.o(.text)
    vTaskPlaceOnUnorderedEventList           0x08010383   Thumb Code   100  tasks.o(.text)
    vTaskPlaceOnEventListRestricted          0x080103e7   Thumb Code    62  tasks.o(.text)
    xTaskRemoveFromEventList                 0x08010425   Thumb Code   102  tasks.o(.text)
    xTaskRemoveFromUnorderedEventList        0x0801048b   Thumb Code    92  tasks.o(.text)
    vTaskSetTimeOutState                     0x080104e7   Thumb Code    24  tasks.o(.text)
    xTaskCheckForTimeOut                     0x080104ff   Thumb Code    92  tasks.o(.text)
    vTaskMissedYield                         0x0801055b   Thumb Code     8  tasks.o(.text)
    uxTaskGetTaskNumber                      0x08010563   Thumb Code    12  tasks.o(.text)
    vTaskSetTaskNumber                       0x0801056f   Thumb Code    30  tasks.o(.text)
    xTaskGetCurrentTaskHandle                0x0801058d   Thumb Code     6  tasks.o(.text)
    xTaskGetSchedulerState                   0x08010593   Thumb Code    24  tasks.o(.text)
    vTaskPriorityInherit                     0x080105ab   Thumb Code   126  tasks.o(.text)
    xTaskPriorityDisinherit                  0x08010629   Thumb Code   112  tasks.o(.text)
    uxTaskResetEventItemValue                0x08010699   Thumb Code    20  tasks.o(.text)
    pvTaskIncrementMutexHeldCount            0x080106ad   Thumb Code    20  tasks.o(.text)
    xTimerGenericCommand                     0x08010705   Thumb Code    78  timers.o(.text)
    xTimerCreateTimerTask                    0x08010987   Thumb Code    54  timers.o(.text)
    xTimerCreate                             0x080109bd   Thumb Code    72  timers.o(.text)
    pcTimerGetTimerName                      0x08010a05   Thumb Code     4  timers.o(.text)
    xTimerIsTimerActive                      0x08010a09   Thumb Code    26  timers.o(.text)
    pvTimerGetTimerID                        0x08010a23   Thumb Code     4  timers.o(.text)
    pxPortInitialiseStack                    0x08010a59   Thumb Code    26  port.o(.text)
    vPortSetupTimerInterrupt                 0x08010a73   Thumb Code    26  port.o(.text)
    xPortStartScheduler                      0x08010a8d   Thumb Code   118  port.o(.text)
    vPortEndScheduler                        0x08010b03   Thumb Code    20  port.o(.text)
    vPortYield                               0x08010b17   Thumb Code    20  port.o(.text)
    vPortEnterCritical                       0x08010b2b   Thumb Code    46  port.o(.text)
    vPortExitCritical                        0x08010b59   Thumb Code    34  port.o(.text)
    xPortSysTickHandler                      0x08010b7b   Thumb Code    32  port.o(.text)
    vPortValidateInterruptPriority           0x08010b9b   Thumb Code    56  port.o(.text)
    pvPortMalloc                             0x08010c7f   Thumb Code   184  heap_4.o(.text)
    vPortFree                                0x08010d37   Thumb Code    70  heap_4.o(.text)
    xPortGetFreeHeapSize                     0x08010d7d   Thumb Code     8  heap_4.o(.text)
    xPortGetMinimumEverFreeHeapSize          0x08010d85   Thumb Code     8  heap_4.o(.text)
    vPortInitialiseBlocks                    0x08010d8d   Thumb Code     2  heap_4.o(.text)
    osKernelStart                            0x08010dc3   Thumb Code    10  cmsis_os.o(.text)
    osKernelRunning                          0x08010dcd   Thumb Code    18  cmsis_os.o(.text)
    osKernelSysTick                          0x08010ddf   Thumb Code    24  cmsis_os.o(.text)
    osThreadCreate                           0x08010df7   Thumb Code    56  cmsis_os.o(.text)
    osThreadGetId                            0x08010e2f   Thumb Code     4  cmsis_os.o(.text)
    osThreadTerminate                        0x08010e33   Thumb Code    10  cmsis_os.o(.text)
    osThreadYield                            0x08010e3d   Thumb Code    10  cmsis_os.o(.text)
    osThreadSetPriority                      0x08010e47   Thumb Code    22  cmsis_os.o(.text)
    osThreadGetPriority                      0x08010e5d   Thumb Code    12  cmsis_os.o(.text)
    osDelay                                  0x08010e69   Thumb Code    16  cmsis_os.o(.text)
    osTimerCreate                            0x08010e79   Thumb Code    28  cmsis_os.o(.text)
    osTimerStart                             0x08010e95   Thumb Code   210  cmsis_os.o(.text)
    osTimerStop                              0x08010f67   Thumb Code    76  cmsis_os.o(.text)
    osTimerDelete                            0x08010fb3   Thumb Code    44  cmsis_os.o(.text)
    osMutexCreate                            0x08010fdf   Thumb Code     6  cmsis_os.o(.text)
    osMutexWait                              0x08010fe5   Thumb Code    94  cmsis_os.o(.text)
    osMutexRelease                           0x08011043   Thumb Code    72  cmsis_os.o(.text)
    osMutexDelete                            0x0801108b   Thumb Code    24  cmsis_os.o(.text)
    osSemaphoreCreate                        0x080110a3   Thumb Code    48  cmsis_os.o(.text)
    osSemaphoreWait                          0x080110d3   Thumb Code    94  cmsis_os.o(.text)
    osSemaphoreRelease                       0x08011131   Thumb Code    72  cmsis_os.o(.text)
    osSemaphoreDelete                        0x08011179   Thumb Code    24  cmsis_os.o(.text)
    osPoolCreate                             0x08011191   Thumb Code   106  cmsis_os.o(.text)
    osPoolAlloc                              0x080111fb   Thumb Code    94  cmsis_os.o(.text)
    osPoolCAlloc                             0x08011259   Thumb Code    24  cmsis_os.o(.text)
    osPoolFree                               0x08011271   Thumb Code    66  cmsis_os.o(.text)
    osMessageCreate                          0x080112b3   Thumb Code    10  cmsis_os.o(.text)
    osMessagePut                             0x080112bd   Thumb Code    82  cmsis_os.o(.text)
    osMessageGet                             0x0801130f   Thumb Code   136  cmsis_os.o(.text)
    osSystickHandler                         0x08011397   Thumb Code    20  cmsis_os.o(.text)
    osThreadSuspend                          0x080113ab   Thumb Code    10  cmsis_os.o(.text)
    osThreadResume                           0x080113b5   Thumb Code    38  cmsis_os.o(.text)
    osThreadSuspendAll                       0x080113db   Thumb Code    10  cmsis_os.o(.text)
    osThreadResumeAll                        0x080113e5   Thumb Code    18  cmsis_os.o(.text)
    osDelayUntil                             0x080113f7   Thumb Code    20  cmsis_os.o(.text)
    osThreadList                             0x0801140b   Thumb Code     4  cmsis_os.o(.text)
    osMessagePeek                            0x0801140f   Thumb Code    78  cmsis_os.o(.text)
    osRecursiveMutexCreate                   0x0801145d   Thumb Code     6  cmsis_os.o(.text)
    osRecursiveMutexRelease                  0x08011463   Thumb Code    18  cmsis_os.o(.text)
    osRecursiveMutexWait                     0x08011475   Thumb Code    44  cmsis_os.o(.text)
    radio_comm_GetResp                       0x080114a5   Thumb Code    88  radio_comm.o(.text)
    radio_comm_PollCTS                       0x080114fd   Thumb Code     6  radio_comm.o(.text)
    radio_comm_SendCmd                       0x08011503   Thumb Code    42  radio_comm.o(.text)
    radio_comm_ReadData                      0x0801152d   Thumb Code    56  radio_comm.o(.text)
    radio_comm_WriteData                     0x08011565   Thumb Code    56  radio_comm.o(.text)
    radio_comm_ClearCTS                      0x0801159d   Thumb Code     8  radio_comm.o(.text)
    radio_comm_SendCmdGetResp                0x080115a5   Thumb Code    20  radio_comm.o(.text)
    radio_hal_AssertShutdown                 0x080115e9   Thumb Code     8  radio_hal.o(.text)
    radio_hal_DeassertShutdown               0x080115f1   Thumb Code     8  radio_hal.o(.text)
    radio_hal_ClearNsel                      0x080115f9   Thumb Code    10  radio_hal.o(.text)
    radio_hal_SetNsel                        0x08011603   Thumb Code    10  radio_hal.o(.text)
    radio_hal_NirqLevel                      0x0801160d   Thumb Code     8  radio_hal.o(.text)
    radio_hal_SpiWriteByte                   0x08011615   Thumb Code    14  radio_hal.o(.text)
    radio_hal_SpiReadByte                    0x08011623   Thumb Code    18  radio_hal.o(.text)
    radio_hal_SpiWriteData                   0x08011635   Thumb Code    20  radio_hal.o(.text)
    radio_hal_SpiReadData                    0x08011649   Thumb Code    20  radio_hal.o(.text)
    radio_hal_Gpio0Level                     0x0801165d   Thumb Code     4  radio_hal.o(.text)
    radio_hal_Gpio1Level                     0x08011661   Thumb Code     4  radio_hal.o(.text)
    radio_hal_Gpio2Level                     0x08011665   Thumb Code     4  radio_hal.o(.text)
    radio_hal_Gpio3Level                     0x08011669   Thumb Code     4  radio_hal.o(.text)
    si446x_reset                             0x08011675   Thumb Code    34  si446x_api_lib.o(.text)
    si446x_power_up                          0x08011697   Thumb Code    36  si446x_api_lib.o(.text)
    si446x_get_int_status                    0x080116bb   Thumb Code    64  si446x_api_lib.o(.text)
    si446x_configuration_init                0x080116fb   Thumb Code    96  si446x_api_lib.o(.text)
    si446x_part_info                         0x0801175b   Thumb Code    60  si446x_api_lib.o(.text)
    si446x_start_tx                          0x08011797   Thumb Code    34  si446x_api_lib.o(.text)
    si446x_start_rx                          0x080117b9   Thumb Code    38  si446x_api_lib.o(.text)
    si446x_gpio_pin_cfg                      0x080117df   Thumb Code    80  si446x_api_lib.o(.text)
    si446x_set_property                      0x0801182f   Thumb Code    60  si446x_api_lib.o(.text)
    si446x_change_state                      0x0801186b   Thumb Code    14  si446x_api_lib.o(.text)
    si446x_nop                               0x08011879   Thumb Code    12  si446x_api_lib.o(.text)
    si446x_fifo_info                         0x08011885   Thumb Code    36  si446x_api_lib.o(.text)
    si446x_write_tx_fifo                     0x080118a9   Thumb Code    12  si446x_api_lib.o(.text)
    si446x_read_rx_fifo                      0x080118b5   Thumb Code    12  si446x_api_lib.o(.text)
    si446x_get_property                      0x080118c1   Thumb Code    96  si446x_api_lib.o(.text)
    si446x_func_info                         0x08011921   Thumb Code    42  si446x_api_lib.o(.text)
    si446x_frr_a_read                        0x0801194b   Thumb Code    38  si446x_api_lib.o(.text)
    si446x_frr_b_read                        0x08011971   Thumb Code    38  si446x_api_lib.o(.text)
    si446x_frr_c_read                        0x08011997   Thumb Code    38  si446x_api_lib.o(.text)
    si446x_frr_d_read                        0x080119bd   Thumb Code    38  si446x_api_lib.o(.text)
    si446x_get_adc_reading                   0x080119e3   Thumb Code    58  si446x_api_lib.o(.text)
    si446x_get_packet_info                   0x08011a1d   Thumb Code    50  si446x_api_lib.o(.text)
    si446x_get_ph_status                     0x08011a4f   Thumb Code    46  si446x_api_lib.o(.text)
    si446x_get_modem_status                  0x08011a7d   Thumb Code    62  si446x_api_lib.o(.text)
    si446x_get_chip_status                   0x08011abb   Thumb Code    40  si446x_api_lib.o(.text)
    si446x_ircal                             0x08011ae3   Thumb Code    26  si446x_api_lib.o(.text)
    si446x_ircal_manual                      0x08011afd   Thumb Code    38  si446x_api_lib.o(.text)
    si446x_request_device_state              0x08011b23   Thumb Code    34  si446x_api_lib.o(.text)
    si446x_tx_hop                            0x08011b45   Thumb Code    50  si446x_api_lib.o(.text)
    si446x_rx_hop                            0x08011b77   Thumb Code    34  si446x_api_lib.o(.text)
    si446x_start_tx_fast                     0x08011b99   Thumb Code    12  si446x_api_lib.o(.text)
    si446x_start_rx_fast                     0x08011ba5   Thumb Code    12  si446x_api_lib.o(.text)
    si446x_get_int_status_fast_clear         0x08011bb1   Thumb Code    12  si446x_api_lib.o(.text)
    si446x_get_int_status_fast_clear_read    0x08011bbd   Thumb Code    58  si446x_api_lib.o(.text)
    si446x_gpio_pin_cfg_fast                 0x08011bf7   Thumb Code    54  si446x_api_lib.o(.text)
    si446x_get_ph_status_fast_clear          0x08011c2d   Thumb Code    18  si446x_api_lib.o(.text)
    si446x_get_ph_status_fast_clear_read     0x08011c3f   Thumb Code    34  si446x_api_lib.o(.text)
    si446x_get_modem_status_fast_clear       0x08011c61   Thumb Code    18  si446x_api_lib.o(.text)
    si446x_get_modem_status_fast_clear_read  0x08011c73   Thumb Code    60  si446x_api_lib.o(.text)
    si446x_get_chip_status_fast_clear        0x08011caf   Thumb Code    18  si446x_api_lib.o(.text)
    si446x_get_chip_status_fast_clear_read   0x08011cc1   Thumb Code    38  si446x_api_lib.o(.text)
    si446x_fifo_info_fast_reset              0x08011ce7   Thumb Code    14  si446x_api_lib.o(.text)
    si446x_fifo_info_fast_read               0x08011cf5   Thumb Code    34  si446x_api_lib.o(.text)
    netconn_new_with_proto_and_callback      0x08011d1d   Thumb Code    94  api_lib.o(.text)
    netconn_delete                           0x08011d7b   Thumb Code    48  api_lib.o(.text)
    netconn_getaddr                          0x08011dab   Thumb Code    44  api_lib.o(.text)
    netconn_bind                             0x08011dd7   Thumb Code    36  api_lib.o(.text)
    netconn_connect                          0x08011dfb   Thumb Code    34  api_lib.o(.text)
    netconn_disconnect                       0x08011e1d   Thumb Code    28  api_lib.o(.text)
    netconn_listen_with_backlog              0x08011e39   Thumb Code    28  api_lib.o(.text)
    netconn_accept                           0x08011e55   Thumb Code   112  api_lib.o(.text)
    netconn_recv_tcp_pbuf                    0x08011fcd   Thumb Code    22  api_lib.o(.text)
    netconn_recv                             0x08011fe3   Thumb Code   118  api_lib.o(.text)
    netconn_recved                           0x08012059   Thumb Code    40  api_lib.o(.text)
    netconn_send                             0x08012081   Thumb Code    30  api_lib.o(.text)
    netconn_sendto                           0x0801209f   Thumb Code    24  api_lib.o(.text)
    netconn_write_partly                     0x080120b7   Thumb Code   156  api_lib.o(.text)
    netconn_close                            0x08012153   Thumb Code     4  api_lib.o(.text)
    netconn_shutdown                         0x08012157   Thumb Code    22  api_lib.o(.text)
    netconn_gethostbyname                    0x0801216d   Thumb Code    94  api_lib.o(.text)
    netconn_free                             0x08012711   Thumb Code    48  api_msg.o(.text)
    netconn_alloc                            0x08012741   Thumb Code   116  api_msg.o(.text)
    lwip_netconn_do_newconn                  0x080128b3   Thumb Code    52  api_msg.o(.text)
    lwip_netconn_do_delconn                  0x0801297b   Thumb Code   168  api_msg.o(.text)
    lwip_netconn_do_bind                     0x08012a23   Thumb Code   118  api_msg.o(.text)
    lwip_netconn_do_connect                  0x08012b11   Thumb Code   178  api_msg.o(.text)
    lwip_netconn_do_disconnect               0x08012bc3   Thumb Code    62  api_msg.o(.text)
    lwip_netconn_do_listen                   0x08012c01   Thumb Code   208  api_msg.o(.text)
    lwip_netconn_do_send                     0x08012cd1   Thumb Code   100  api_msg.o(.text)
    lwip_netconn_do_recv                     0x08012d35   Thumb Code    94  api_msg.o(.text)
    lwip_netconn_do_write                    0x08012d93   Thumb Code   104  api_msg.o(.text)
    lwip_netconn_do_getaddr                  0x08012dfb   Thumb Code   150  api_msg.o(.text)
    lwip_netconn_do_close                    0x08012e91   Thumb Code   112  api_msg.o(.text)
    lwip_netconn_do_gethostbyname            0x08012f1d   Thumb Code    40  api_msg.o(.text)
    netbuf_new                               0x08012f51   Thumb Code    26  netbuf.o(.text)
    netbuf_delete                            0x08012f6b   Thumb Code    36  netbuf.o(.text)
    netbuf_alloc                             0x08012f8f   Thumb Code    46  netbuf.o(.text)
    netbuf_free                              0x08012fbd   Thumb Code    24  netbuf.o(.text)
    netbuf_ref                               0x08012fd5   Thumb Code    66  netbuf.o(.text)
    netbuf_chain                             0x08013017   Thumb Code    40  netbuf.o(.text)
    netbuf_data                              0x0801303f   Thumb Code    48  netbuf.o(.text)
    netbuf_next                              0x0801306f   Thumb Code    36  netbuf.o(.text)
    netbuf_first                             0x08013093   Thumb Code    10  netbuf.o(.text)
    tcpip_input                              0x08013115   Thumb Code    80  tcpip.o(.text)
    tcpip_callback_with_block                0x08013165   Thumb Code    94  tcpip.o(.text)
    tcpip_apimsg                             0x080131c3   Thumb Code    60  tcpip.o(.text)
    tcpip_callbackmsg_new                    0x080131ff   Thumb Code    28  tcpip.o(.text)
    tcpip_callbackmsg_delete                 0x0801321b   Thumb Code     8  tcpip.o(.text)
    tcpip_trycallback                        0x08013223   Thumb Code    34  tcpip.o(.text)
    tcpip_init                               0x08013245   Thumb Code    44  tcpip.o(.text)
    pbuf_free_callback                       0x08013275   Thumb Code     8  tcpip.o(.text)
    mem_free_callback                        0x0801327d   Thumb Code     8  tcpip.o(.text)
    lwip_htons                               0x080132a5   Thumb Code    10  def.o(.text)
    lwip_ntohs                               0x080132af   Thumb Code     2  def.o(.text)
    lwip_htonl                               0x080132b1   Thumb Code    24  def.o(.text)
    lwip_ntohl                               0x080132c9   Thumb Code     2  def.o(.text)
    dns_init                                 0x080132ff   Thumb Code     2  dns.o(.text)
    dns_setserver                            0x08013301   Thumb Code    26  dns.o(.text)
    dns_getserver                            0x0801331b   Thumb Code    18  dns.o(.text)
    dns_tmr                                  0x08013593   Thumb Code     2  dns.o(.text)
    dns_gethostbyname_addrtype               0x080139d9   Thumb Code    88  dns.o(.text)
    dns_gethostbyname                        0x08013a31   Thumb Code    12  dns.o(.text)
    lwip_standard_chksum                     0x08013a51   Thumb Code    86  inet_chksum.o(.text)
    inet_chksum_pseudo                       0x08013b11   Thumb Code    38  inet_chksum.o(.text)
    ip_chksum_pseudo                         0x08013b37   Thumb Code    12  inet_chksum.o(.text)
    inet_chksum_pseudo_partial               0x08013bc5   Thumb Code    44  inet_chksum.o(.text)
    ip_chksum_pseudo_partial                 0x08013bf1   Thumb Code    16  inet_chksum.o(.text)
    inet_chksum                              0x08013c01   Thumb Code    12  inet_chksum.o(.text)
    inet_chksum_pbuf                         0x08013c0d   Thumb Code    72  inet_chksum.o(.text)
    lwip_init                                0x08013c55   Thumb Code    38  init.o(.text)
    mem_init                                 0x08013cd1   Thumb Code    52  mem.o(.text)
    mem_free                                 0x08013d05   Thumb Code    66  mem.o(.text)
    mem_trim                                 0x08013d47   Thumb Code   238  mem.o(.text)
    mem_malloc                               0x08013e35   Thumb Code   230  mem.o(.text)
    mem_calloc                               0x08013f1b   Thumb Code    28  mem.o(.text)
    memp_init_pool                           0x08013f41   Thumb Code    42  memp.o(.text)
    memp_init                                0x08013f6b   Thumb Code    34  memp.o(.text)
    memp_malloc_pool                         0x08013f8d   Thumb Code    16  memp.o(.text)
    memp_malloc                              0x08013f9d   Thumb Code    16  memp.o(.text)
    memp_free_pool                           0x08013fbb   Thumb Code    12  memp.o(.text)
    memp_free                                0x08013fc7   Thumb Code    14  memp.o(.text)
    netif_init                               0x08013fd9   Thumb Code     2  netif.o(.text)
    netif_set_ipaddr                         0x08013ff5   Thumb Code    68  netif.o(.text)
    netif_set_gw                             0x08014039   Thumb Code    14  netif.o(.text)
    netif_set_netmask                        0x08014047   Thumb Code    14  netif.o(.text)
    netif_set_addr                           0x08014055   Thumb Code    32  netif.o(.text)
    netif_add                                0x08014075   Thumb Code    76  netif.o(.text)
    netif_set_default                        0x080140c1   Thumb Code     6  netif.o(.text)
    netif_set_down                           0x080140c7   Thumb Code    26  netif.o(.text)
    netif_remove                             0x080140e1   Thumb Code    80  netif.o(.text)
    netif_find                               0x08014131   Thumb Code    60  netif.o(.text)
    netif_set_up                             0x0801416d   Thumb Code    26  netif.o(.text)
    netif_set_link_up                        0x08014187   Thumb Code    50  netif.o(.text)
    netif_set_link_down                      0x080141b9   Thumb Code    18  netif.o(.text)
    pbuf_free                                0x0801421d   Thumb Code    94  pbuf.o(.text)
    pbuf_alloc                               0x0801427b   Thumb Code   314  pbuf.o(.text)
    pbuf_alloced_custom                      0x080143b5   Thumb Code    92  pbuf.o(.text)
    pbuf_realloc                             0x08014411   Thumb Code    88  pbuf.o(.text)
    pbuf_header                              0x080144dd   Thumb Code     4  pbuf.o(.text)
    pbuf_header_force                        0x080144e1   Thumb Code     4  pbuf.o(.text)
    pbuf_clen                                0x080144e5   Thumb Code    18  pbuf.o(.text)
    pbuf_ref                                 0x080144f7   Thumb Code    12  pbuf.o(.text)
    pbuf_cat                                 0x08014503   Thumb Code    42  pbuf.o(.text)
    pbuf_chain                               0x0801452d   Thumb Code    18  pbuf.o(.text)
    pbuf_dechain                             0x0801453f   Thumb Code    44  pbuf.o(.text)
    pbuf_copy                                0x0801456b   Thumb Code   176  pbuf.o(.text)
    pbuf_copy_partial                        0x0801461b   Thumb Code   106  pbuf.o(.text)
    pbuf_take                                0x0801469d   Thumb Code    88  pbuf.o(.text)
    pbuf_take_at                             0x080146f5   Thumb Code    84  pbuf.o(.text)
    pbuf_coalesce                            0x08014749   Thumb Code    52  pbuf.o(.text)
    pbuf_get_at                              0x0801477d   Thumb Code    30  pbuf.o(.text)
    pbuf_put_at                              0x0801479b   Thumb Code    30  pbuf.o(.text)
    pbuf_memcmp                              0x080147b9   Thumb Code    82  pbuf.o(.text)
    pbuf_memfind                             0x0801480b   Thumb Code    58  pbuf.o(.text)
    pbuf_strstr                              0x08014845   Thumb Code    56  pbuf.o(.text)
    tcp_init                                 0x0801487d   Thumb Code     2  tcp.o(.text)
    tcp_seg_free                             0x0801487f   Thumb Code    30  tcp.o(.text)
    tcp_segs_free                            0x0801489d   Thumb Code    18  tcp.o(.text)
    tcp_pcb_purge                            0x080148af   Thumb Code    66  tcp.o(.text)
    tcp_slowtmr                              0x080148f1   Thumb Code   652  tcp.o(.text)
    tcp_pcb_remove                           0x08014b7d   Thumb Code    80  tcp.o(.text)
    tcp_close                                0x08014d3d   Thumb Code    18  tcp.o(.text)
    tcp_update_rcv_ann_wnd                   0x08014d4f   Thumb Code    54  tcp.o(.text)
    tcp_recved                               0x08014d85   Thumb Code    72  tcp.o(.text)
    tcp_recv_null                            0x08014dcd   Thumb Code    36  tcp.o(.text)
    tcp_process_refused_data                 0x08014df1   Thumb Code   114  tcp.o(.text)
    tcp_fasttmr                              0x08014e63   Thumb Code    88  tcp.o(.text)
    tcp_tmr                                  0x08014ebb   Thumb Code    26  tcp.o(.text)
    tcp_shutdown                             0x08014ed5   Thumb Code    92  tcp.o(.text)
    tcp_abandon                              0x08014f31   Thumb Code   204  tcp.o(.text)
    tcp_abort                                0x08014ffd   Thumb Code     4  tcp.o(.text)
    tcp_bind                                 0x0801504f   Thumb Code   138  tcp.o(.text)
    tcp_listen_with_backlog                  0x080150e7   Thumb Code   132  tcp.o(.text)
    tcp_eff_send_mss_impl                    0x0801516b   Thumb Code    38  tcp.o(.text)
    tcp_next_iss                             0x08015191   Thumb Code    12  tcp.o(.text)
    tcp_connect                              0x0801519d   Thumb Code   266  tcp.o(.text)
    tcp_txnow                                0x080152a7   Thumb Code    28  tcp.o(.text)
    tcp_setprio                              0x080152c3   Thumb Code     4  tcp.o(.text)
    tcp_seg_copy                             0x080152c7   Thumb Code    38  tcp.o(.text)
    tcp_alloc                                0x08015391   Thumb Code   194  tcp.o(.text)
    tcp_new                                  0x08015453   Thumb Code     4  tcp.o(.text)
    tcp_arg                                  0x08015457   Thumb Code     4  tcp.o(.text)
    tcp_recv                                 0x0801545b   Thumb Code     8  tcp.o(.text)
    tcp_sent                                 0x08015463   Thumb Code     6  tcp.o(.text)
    tcp_err                                  0x08015469   Thumb Code     8  tcp.o(.text)
    tcp_accept                               0x08015471   Thumb Code     4  tcp.o(.text)
    tcp_poll                                 0x08015475   Thumb Code    10  tcp.o(.text)
    tcp_netif_ipv4_addr_changed              0x080154a1   Thumb Code    68  tcp.o(.text)
    tcp_debug_state_str                      0x080154e5   Thumb Code     8  tcp.o(.text)
    tcp_input                                0x080162d1   Thumb Code   906  tcp_in.o(.text)
    tcp_trigger_input_pcb_close              0x0801665b   Thumb Code    12  tcp_in.o(.text)
    tcp_enqueue_flags                        0x0801677d   Thumb Code   208  tcp_out.o(.text)
    tcp_send_fin                             0x0801684d   Thumb Code    70  tcp_out.o(.text)
    tcp_write                                0x08016943   Thumb Code   724  tcp_out.o(.text)
    tcp_send_empty_ack                       0x08016c17   Thumb Code   110  tcp_out.o(.text)
    tcp_output                               0x08016d47   Thumb Code   414  tcp_out.o(.text)
    tcp_rst                                  0x08016ee5   Thumb Code   136  tcp_out.o(.text)
    tcp_rexmit_rto                           0x08016f6d   Thumb Code    54  tcp_out.o(.text)
    tcp_rexmit                               0x08016fa3   Thumb Code    78  tcp_out.o(.text)
    tcp_rexmit_fast                          0x08016ff1   Thumb Code    94  tcp_out.o(.text)
    tcp_keepalive                            0x0801704f   Thumb Code    82  tcp_out.o(.text)
    tcp_zero_window_probe                    0x080170a1   Thumb Code   188  tcp_out.o(.text)
    sys_timeout                              0x0801715d   Thumb Code    98  timers_1.o(.text)
    tcp_timer_needed                         0x080171e5   Thumb Code    34  timers_1.o(.text)
    sys_timeouts_init                        0x0801726b   Thumb Code    60  timers_1.o(.text)
    sys_untimeout                            0x080172a7   Thumb Code    72  timers_1.o(.text)
    sys_timeouts_mbox_fetch                  0x080172ef   Thumb Code   100  timers_1.o(.text)
    udp_init                                 0x08017379   Thumb Code     2  udp.o(.text)
    udp_input                                0x080173bd   Thumb Code   352  udp.o(.text)
    udp_bind                                 0x0801751d   Thumb Code   126  udp.o(.text)
    udp_sendto_if_src                        0x0801759b   Thumb Code   162  udp.o(.text)
    udp_sendto_if                            0x0801763d   Thumb Code    50  udp.o(.text)
    udp_sendto                               0x0801766f   Thumb Code    50  udp.o(.text)
    udp_send                                 0x080176a1   Thumb Code     6  udp.o(.text)
    udp_connect                              0x080176a7   Thumb Code    84  udp.o(.text)
    udp_disconnect                           0x080176fb   Thumb Code    16  udp.o(.text)
    udp_recv                                 0x0801770b   Thumb Code     6  udp.o(.text)
    udp_remove                               0x08017711   Thumb Code    42  udp.o(.text)
    udp_new                                  0x0801773b   Thumb Code    28  udp.o(.text)
    udp_netif_ipv4_addr_changed              0x08017757   Thumb Code    50  udp.o(.text)
    dhcp_renew                               0x08017bb9   Thumb Code   156  dhcp.o(.text)
    dhcp_supplied_address                    0x08017d3f   Thumb Code    26  dhcp.o(.text)
    dhcp_release                             0x08017d59   Thumb Code   162  dhcp.o(.text)
    dhcp_coarse_tmr                          0x08017dfb   Thumb Code    96  dhcp.o(.text)
    dhcp_fine_tmr                            0x08018045   Thumb Code    46  dhcp.o(.text)
    dhcp_set_struct                          0x08018115   Thumb Code    18  dhcp.o(.text)
    dhcp_cleanup                             0x08018127   Thumb Code    20  dhcp.o(.text)
    dhcp_stop                                0x0801813b   Thumb Code    40  dhcp.o(.text)
    dhcp_start                               0x080184a3   Thumb Code   162  dhcp.o(.text)
    dhcp_inform                              0x08018545   Thumb Code   168  dhcp.o(.text)
    dhcp_network_changed                     0x080185ed   Thumb Code    46  dhcp.o(.text)
    dhcp_arp_reply                           0x08018697   Thumb Code    28  dhcp.o(.text)
    icmp_input                               0x080186bd   Thumb Code   288  icmp.o(.text)
    icmp_dest_unreach                        0x08018855   Thumb Code     6  icmp.o(.text)
    icmp_time_exceeded                       0x0801885b   Thumb Code     6  icmp.o(.text)
    ip_reass_tmr                             0x080188ef   Thumb Code    40  ip_frag.o(.text)
    ip4_reass                                0x08018ad5   Thumb Code   348  ip_frag.o(.text)
    ip4_frag                                 0x08018c59   Thumb Code   370  ip_frag.o(.text)
    ip4_route                                0x08018dd1   Thumb Code    84  ip4.o(.text)
    ip4_input                                0x08018e25   Thumb Code   438  ip4.o(.text)
    ip_input                                 0x08018fdb   Thumb Code     2  ip4.o(.text)
    ip4_output_if_src                        0x08018fdd   Thumb Code   170  ip4.o(.text)
    ip4_output_if                            0x08019087   Thumb Code    34  ip4.o(.text)
    ip4_output                               0x080190a9   Thumb Code    54  ip4.o(.text)
    ip4_addr_isbroadcast_u32                 0x080190f5   Thumb Code    64  ip4_addr.o(.text)
    ip4_addr_netmask_valid                   0x08019135   Thumb Code    40  ip4_addr.o(.text)
    ip4addr_aton                             0x0801915d   Thumb Code   328  ip4_addr.o(.text)
    ipaddr_addr                              0x080192a5   Thumb Code    20  ip4_addr.o(.text)
    ip4addr_ntoa_r                           0x080192b9   Thumb Code   134  ip4_addr.o(.text)
    ip4addr_ntoa                             0x0801933f   Thumb Code     6  ip4_addr.o(.text)
    etharp_request                           0x0801945b   Thumb Code     4  etharp.o(.text)
    etharp_tmr                               0x0801945f   Thumb Code    92  etharp.o(.text)
    etharp_cleanup_netif                     0x08019653   Thumb Code    42  etharp.o(.text)
    etharp_find_addr                         0x0801967d   Thumb Code    56  etharp.o(.text)
    etharp_get_entry                         0x080196b5   Thumb Code    42  etharp.o(.text)
    etharp_query                             0x08019837   Thumb Code   342  etharp.o(.text)
    etharp_output                            0x0801998d   Thumb Code   246  etharp.o(.text)
    ethernet_input                           0x08019a83   Thumb Code   148  etharp.o(.text)
    ethernetif_init                          0x08019d2d   Thumb Code    68  ethernetif.o(.text)
    sys_mbox_new                             0x08019da1   Thumb Code    28  sys_arch.o(.text)
    sys_mbox_free                            0x08019dbd   Thumb Code    20  sys_arch.o(.text)
    sys_mbox_post                            0x08019dd1   Thumb Code    26  sys_arch.o(.text)
    sys_mbox_trypost                         0x08019deb   Thumb Code    28  sys_arch.o(.text)
    sys_arch_mbox_fetch                      0x08019e07   Thumb Code    84  sys_arch.o(.text)
    sys_arch_mbox_tryfetch                   0x08019e5b   Thumb Code    32  sys_arch.o(.text)
    sys_mbox_valid                           0x08019e7b   Thumb Code    14  sys_arch.o(.text)
    sys_mbox_set_invalid                     0x08019e89   Thumb Code     6  sys_arch.o(.text)
    sys_sem_new                              0x08019e8f   Thumb Code    48  sys_arch.o(.text)
    sys_arch_sem_wait                        0x08019ebf   Thumb Code    74  sys_arch.o(.text)
    sys_sem_signal                           0x08019f09   Thumb Code    12  sys_arch.o(.text)
    sys_sem_free                             0x08019f15   Thumb Code     6  sys_arch.o(.text)
    sys_sem_valid                            0x08019f1b   Thumb Code    14  sys_arch.o(.text)
    sys_sem_set_invalid                      0x08019f29   Thumb Code     6  sys_arch.o(.text)
    sys_init                                 0x08019f2f   Thumb Code    34  sys_arch.o(.text)
    sys_arch_timeouts                        0x08019f51   Thumb Code    42  sys_arch.o(.text)
    sys_thread_new                           0x08019f7b   Thumb Code    78  sys_arch.o(.text)
    sys_arch_protect                         0x08019fc9   Thumb Code    10  sys_arch.o(.text)
    sys_arch_unprotect                       0x08019fd3   Thumb Code     4  sys_arch.o(.text)
    sys_assert                               0x08019fd7   Thumb Code     6  sys_arch.o(.text)
    rand                                     0x08019fe9   Thumb Code    20  rand.o(.text)
    srand                                    0x08019ffd   Thumb Code     6  rand.o(.text)
    __aeabi_memcpy                           0x0801a00d   Thumb Code    36  memcpya.o(.text)
    __aeabi_memcpy4                          0x0801a00d   Thumb Code     0  memcpya.o(.text)
    __aeabi_memcpy8                          0x0801a00d   Thumb Code     0  memcpya.o(.text)
    __aeabi_memset                           0x0801a031   Thumb Code    14  memseta.o(.text)
    __aeabi_memset4                          0x0801a031   Thumb Code     0  memseta.o(.text)
    __aeabi_memset8                          0x0801a031   Thumb Code     0  memseta.o(.text)
    __aeabi_memclr                           0x0801a03f   Thumb Code     4  memseta.o(.text)
    __aeabi_memclr4                          0x0801a03f   Thumb Code     0  memseta.o(.text)
    __aeabi_memclr8                          0x0801a03f   Thumb Code     0  memseta.o(.text)
    _memset$wrapper                          0x0801a043   Thumb Code    18  memseta.o(.text)
    strlen                                   0x0801a055   Thumb Code    14  strlen.o(.text)
    memcmp                                   0x0801a063   Thumb Code    26  memcmp.o(.text)
    strncmp                                  0x0801a07d   Thumb Code    30  strncmp.o(.text)
    __aeabi_uidiv                            0x0801a09b   Thumb Code     0  uidiv.o(.text)
    __aeabi_uidivmod                         0x0801a09b   Thumb Code    44  uidiv.o(.text)
    __aeabi_uldivmod                         0x0801a0c7   Thumb Code    98  uldiv.o(.text)
    __I$use$fp                               0x0801a129   Thumb Code     0  iusefp.o(.text)
    __aeabi_dadd                             0x0801a129   Thumb Code   322  dadd.o(.text)
    __aeabi_dsub                             0x0801a26b   Thumb Code     6  dadd.o(.text)
    __aeabi_drsub                            0x0801a271   Thumb Code     6  dadd.o(.text)
    __aeabi_dmul                             0x0801a277   Thumb Code   228  dmul.o(.text)
    __aeabi_ddiv                             0x0801a35b   Thumb Code   222  ddiv.o(.text)
    __aeabi_d2ulz                            0x0801a439   Thumb Code    48  dfixul.o(.text)
    __aeabi_cdrcmple                         0x0801a469   Thumb Code    48  cdrcmple.o(.text)
    __scatterload                            0x0801a499   Thumb Code    28  init.o(.text)
    __scatterload_rt2                        0x0801a499   Thumb Code     0  init.o(.text)
    __aeabi_llsl                             0x0801a4bd   Thumb Code    30  llshl.o(.text)
    _ll_shift_l                              0x0801a4bd   Thumb Code     0  llshl.o(.text)
    __aeabi_llsr                             0x0801a4db   Thumb Code    32  llushr.o(.text)
    _ll_ushift_r                             0x0801a4db   Thumb Code     0  llushr.o(.text)
    __aeabi_lasr                             0x0801a4fb   Thumb Code    36  llsshr.o(.text)
    _ll_sshift_r                             0x0801a4fb   Thumb Code     0  llsshr.o(.text)
    _double_round                            0x0801a51f   Thumb Code    30  depilogue.o(.text)
    _double_epilogue                         0x0801a53d   Thumb Code   156  depilogue.o(.text)
    __decompress                             0x0801a5d9   Thumb Code     0  __dczerorl2.o(.text)
    __decompress1                            0x0801a5d9   Thumb Code    86  __dczerorl2.o(.text)
    __0snprintf                              0x0801a631   Thumb Code    36  printfa.o(i.__0snprintf)
    __1snprintf                              0x0801a631   Thumb Code     0  printfa.o(i.__0snprintf)
    __2snprintf                              0x0801a631   Thumb Code     0  printfa.o(i.__0snprintf)
    __c89snprintf                            0x0801a631   Thumb Code     0  printfa.o(i.__0snprintf)
    snprintf                                 0x0801a631   Thumb Code     0  printfa.o(i.__0snprintf)
    __0vsnprintf                             0x0801a659   Thumb Code    32  printfa.o(i.__0vsnprintf)
    __1vsnprintf                             0x0801a659   Thumb Code     0  printfa.o(i.__0vsnprintf)
    __2vsnprintf                             0x0801a659   Thumb Code     0  printfa.o(i.__0vsnprintf)
    __c89vsnprintf                           0x0801a659   Thumb Code     0  printfa.o(i.__0vsnprintf)
    vsnprintf                                0x0801a659   Thumb Code     0  printfa.o(i.__0vsnprintf)
    __scatterload_copy                       0x0801a67d   Thumb Code    14  handlers.o(i.__scatterload_copy)
    __scatterload_null                       0x0801a68b   Thumb Code     2  handlers.o(i.__scatterload_null)
    __scatterload_zeroinit                   0x0801a68d   Thumb Code    14  handlers.o(i.__scatterload_zeroinit)
    BUTTON_PORT_SOURCE                       0x0801afb4   Data           1  stm32f4_discovery.o(.constdata)
    BUTTON_PIN_SOURCE                        0x0801afb5   Data           1  stm32f4_discovery.o(.constdata)
    BUTTON_IRQn                              0x0801afb6   Data           1  stm32f4_discovery.o(.constdata)
    BUTTON_PIN                               0x0801afb8   Data           2  stm32f4_discovery.o(.constdata)
    BUTTON_EXTI_LINE                         0x0801afba   Data           2  stm32f4_discovery.o(.constdata)
    BUTTON_CLK                               0x0801afbc   Data           4  stm32f4_discovery.o(.constdata)
    COM_TX_PIN                               0x0801afc0   Data           4  stm32f4_discovery.o(.constdata)
    COM_RX_PIN                               0x0801afc4   Data           4  stm32f4_discovery.o(.constdata)
    COM_TX_PIN_SOURCE                        0x0801afc8   Data           4  stm32f4_discovery.o(.constdata)
    COM_RX_PIN_SOURCE                        0x0801afcc   Data           4  stm32f4_discovery.o(.constdata)
    COM_TX_AF                                0x0801afd0   Data           4  stm32f4_discovery.o(.constdata)
    COM_RX_AF                                0x0801afd4   Data           4  stm32f4_discovery.o(.constdata)
    GPIO_PIN                                 0x0801afd8   Data           8  stm32f4_discovery.o(.constdata)
    COM_USART_CLK                            0x0801afe0   Data           8  stm32f4_discovery.o(.constdata)
    COM_TX_PORT_CLK                          0x0801afe8   Data           8  stm32f4_discovery.o(.constdata)
    COM_RX_PORT_CLK                          0x0801aff0   Data           8  stm32f4_discovery.o(.constdata)
    GPIO_CLK                                 0x0801aff8   Data          16  stm32f4_discovery.o(.constdata)
    memp_UDP_PCB                             0x0801b008   Data          16  memp.o(.constdata)
    memp_TCP_PCB                             0x0801b018   Data          16  memp.o(.constdata)
    memp_TCP_PCB_LISTEN                      0x0801b028   Data          16  memp.o(.constdata)
    memp_TCP_SEG                             0x0801b038   Data          16  memp.o(.constdata)
    memp_REASSDATA                           0x0801b048   Data          16  memp.o(.constdata)
    memp_FRAG_PBUF                           0x0801b058   Data          16  memp.o(.constdata)
    memp_NETBUF                              0x0801b068   Data          16  memp.o(.constdata)
    memp_NETCONN                             0x0801b078   Data          16  memp.o(.constdata)
    memp_TCPIP_MSG_API                       0x0801b088   Data          16  memp.o(.constdata)
    memp_TCPIP_MSG_INPKT                     0x0801b098   Data          16  memp.o(.constdata)
    memp_ARP_QUEUE                           0x0801b0a8   Data          16  memp.o(.constdata)
    memp_SYS_TIMEOUT                         0x0801b0b8   Data          16  memp.o(.constdata)
    memp_PBUF                                0x0801b0c8   Data          16  memp.o(.constdata)
    memp_PBUF_POOL                           0x0801b0d8   Data          16  memp.o(.constdata)
    tcp_persist_backoff                      0x0801b0e8   Data           7  tcp.o(.constdata)
    tcp_state_str                            0x0801b0f0   Data          44  tcp.o(.constdata)
    tcp_backoff                              0x0801b11c   Data          13  tcp.o(.constdata)
    tcp_pcb_lists                            0x0801b12c   Data          16  tcp.o(.constdata)
    ip_addr_any                              0x0801b13c   Data           4  ip4_addr.o(.constdata)
    ip_addr_broadcast                        0x0801b140   Data           4  ip4_addr.o(.constdata)
    ethbroadcast                             0x0801b144   Data           6  etharp.o(.constdata)
    ethzero                                  0x0801b14a   Data           6  etharp.o(.constdata)
    Region$$Table$$Base                      0x0801b338   Number         0  anon$$obj.o(Region$$Table)
    Region$$Table$$Limit                     0x0801b358   Number         0  anon$$obj.o(Region$$Table)
    SystemCoreClock                          0x20000000   Data           4  system_stm32f4xx.o(.data)
    AHBPrescTable                            0x20000004   Data          16  system_stm32f4xx.o(.data)
    EthInitStatus                            0x20000014   Data           4  stm32f4x7_eth_bsp.o(.data)
    banner                                   0x20000018   Data           4  tcpecho.o(.data)
    rxBuffPos                                0x20000020   Data           1  console.o(.data)
    console_task_started                     0x20000021   Data           1  console.o(.data)
    uartRxMsgQ                               0x20000024   Data           4  console.o(.data)
    Radio_Configuration_Data_Array           0x20000028   Data         903  radio.o(.data)
    pRadioConfiguration                      0x200003b0   Data           4  radio.o(.data)
    radioTxMsgQ                              0x200003b4   Data           4  radio.o(.data)
    radioRxMsgQ                              0x200003b8   Data           4  radio.o(.data)
    radioWakeupMsgQ                          0x200003bc   Data           4  radio.o(.data)
    RadioConfiguration                       0x200003c0   Data          76  radio.o(.data)
    g_connected                              0x2000040c   Data           1  ftp.o(.data)
    g_conn                                   0x20000410   Data           4  ftp.o(.data)
    g_data                                   0x20000414   Data           4  ftp.o(.data)
    xfunc_out                                0x2000041c   Data           4  xprintf.o(.data)
    xfunc_in                                 0x20000424   Data           4  xprintf.o(.data)
    BUTTON_PORT                              0x20000428   Data           4  stm32f4_discovery.o(.data)
    COM_TX_PORT                              0x2000042c   Data           8  stm32f4_discovery.o(.data)
    COM_RX_PORT                              0x20000434   Data           8  stm32f4_discovery.o(.data)
    GPIO_PORT                                0x2000043c   Data          16  stm32f4_discovery.o(.data)
    txSize                                   0x2000044c   Data           1  uart.o(.data)
    txPos                                    0x2000044d   Data           1  uart.o(.data)
    uartTxBuff                               0x20000450   Data           4  uart.o(.data)
    DMATxDescToSet                           0x20000454   Data           4  stm32f4x7_eth.o(.data)
    DMARxDescToGet                           0x20000458   Data           4  stm32f4x7_eth.o(.data)
    DMA_RX_FRAME_infos                       0x2000045c   Data           4  stm32f4x7_eth.o(.data)
    pxCurrentCoRoutine                       0x20000470   Data           4  croutine.o(.data)
    pxCurrentTCB                             0x2000048c   Data           4  tasks.o(.data)
    ctsWentHigh                              0x200004f8   Data           1  radio_comm.o(.data)
    memp_pools                               0x20000524   Data          56  memp.o(.data)
    netif_list                               0x20000598   Data           4  netif.o(.data)
    netif_default                            0x2000059c   Data           4  netif.o(.data)
    pbuf_free_ooseq_pending                  0x200005a0   Data           1  pbuf.o(.data)
    tcp_active_pcbs_changed                  0x200005a4   Data           1  tcp.o(.data)
    tcp_ticks                                0x200005b0   Data           4  tcp.o(.data)
    tcp_bound_pcbs                           0x200005b4   Data           4  tcp.o(.data)
    tcp_listen_pcbs                          0x200005b8   Data           4  tcp.o(.data)
    tcp_active_pcbs                          0x200005bc   Data           4  tcp.o(.data)
    tcp_tw_pcbs                              0x200005c0   Data           4  tcp.o(.data)
    tcp_input_pcb                            0x200005e0   Data           4  tcp_in.o(.data)
    udp_pcbs                                 0x200005f0   Data           4  udp.o(.data)
    s_xSemaphore                             0x2000060c   Data           4  ethernetif.o(.data)
    xnetif                                   0x2000061c   Data          52  netconf.o(.bss)
    rxBuff                                   0x20000650   Data          64  console.o(.bss)
    DMARxDscrTab                             0x200016d0   Data         160  stm32f4x7_eth.o(.bss)
    DMATxDscrTab                             0x20001770   Data         160  stm32f4x7_eth.o(.bss)
    Rx_Buff                                  0x20001810   Data        7620  stm32f4x7_eth.o(.bss)
    Tx_Buff                                  0x200035d4   Data        7620  stm32f4x7_eth.o(.bss)
    RX_Frame_Descriptor                      0x20005398   Data          12  stm32f4x7_eth.o(.bss)
    xQueueRegistry                           0x20005408   Data          64  queue.o(.bss)
    Si446xCmd                                0x2000cd60   Data          16  si446x_api_lib.o(.bss)
    Pro2Cmd                                  0x2000cd70   Data          16  si446x_api_lib.o(.bss)
    ram_heap                                 0x2000d200   Data        5140  mem.o(.bss)
    memp_memory_UDP_PCB_base                 0x2000e614   Data         192  memp.o(.bss)
    memp_memory_TCP_PCB_base                 0x2000e6d4   Data        1520  memp.o(.bss)
    memp_memory_TCP_PCB_LISTEN_base          0x2000ecc4   Data         140  memp.o(.bss)
    memp_memory_TCP_SEG_base                 0x2000ed50   Data         400  memp.o(.bss)
    memp_memory_REASSDATA_base               0x2000eee0   Data         160  memp.o(.bss)
    memp_memory_FRAG_PBUF_base               0x2000ef80   Data         360  memp.o(.bss)
    memp_memory_NETBUF_base                  0x2000f0e8   Data          32  memp.o(.bss)
    memp_memory_NETCONN_base                 0x2000f108   Data         176  memp.o(.bss)
    memp_memory_TCPIP_MSG_API_base           0x2000f1b8   Data         128  memp.o(.bss)
    memp_memory_TCPIP_MSG_INPKT_base         0x2000f238   Data         128  memp.o(.bss)
    memp_memory_ARP_QUEUE_base               0x2000f2b8   Data         240  memp.o(.bss)
    memp_memory_SYS_TIMEOUT_base             0x2000f3a8   Data         160  memp.o(.bss)
    memp_memory_PBUF_base                    0x2000f448   Data        1600  memp.o(.bss)
    memp_memory_PBUF_POOL_base               0x2000fa88   Data       10320  memp.o(.bss)
    dhcp_rx_options_val                      0x200122ec   Data          40  dhcp.o(.bss)
    dhcp_rx_options_given                    0x20012314   Data          10  dhcp.o(.bss)
    ip_data                                  0x20012320   Data          24  ip4.o(.bss)
    __initial_sp                             0x200128b0   Data           0  startup_stm32f407xx.o(STACK)



==============================================================================

Memory Map of the image

  Image Entry point : 0x08004189

  Load Region LR_IROM1 (Base: 0x08004000, Size: 0x00017974, Max: 0x00100000, ABSOLUTE, COMPRESSED[0x00017710])

    Execution Region ER_IROM1 (Base: 0x08004000, Size: 0x00017358, Max: 0x00100000, ABSOLUTE)

    Base Addr    Size         Type   Attr      Idx    E Section Name        Object

    0x08004000   0x00000188   Data   RO          738    RESET               startup_stm32f407xx.o
    0x08004188   0x00000000   Code   RO         2258  * .ARM.Collect$$$$00000000  mc_w.l(entry.o)
    0x08004188   0x00000004   Code   RO         2537    .ARM.Collect$$$$00000001  mc_w.l(entry2.o)
    0x0800418c   0x00000004   Code   RO         2540    .ARM.Collect$$$$00000004  mc_w.l(entry5.o)
    0x08004190   0x00000000   Code   RO         2542    .ARM.Collect$$$$00000008  mc_w.l(entry7b.o)
    0x08004190   0x00000000   Code   RO         2544    .ARM.Collect$$$$0000000A  mc_w.l(entry8b.o)
    0x08004190   0x00000008   Code   RO         2545    .ARM.Collect$$$$0000000B  mc_w.l(entry9a.o)
    0x08004198   0x00000000   Code   RO         2547    .ARM.Collect$$$$0000000D  mc_w.l(entry10a.o)
    0x08004198   0x00000000   Code   RO         2549    .ARM.Collect$$$$0000000F  mc_w.l(entry11a.o)
    0x08004198   0x00000004   Code   RO         2538    .ARM.Collect$$$$00002712  mc_w.l(entry2.o)
    0x0800419c   0x000000c6   Code   RO         1132    .emb_text           port.o
    0x08004262   0x00000002   PAD
    0x08004264   0x000000b8   Code   RO            2    .text               main.o
    0x0800431c   0x000000fc   Code   RO          268    .text               netconf.o
    0x08004418   0x000000a8   Code   RO          357    .text               stm32f4xx_it.o
    0x080044c0   0x00000194   Code   RO          380    .text               system_stm32f4xx.o
    0x08004654   0x000001e4   Code   RO          399    .text               stm32f4x7_eth_bsp.o
    0x08004838   0x00000404   Code   RO          418    .text               tcpecho.o
    0x08004c3c   0x00000108   Code   RO          457    .text               debug.o
    0x08004d44   0x00000888   Code   RO          475    .text               console.o
    0x080055cc   0x00000640   Code   RO          543    .text               radio.o
    0x08005c0c   0x000006dc   Code   RO          597    .text               ftp.o
    0x080062e8   0x000001fc   Code   RO          619    .text               time_sync.o
    0x080064e4   0x000000c4   Code   RO          640    .text               led.o
    0x080065a8   0x00000090   Code   RO          656    .text               fw_update.o
    0x08006638   0x00000088   Code   RO          678    .text               crc.o
    0x080066c0   0x00000420   Code   RO          693    .text               xprintf.o
    0x08006ae0   0x00000422   Code   RO          712    .text               stm32f4_discovery.o
    0x08006f02   0x00000002   PAD
    0x08006f04   0x00000024   Code   RO          739    .text               startup_stm32f407xx.o
    0x08006f28   0x000000d4   Code   RO          744    .text               uart.o
    0x08006ffc   0x000000c8   Code   RO          763    .text               spi.o
    0x080070c4   0x00001800   Code   RO          779    .text               stm32f4x7_eth.o
    0x080088c4   0x000001ac   Code   RO          807    .text               misc.o
    0x08008a70   0x00001294   Code   RO          839    .text               stm32f4xx_dma.o
    0x08009d04   0x000002b0   Code   RO          855    .text               stm32f4xx_exti.o
    0x08009fb4   0x00000854   Code   RO          887    .text               stm32f4xx_gpio.o
    0x0800a808   0x00000bb8   Code   RO          903    .text               stm32f4xx_rcc.o
    0x0800b3c0   0x000005d4   Code   RO          921    .text               stm32f4xx_sdio.o
    0x0800b994   0x00000168   Code   RO          937    .text               stm32f4xx_syscfg.o
    0x0800bafc   0x00000d90   Code   RO          953    .text               stm32f4xx_usart.o
    0x0800c88c   0x00000a54   Code   RO          969    .text               stm32f4xx_spi.o
    0x0800d2e0   0x00000638   Code   RO          985    .text               stm32f4xx_flash.o
    0x0800d918   0x000014a8   Code   RO         1001    .text               stm32f4xx_rtc.o
    0x0800edc0   0x00000240   Code   RO         1016    .text               croutine.o
    0x0800f000   0x00000088   Code   RO         1060    .text               list.o
    0x0800f088   0x0000090c   Code   RO         1072    .text               queue.o
    0x0800f994   0x00000d34   Code   RO         1091    .text               tasks.o
    0x080106c8   0x0000037c   Code   RO         1114    .text               timers.o
    0x08010a44   0x000001a8   Code   RO         1133    .text               port.o
    0x08010bec   0x000001ac   Code   RO         1150    .text               heap_4.o
    0x08010d98   0x0000070c   Code   RO         1166    .text               cmsis_os.o
    0x080114a4   0x00000144   Code   RO         1197    .text               radio_comm.o
    0x080115e8   0x0000008c   Code   RO         1271    .text               radio_hal.o
    0x08011674   0x000006a8   Code   RO         1287    .text               si446x_api_lib.o
    0x08011d1c   0x000004b4   Code   RO         1383    .text               api_lib.o
    0x080121d0   0x00000d80   Code   RO         1445    .text               api_msg.o
    0x08012f50   0x0000014c   Code   RO         1508    .text               netbuf.o
    0x0801309c   0x00000208   Code   RO         1567    .text               tcpip.o
    0x080132a4   0x00000026   Code   RO         1607    .text               def.o
    0x080132ca   0x00000002   PAD
    0x080132cc   0x00000784   Code   RO         1623    .text               dns.o
    0x08013a50   0x00000204   Code   RO         1642    .text               inet_chksum.o
    0x08013c54   0x00000026   Code   RO         1661    .text               init.o
    0x08013c7a   0x00000002   PAD
    0x08013c7c   0x000002c4   Code   RO         1696    .text               mem.o
    0x08013f40   0x00000098   Code   RO         1716    .text               memp.o
    0x08013fd8   0x000001fc   Code   RO         1825    .text               netif.o
    0x080141d4   0x000006a8   Code   RO         1854    .text               pbuf.o
    0x0801487c   0x00000c7c   Code   RO         1909    .text               tcp.o
    0x080154f8   0x00001178   Code   RO         1937    .text               tcp_in.o
    0x08016670   0x00000aec   Code   RO         1964    .text               tcp_out.o
    0x0801715c   0x0000021c   Code   RO         1980    .text               timers_1.o
    0x08017378   0x00000410   Code   RO         2022    .text               udp.o
    0x08017788   0x00000f34   Code   RO         2068    .text               dhcp.o
    0x080186bc   0x000001a8   Code   RO         2088    .text               icmp.o
    0x08018864   0x0000056c   Code   RO         2114    .text               ip_frag.o
    0x08018dd0   0x00000324   Code   RO         2132    .text               ip4.o
    0x080190f4   0x00000254   Code   RO         2155    .text               ip4_addr.o
    0x08019348   0x000007dc   Code   RO         2183    .text               etharp.o
    0x08019b24   0x0000027c   Code   RO         2207    .text               ethernetif.o
    0x08019da0   0x00000248   Code   RO         2235    .text               sys_arch.o
    0x08019fe8   0x00000024   Code   RO         2261    .text               mc_w.l(rand.o)
    0x0801a00c   0x00000024   Code   RO         2264    .text               mc_w.l(memcpya.o)
    0x0801a030   0x00000024   Code   RO         2266    .text               mc_w.l(memseta.o)
    0x0801a054   0x0000000e   Code   RO         2268    .text               mc_w.l(strlen.o)
    0x0801a062   0x0000001a   Code   RO         2270    .text               mc_w.l(memcmp.o)
    0x0801a07c   0x0000001e   Code   RO         2272    .text               mc_w.l(strncmp.o)
    0x0801a09a   0x0000002c   Code   RO         2554    .text               mc_w.l(uidiv.o)
    0x0801a0c6   0x00000062   Code   RO         2556    .text               mc_w.l(uldiv.o)
    0x0801a128   0x00000000   Code   RO         2558    .text               mc_w.l(iusefp.o)
    0x0801a128   0x0000014e   Code   RO         2559    .text               mf_w.l(dadd.o)
    0x0801a276   0x000000e4   Code   RO         2561    .text               mf_w.l(dmul.o)
    0x0801a35a   0x000000de   Code   RO         2563    .text               mf_w.l(ddiv.o)
    0x0801a438   0x00000030   Code   RO         2565    .text               mf_w.l(dfixul.o)
    0x0801a468   0x00000030   Code   RO         2567    .text               mf_w.l(cdrcmple.o)
    0x0801a498   0x00000024   Code   RO         2569    .text               mc_w.l(init.o)
    0x0801a4bc   0x0000001e   Code   RO         2572    .text               mc_w.l(llshl.o)
    0x0801a4da   0x00000020   Code   RO         2574    .text               mc_w.l(llushr.o)
    0x0801a4fa   0x00000024   Code   RO         2576    .text               mc_w.l(llsshr.o)
    0x0801a51e   0x000000ba   Code   RO         2579    .text               mf_w.l(depilogue.o)
    0x0801a5d8   0x00000056   Code   RO         2589    .text               mc_w.l(__dczerorl2.o)
    0x0801a62e   0x00000002   PAD
    0x0801a630   0x00000028   Code   RO         2510    i.__0snprintf       mc_w.l(printfa.o)
    0x0801a658   0x00000024   Code   RO         2514    i.__0vsnprintf      mc_w.l(printfa.o)
    0x0801a67c   0x0000000e   Code   RO         2583    i.__scatterload_copy  mc_w.l(handlers.o)
    0x0801a68a   0x00000002   Code   RO         2584    i.__scatterload_null  mc_w.l(handlers.o)
    0x0801a68c   0x0000000e   Code   RO         2585    i.__scatterload_zeroinit  mc_w.l(handlers.o)
    0x0801a69a   0x00000002   PAD
    0x0801a69c   0x00000164   Code   RO         2516    i._fp_digits        mc_w.l(printfa.o)
    0x0801a800   0x000006dc   Code   RO         2517    i._printf_core      mc_w.l(printfa.o)
    0x0801aedc   0x00000024   Code   RO         2518    i._printf_post_padding  mc_w.l(printfa.o)
    0x0801af00   0x0000002e   Code   RO         2519    i._printf_pre_padding  mc_w.l(printfa.o)
    0x0801af2e   0x00000016   Code   RO         2520    i._snputc           mc_w.l(printfa.o)
    0x0801af44   0x00000050   Data   RO            3    .constdata          main.o
    0x0801af94   0x00000008   Data   RO          478    .constdata          console.o
    0x0801af9c   0x00000018   Data   RO          546    .constdata          radio.o
    0x0801afb4   0x00000054   Data   RO          713    .constdata          stm32f4_discovery.o
    0x0801b008   0x00000010   Data   RO         1731    .constdata          memp.o
    0x0801b018   0x00000010   Data   RO         1732    .constdata          memp.o
    0x0801b028   0x00000010   Data   RO         1733    .constdata          memp.o
    0x0801b038   0x00000010   Data   RO         1734    .constdata          memp.o
    0x0801b048   0x00000010   Data   RO         1735    .constdata          memp.o
    0x0801b058   0x00000010   Data   RO         1736    .constdata          memp.o
    0x0801b068   0x00000010   Data   RO         1737    .constdata          memp.o
    0x0801b078   0x00000010   Data   RO         1738    .constdata          memp.o
    0x0801b088   0x00000010   Data   RO         1739    .constdata          memp.o
    0x0801b098   0x00000010   Data   RO         1740    .constdata          memp.o
    0x0801b0a8   0x00000010   Data   RO         1741    .constdata          memp.o
    0x0801b0b8   0x00000010   Data   RO         1742    .constdata          memp.o
    0x0801b0c8   0x00000010   Data   RO         1743    .constdata          memp.o
    0x0801b0d8   0x00000010   Data   RO         1744    .constdata          memp.o
    0x0801b0e8   0x00000054   Data   RO         1910    .constdata          tcp.o
    0x0801b13c   0x00000004   Data   RO         2157    .constdata          ip4_addr.o
    0x0801b140   0x00000004   Data   RO         2158    .constdata          ip4_addr.o
    0x0801b144   0x0000000c   Data   RO         2185    .constdata          etharp.o
    0x0801b150   0x00000014   Data   RO         2208    .constdata          ethernetif.o
    0x0801b164   0x00000014   Data   RO         2237    .constdata          sys_arch.o
    0x0801b178   0x00000034   Data   RO            4    .conststring        main.o
    0x0801b1ac   0x00000027   Data   RO          419    .conststring        tcpecho.o
    0x0801b1d3   0x00000001   PAD
    0x0801b1d4   0x00000048   Data   RO          479    .conststring        console.o
    0x0801b21c   0x00000008   Data   RO         1745    .conststring        memp.o
    0x0801b224   0x00000008   Data   RO         1746    .conststring        memp.o
    0x0801b22c   0x0000000f   Data   RO         1747    .conststring        memp.o
    0x0801b23b   0x00000001   PAD
    0x0801b23c   0x00000008   Data   RO         1748    .conststring        memp.o
    0x0801b244   0x0000000a   Data   RO         1749    .conststring        memp.o
    0x0801b24e   0x00000002   PAD
    0x0801b250   0x0000000a   Data   RO         1750    .conststring        memp.o
    0x0801b25a   0x00000002   PAD
    0x0801b25c   0x00000007   Data   RO         1751    .conststring        memp.o
    0x0801b263   0x00000001   PAD
    0x0801b264   0x00000008   Data   RO         1752    .conststring        memp.o
    0x0801b26c   0x0000000e   Data   RO         1753    .conststring        memp.o
    0x0801b27a   0x00000002   PAD
    0x0801b27c   0x00000010   Data   RO         1754    .conststring        memp.o
    0x0801b28c   0x0000000a   Data   RO         1755    .conststring        memp.o
    0x0801b296   0x00000002   PAD
    0x0801b298   0x0000000c   Data   RO         1756    .conststring        memp.o
    0x0801b2a4   0x0000000d   Data   RO         1757    .conststring        memp.o
    0x0801b2b1   0x00000003   PAD
    0x0801b2b4   0x0000000a   Data   RO         1758    .conststring        memp.o
    0x0801b2be   0x00000002   PAD
    0x0801b2c0   0x0000006d   Data   RO         1911    .conststring        tcp.o
    0x0801b32d   0x00000003   PAD
    0x0801b330   0x00000006   Data   RO         2209    .conststring        ethernetif.o
    0x0801b336   0x00000002   PAD
    0x0801b338   0x00000020   Data   RO         2581    Region$$Table       anon$$obj.o


    Execution Region RW_IRAM1 (Base: 0x20000000, Size: 0x000128b0, Max: 0x00020000, ABSOLUTE, COMPRESSED[0x000003b8])

    Base Addr    Size         Type   Attr      Idx    E Section Name        Object

    0x20000000   0x00000014   Data   RW          381    .data               system_stm32f4xx.o
    0x20000014   0x00000004   Data   RW          400    .data               stm32f4x7_eth_bsp.o
    0x20000018   0x00000004   Data   RW          420    .data               tcpecho.o
    0x2000001c   0x00000004   Data   RW          458    .data               debug.o
    0x20000020   0x00000008   Data   RW          480    .data               console.o
    0x20000028   0x00000387   Data   RW          547    .data               radio.o
    0x200003af   0x00000001   PAD
    0x200003b0   0x0000005c   Data   RW          548    .data               radio.o
    0x2000040c   0x0000000c   Data   RW          598    .data               ftp.o
    0x20000418   0x00000004   Data   RW          620    .data               time_sync.o
    0x2000041c   0x0000000c   Data   RW          694    .data               xprintf.o
    0x20000428   0x00000024   Data   RW          714    .data               stm32f4_discovery.o
    0x2000044c   0x00000008   Data   RW          745    .data               uart.o
    0x20000454   0x0000000c   Data   RW          785    .data               stm32f4x7_eth.o
    0x20000460   0x00000010   Data   RW          904    .data               stm32f4xx_rcc.o
    0x20000470   0x0000001c   Data   RW         1018    .data               croutine.o
    0x2000048c   0x00000038   Data   RW         1093    .data               tasks.o
    0x200004c4   0x00000010   Data   RW         1116    .data               timers.o
    0x200004d4   0x0000000c   Data   RW         1134    .data               port.o
    0x200004e0   0x00000018   Data   RW         1152    .data               heap_4.o
    0x200004f8   0x00000001   Data   RW         1198    .data               radio_comm.o
    0x200004f9   0x00000003   PAD
    0x200004fc   0x0000000c   Data   RW         1568    .data               tcpip.o
    0x20000508   0x0000000c   Data   RW         1625    .data               dns.o
    0x20000514   0x00000010   Data   RW         1698    .data               mem.o
    0x20000524   0x00000038   Data   RW         1759    .data               memp.o
    0x2000055c   0x00000004   Data   RW         1760    .data               memp.o
    0x20000560   0x00000004   Data   RW         1761    .data               memp.o
    0x20000564   0x00000004   Data   RW         1762    .data               memp.o
    0x20000568   0x00000004   Data   RW         1763    .data               memp.o
    0x2000056c   0x00000004   Data   RW         1764    .data               memp.o
    0x20000570   0x00000004   Data   RW         1765    .data               memp.o
    0x20000574   0x00000004   Data   RW         1766    .data               memp.o
    0x20000578   0x00000004   Data   RW         1767    .data               memp.o
    0x2000057c   0x00000004   Data   RW         1768    .data               memp.o
    0x20000580   0x00000004   Data   RW         1769    .data               memp.o
    0x20000584   0x00000004   Data   RW         1770    .data               memp.o
    0x20000588   0x00000004   Data   RW         1771    .data               memp.o
    0x2000058c   0x00000004   Data   RW         1772    .data               memp.o
    0x20000590   0x00000004   Data   RW         1773    .data               memp.o
    0x20000594   0x0000000c   Data   RW         1826    .data               netif.o
    0x200005a0   0x00000001   Data   RW         1855    .data               pbuf.o
    0x200005a1   0x00000003   PAD
    0x200005a4   0x00000020   Data   RW         1912    .data               tcp.o
    0x200005c4   0x00000020   Data   RW         1939    .data               tcp_in.o
    0x200005e4   0x00000008   Data   RW         1981    .data               timers_1.o
    0x200005ec   0x00000008   Data   RW         2023    .data               udp.o
    0x200005f4   0x00000008   Data   RW         2070    .data               dhcp.o
    0x200005fc   0x00000008   Data   RW         2115    .data               ip_frag.o
    0x20000604   0x00000002   Data   RW         2134    .data               ip4.o
    0x20000606   0x00000001   Data   RW         2186    .data               etharp.o
    0x20000607   0x00000001   PAD
    0x20000608   0x0000000c   Data   RW         2210    .data               ethernetif.o
    0x20000614   0x00000002   Data   RW         2239    .data               sys_arch.o
    0x20000616   0x00000002   PAD
    0x20000618   0x00000004   Data   RW         2262    .data               mc_w.l(rand.o)
    0x2000061c   0x00000034   Zero   RW          269    .bss                netconf.o
    0x20000650   0x00000040   Zero   RW          476    .bss                console.o
    0x20000690   0x00001040   Zero   RW          545    .bss                radio.o
    0x200016d0   0x000000a0   Zero   RW          780    .bss                stm32f4x7_eth.o
    0x20001770   0x000000a0   Zero   RW          781    .bss                stm32f4x7_eth.o
    0x20001810   0x00001dc4   Zero   RW          782    .bss                stm32f4x7_eth.o
    0x200035d4   0x00001dc4   Zero   RW          783    .bss                stm32f4x7_eth.o
    0x20005398   0x0000000c   Zero   RW          784    .bss                stm32f4x7_eth.o
    0x200053a4   0x00000064   Zero   RW         1017    .bss                croutine.o
    0x20005408   0x00000040   Zero   RW         1073    .bss                queue.o
    0x20005448   0x000000f0   Zero   RW         1092    .bss                tasks.o
    0x20005538   0x00000028   Zero   RW         1115    .bss                timers.o
    0x20005560   0x00007800   Zero   RW         1151    .bss                heap_4.o
    0x2000cd60   0x00000020   Zero   RW         1288    .bss                si446x_api_lib.o
    0x2000cd80   0x00000480   Zero   RW         1624    .bss                dns.o
    0x2000d200   0x00001414   Zero   RW         1697    .bss                mem.o
    0x2000e614   0x000000c0   Zero   RW         1717    .bss                memp.o
    0x2000e6d4   0x000005f0   Zero   RW         1718    .bss                memp.o
    0x2000ecc4   0x0000008c   Zero   RW         1719    .bss                memp.o
    0x2000ed50   0x00000190   Zero   RW         1720    .bss                memp.o
    0x2000eee0   0x000000a0   Zero   RW         1721    .bss                memp.o
    0x2000ef80   0x00000168   Zero   RW         1722    .bss                memp.o
    0x2000f0e8   0x00000020   Zero   RW         1723    .bss                memp.o
    0x2000f108   0x000000b0   Zero   RW         1724    .bss                memp.o
    0x2000f1b8   0x00000080   Zero   RW         1725    .bss                memp.o
    0x2000f238   0x00000080   Zero   RW         1726    .bss                memp.o
    0x2000f2b8   0x000000f0   Zero   RW         1727    .bss                memp.o
    0x2000f3a8   0x000000a0   Zero   RW         1728    .bss                memp.o
    0x2000f448   0x00000640   Zero   RW         1729    .bss                memp.o
    0x2000fa88   0x00002850   Zero   RW         1730    .bss                memp.o
    0x200122d8   0x00000014   Zero   RW         1938    .bss                tcp_in.o
    0x200122ec   0x00000032   Zero   RW         2069    .bss                dhcp.o
    0x2001231e   0x00000002   PAD
    0x20012320   0x00000018   Zero   RW         2133    .bss                ip4.o
    0x20012338   0x00000010   Zero   RW         2156    .bss                ip4_addr.o
    0x20012348   0x000000f0   Zero   RW         2184    .bss                etharp.o
    0x20012438   0x00000078   Zero   RW         2236    .bss                sys_arch.o
    0x200124b0   0x00000400   Zero   RW          736    STACK               startup_stm32f407xx.o


==============================================================================

Image component sizes


      Code (inc. data)   RO Data    RW Data    ZI Data      Debug   Object Name

      1204         50          0          0          0      30787   api_lib.o
      3456         32          0          0          0      21903   api_msg.o
      1804         12          0          0          0      17444   cmsis_os.o
      2184       1008         80          8         64      29025   console.o
       136          4          0          0          0       1292   crc.o
       576          8          0         28        100       5884   croutine.o
       264         36          0          4          0       2466   debug.o
        38          0          0          0          0       1070   def.o
      3892         60          0          8         50      14656   dhcp.o
      1924         36          0         12       1152      11252   dns.o
      2012         24         12          1        240      11788   etharp.o
       636         48         26         12          0       3898   ethernetif.o
         0          0          0          0          0       1472   event_groups.o
      1756        718          0         12          0       4786   ftp.o
       144         10          0          0          0       5278   fw_update.o
       428         10          0         24      30720       3628   heap_4.o
       424          4          0          0          0       2646   icmp.o
       516          0          0          0          0       4836   inet_chksum.o
        38          0          0          0          0      10223   init.o
       804         22          0          2         24       7824   ip4.o
       596         10          8          0         16       8662   ip4_addr.o
      1388         10          0          8          0       6762   ip_frag.o
       196          4          0          0          0       1283   led.o
       136          0          0          0          0       2010   list.o
       184         38        132          0          0     405597   main.o
       708         10          0         16       5140       4222   mem.o
       152          4        373        112      15556       9676   memp.o
       428         66          0          0          0       2197   misc.o
       332          0          0          0          0       3437   netbuf.o
       252         58          0          0         52      14866   netconf.o
       508         10          0         12          0       6941   netif.o
      1704         24          0          1          0      11910   pbuf.o
       622         42          0         12          0       5638   port.o
      2316          4          0          0         64      14791   queue.o
      1600        420         24        995       4160       6363   radio.o
       324         48          0          1          0       5796   radio_comm.o
       140          8          0          0          0       2986   radio_hal.o
      1704         16          0          0         32     215659   si446x_api_lib.o
       200          4          0          0          0       2391   spi.o
        36          8        392          0       1024        836   startup_stm32f407xx.o
      1058         30         84         36          0       8387   stm32f4_discovery.o
      6144        198          0         12      15572      24060   stm32f4x7_eth.o
       484         26          0          4          0       1925   stm32f4x7_eth_bsp.o
      4756        346          0          0          0       9213   stm32f4xx_dma.o
       688         64          0          0          0       2999   stm32f4xx_exti.o
      1592         92          0          0          0       8101   stm32f4xx_flash.o
      2132        128          0          0          0       5741   stm32f4xx_gpio.o
       168         14          0          0          0       2157   stm32f4xx_it.o
      3000        258          0         16          0      13975   stm32f4xx_rcc.o
      5288        104          0          0          0      18144   stm32f4xx_rtc.o
      1492         80          0          0          0       8584   stm32f4xx_sdio.o
      2644        120          0          0          0       8973   stm32f4xx_spi.o
       360         78          0          0          0       1955   stm32f4xx_syscfg.o
      3472        162          0          0          0      10696   stm32f4xx_usart.o
       584         12         20          2        120       9992   sys_arch.o
       404         38          0         20          0       1995   system_stm32f4xx.o
      3380         50          0         56        240      18952   tasks.o
      3196         52        193         32          0      25423   tcp.o
      4472         90          0         32         20      18433   tcp_in.o
      2796          8          0          0          0      10747   tcp_out.o
      1028        380         39          4          0      10692   tcpecho.o
       520         32          0         12          0      12245   tcpip.o
       508        254          0          4          0       2344   time_sync.o
       892         40          0         16         40       6988   timers.o
       540         38          0          8          0       3743   timers_1.o
       212          8          0          8          0       2422   uart.o
      1040          8          0          8          0      13563   udp.o
      1056         36          0         12          0       5777   xprintf.o

    ----------------------------------------------------------------------
     89676       5612       1436       1560      74388    1192407   Object Totals
         0          0         32          0          0          0   (incl. Generated)
         8          0         21         10          2          0   (incl. Padding)

    ----------------------------------------------------------------------

      Code (inc. data)   RO Data    RW Data    ZI Data      Debug   Library Member Name

        86          0          0          0          0          0   __dczerorl2.o
         0          0          0          0          0          0   entry.o
         0          0          0          0          0          0   entry10a.o
         0          0          0          0          0          0   entry11a.o
         8          4          0          0          0          0   entry2.o
         4          0          0          0          0          0   entry5.o
         0          0          0          0          0          0   entry7b.o
         0          0          0          0          0          0   entry8b.o
         8          4          0          0          0          0   entry9a.o
        30          0          0          0          0          0   handlers.o
        36          8          0          0          0         68   init.o
         0          0          0          0          0          0   iusefp.o
        30          0          0          0          0         68   llshl.o
        36          0          0          0          0         68   llsshr.o
        32          0          0          0          0         68   llushr.o
        26          0          0          0          0         80   memcmp.o
        36          0          0          0          0         68   memcpya.o
        36          0          0          0          0        108   memseta.o
      2292         88          0          0          0        592   printfa.o
        36         10          0          4          0        136   rand.o
        14          0          0          0          0         68   strlen.o
        30          0          0          0          0         80   strncmp.o
        44          0          0          0          0         80   uidiv.o
        98          0          0          0          0         92   uldiv.o
        48          0          0          0          0         68   cdrcmple.o
       334          0          0          0          0        148   dadd.o
       222          0          0          0          0        100   ddiv.o
       186          0          0          0          0        176   depilogue.o
        48          0          0          0          0         68   dfixul.o
       228          0          0          0          0         96   dmul.o

    ----------------------------------------------------------------------
      3952        114          0          4          0       2232   Library Totals
         4          0          0          0          0          0   (incl. Padding)

    ----------------------------------------------------------------------

      Code (inc. data)   RO Data    RW Data    ZI Data      Debug   Library Name

      2882        114          0          4          0       1576   mc_w.l
      1066          0          0          0          0        656   mf_w.l

    ----------------------------------------------------------------------
      3952        114          0          4          0       2232   Library Totals

    ----------------------------------------------------------------------

==============================================================================


      Code (inc. data)   RO Data    RW Data    ZI Data      Debug   

     93628       5726       1436       1564      74388    1178479   Grand Totals
     93628       5726       1436        952      74388    1178479   ELF Image Totals (compressed)
     93628       5726       1436        952          0          0   ROM Totals

==============================================================================

    Total RO  Size (Code + RO Data)                95064 (  92.84kB)
    Total RW  Size (RW Data + ZI Data)             75952 (  74.17kB)
    Total ROM Size (Code + RO Data + RW Data)      96016 (  93.77kB)

==============================================================================

